[2026-06-20 08:08:15,803] 117 root - INFO - [Aggregator] AL-CMT initialized — cap_t=0.0714, temperature=2.0, ema_momentum=0.9
[2026-06-20 08:08:17,740] 268 flwr - WARNING - DEPRECATED FEATURE: flwr.simulation.start_simulation() is deprecated.
	Instead, use the `flwr run` CLI command to start a local simulation in your Flower app, as shown for example below:

		$ flwr new  # Create a new Flower app from a template

		$ flwr run  # Run the Flower app in Simulation Mode

	Using `start_simulation()` is deprecated.

            This is a deprecated feature. It will be removed
            entirely in future versions of Flower.
        
[2026-06-20 08:08:17,741] 241 flwr - INFO - Starting Flower simulation, config: num_rounds=3, no round_timeout
[2026-06-20 08:08:25,144] 264 flwr - INFO - Flower VCE: Ray initialized with resources: {'node:127.0.0.1': 1.0, 'GPU': 1.0, 'memory': 5633110426.0, 'accelerator_type:G': 1.0, 'object_store_memory': 2414190182.0, 'node:__internal_head__': 1.0, 'CPU': 6.0}
[2026-06-20 08:08:25,145] 270 flwr - INFO - Optimize your simulation with Flower VCE: https://flower.ai/docs/framework/how-to-run-simulations.html
[2026-06-20 08:08:25,145] 293 flwr - INFO - Flower VCE: Resources for each Virtual Client: {'num_cpus': 1, 'num_gpus': 0.0}
[2026-06-20 08:08:25,160] 339 flwr - INFO - Flower VCE: Creating VirtualClientEngineActorPool with 6 actors
[2026-06-20 08:08:25,161] 91 flwr - INFO - [INIT]
[2026-06-20 08:08:25,161] 272 flwr - INFO - Using initial global parameters provided by strategy
[2026-06-20 08:08:25,161] 93 flwr - INFO - Starting evaluation of initial global parameters
[2026-06-20 08:08:25,161] 105 flwr - INFO - Evaluation returned no results (`None`)
[2026-06-20 08:08:25,163] 111 flwr - INFO - 
[2026-06-20 08:08:25,163] 112 flwr - INFO - [ROUND 1]
[2026-06-20 08:08:25,163] 221 flwr - INFO - configure_fit: strategy sampled 20 clients (out of 50)
[2026-06-20 08:08:51,209] 235 flwr - INFO - aggregate_fit: received 20 results and 0 failures
[2026-06-20 08:08:51,244] 188 root - INFO - [Aggregator] Round 1: 2/20 clients flagged by MAD.
[2026-06-20 08:08:51,244] 201 root - INFO - [Aggregator] Round 1: trust_weights min=0.0288 max=0.0709 zero_count=0
[2026-06-20 08:08:51,253] 175 flwr - INFO - configure_evaluate: strategy sampled 20 clients (out of 50)
[2026-06-20 08:08:52,628] 189 flwr - INFO - aggregate_evaluate: received 20 results and 0 failures
[2026-06-20 08:08:52,629] 111 flwr - INFO - 
[2026-06-20 08:08:52,629] 112 flwr - INFO - [ROUND 2]
[2026-06-20 08:08:52,629] 221 flwr - INFO - configure_fit: strategy sampled 20 clients (out of 50)
[2026-06-20 08:09:24,825] 235 flwr - INFO - aggregate_fit: received 20 results and 0 failures
[2026-06-20 08:09:24,848] 188 root - INFO - [Aggregator] Round 2: 1/20 clients flagged by MAD.
[2026-06-20 08:09:24,848] 201 root - INFO - [Aggregator] Round 2: trust_weights min=0.0223 max=0.0714 zero_count=0
[2026-06-20 08:09:24,859] 175 flwr - INFO - configure_evaluate: strategy sampled 20 clients (out of 50)
[2026-06-20 08:09:25,857] 189 flwr - INFO - aggregate_evaluate: received 20 results and 0 failures
[2026-06-20 08:09:25,858] 111 flwr - INFO - 
[2026-06-20 08:09:25,859] 112 flwr - INFO - [ROUND 3]
[2026-06-20 08:09:25,860] 221 flwr - INFO - configure_fit: strategy sampled 20 clients (out of 50)
[2026-06-20 08:10:09,343] 235 flwr - INFO - aggregate_fit: received 20 results and 0 failures
[2026-06-20 08:10:09,362] 188 root - INFO - [Aggregator] Round 3: 1/20 clients flagged by MAD.
[2026-06-20 08:10:09,363] 201 root - INFO - [Aggregator] Round 3: trust_weights min=0.0221 max=0.0714 zero_count=0
[2026-06-20 08:10:09,369] 175 flwr - INFO - configure_evaluate: strategy sampled 20 clients (out of 50)
[2026-06-20 08:10:09,734] 189 flwr - INFO - aggregate_evaluate: received 20 results and 0 failures
[2026-06-20 08:10:09,737] 491 flwr - INFO - 
[2026-06-20 08:10:09,737] 492 flwr - INFO - [SUMMARY]
[2026-06-20 08:10:09,737] 493 flwr - INFO - Run finished 3 round(s) in 104.57s
[2026-06-20 08:10:09,737] 495 flwr - INFO - 	History (loss, distributed):
[2026-06-20 08:10:09,738] 495 flwr - INFO - 		round 1: 0.30689848670578396
[2026-06-20 08:10:09,738] 495 flwr - INFO - 		round 2: 0.07275670707846284
[2026-06-20 08:10:09,738] 495 flwr - INFO - 		round 3: 0.05926196323665406
[2026-06-20 08:10:09,738] 495 flwr - INFO - 	History (metrics, distributed, fit):
[2026-06-20 08:10:09,738] 495 flwr - INFO - 	{'clients': [(1, 20), (2, 20), (3, 20)],
[2026-06-20 08:10:09,738] 495 flwr - INFO - 	 'flagged': [(1, 2), (2, 1), (3, 1)],
[2026-06-20 08:10:09,739] 495 flwr - INFO - 	 'max_trust': [(1, 0.0708660342731985),
[2026-06-20 08:10:09,739] 495 flwr - INFO - 	               (2, 0.07142857142857142),
[2026-06-20 08:10:09,739] 495 flwr - INFO - 	               (3, 0.07142857142857142)],
[2026-06-20 08:10:09,739] 495 flwr - INFO - 	 'min_trust': [(1, 0.028754176741462707),
[2026-06-20 08:10:09,739] 495 flwr - INFO - 	               (2, 0.022340914161672554),
[2026-06-20 08:10:09,739] 495 flwr - INFO - 	               (3, 0.02213017342580048)],
[2026-06-20 08:10:09,739] 495 flwr - INFO - 	 'round': [(1, 1), (2, 2), (3, 3)]}
[2026-06-20 08:10:09,741] 495 flwr - INFO - 	History (metrics, distributed, evaluate):
[2026-06-20 08:10:09,741] 495 flwr - INFO - 	{'round': [(1, 1), (2, 2), (3, 3)]}
[2026-06-20 08:10:09,741] 496 flwr - INFO - 
