[2026-06-20 08:33:34,774] 117 root - INFO - [Aggregator] AL-CMT initialized — cap_t=0.0714, temperature=2.0, ema_momentum=0.9
[2026-06-20 08:33:36,349] 268 flwr - WARNING - DEPRECATED FEATURE: flwr.simulation.start_simulation() is deprecated.
	Instead, use the `flwr run` CLI command to start a local simulation in your Flower app, as shown for example below:

		$ flwr new  # Create a new Flower app from a template

		$ flwr run  # Run the Flower app in Simulation Mode

	Using `start_simulation()` is deprecated.

            This is a deprecated feature. It will be removed
            entirely in future versions of Flower.
        
[2026-06-20 08:33:36,351] 241 flwr - INFO - Starting Flower simulation, config: num_rounds=3, no round_timeout
[2026-06-20 08:33:43,334] 264 flwr - INFO - Flower VCE: Ray initialized with resources: {'object_store_memory': 2527446220.0, 'GPU': 1.0, 'memory': 5897374516.0, 'node:__internal_head__': 1.0, 'accelerator_type:G': 1.0, 'node:127.0.0.1': 1.0, 'CPU': 6.0}
[2026-06-20 08:33:43,334] 270 flwr - INFO - Optimize your simulation with Flower VCE: https://flower.ai/docs/framework/how-to-run-simulations.html
[2026-06-20 08:33:43,334] 293 flwr - INFO - Flower VCE: Resources for each Virtual Client: {'num_cpus': 1, 'num_gpus': 0.0}
[2026-06-20 08:33:43,351] 339 flwr - INFO - Flower VCE: Creating VirtualClientEngineActorPool with 6 actors
[2026-06-20 08:33:43,351] 91 flwr - INFO - [INIT]
[2026-06-20 08:33:43,351] 272 flwr - INFO - Using initial global parameters provided by strategy
[2026-06-20 08:33:43,351] 93 flwr - INFO - Starting evaluation of initial global parameters
[2026-06-20 08:33:43,351] 105 flwr - INFO - Evaluation returned no results (`None`)
[2026-06-20 08:33:43,352] 111 flwr - INFO - 
[2026-06-20 08:33:43,352] 112 flwr - INFO - [ROUND 1]
[2026-06-20 08:33:43,352] 221 flwr - INFO - configure_fit: strategy sampled 20 clients (out of 50)
[2026-06-20 08:34:05,932] 235 flwr - INFO - aggregate_fit: received 20 results and 0 failures
[2026-06-20 08:34:05,958] 188 root - INFO - [Aggregator] Round 1: 0/20 clients flagged by MAD.
[2026-06-20 08:34:05,958] 201 root - INFO - [Aggregator] Round 1: trust_weights min=0.0331 max=0.0658 zero_count=0
[2026-06-20 08:34:05,965] 175 flwr - INFO - configure_evaluate: strategy sampled 20 clients (out of 50)
[2026-06-20 08:34:06,698] 189 flwr - INFO - aggregate_evaluate: received 20 results and 0 failures
[2026-06-20 08:34:06,698] 111 flwr - INFO - 
[2026-06-20 08:34:06,698] 112 flwr - INFO - [ROUND 2]
[2026-06-20 08:34:06,698] 221 flwr - INFO - configure_fit: strategy sampled 20 clients (out of 50)
[2026-06-20 08:34:18,944] 235 flwr - INFO - aggregate_fit: received 20 results and 0 failures
[2026-06-20 08:34:19,088] 188 root - INFO - [Aggregator] Round 2: 0/20 clients flagged by MAD.
[2026-06-20 08:34:19,088] 201 root - INFO - [Aggregator] Round 2: trust_weights min=0.0308 max=0.0704 zero_count=0
[2026-06-20 08:34:19,094] 175 flwr - INFO - configure_evaluate: strategy sampled 20 clients (out of 50)
[2026-06-20 08:34:20,456] 189 flwr - INFO - aggregate_evaluate: received 20 results and 0 failures
[2026-06-20 08:34:20,456] 111 flwr - INFO - 
[2026-06-20 08:34:20,456] 112 flwr - INFO - [ROUND 3]
[2026-06-20 08:34:20,456] 221 flwr - INFO - configure_fit: strategy sampled 20 clients (out of 50)
[2026-06-20 08:34:58,418] 235 flwr - INFO - aggregate_fit: received 20 results and 0 failures
[2026-06-20 08:34:58,432] 188 root - INFO - [Aggregator] Round 3: 2/20 clients flagged by MAD.
[2026-06-20 08:34:58,432] 201 root - INFO - [Aggregator] Round 3: trust_weights min=0.0216 max=0.0714 zero_count=0
[2026-06-20 08:34:58,440] 175 flwr - INFO - configure_evaluate: strategy sampled 20 clients (out of 50)
[2026-06-20 08:34:59,338] 189 flwr - INFO - aggregate_evaluate: received 20 results and 0 failures
[2026-06-20 08:34:59,339] 491 flwr - INFO - 
[2026-06-20 08:34:59,339] 492 flwr - INFO - [SUMMARY]
[2026-06-20 08:34:59,339] 493 flwr - INFO - Run finished 3 round(s) in 75.99s
[2026-06-20 08:34:59,340] 495 flwr - INFO - 	History (loss, distributed):
[2026-06-20 08:34:59,340] 495 flwr - INFO - 		round 1: 0.11244884521255533
[2026-06-20 08:34:59,341] 495 flwr - INFO - 		round 2: 0.03535788646461212
[2026-06-20 08:34:59,341] 495 flwr - INFO - 		round 3: 0.021992612554730413
[2026-06-20 08:34:59,341] 495 flwr - INFO - 	History (metrics, distributed, fit):
[2026-06-20 08:34:59,341] 495 flwr - INFO - 	{'clients': [(1, 20), (2, 20), (3, 20)],
[2026-06-20 08:34:59,341] 495 flwr - INFO - 	 'flagged': [(1, 0), (2, 0), (3, 2)],
[2026-06-20 08:34:59,341] 495 flwr - INFO - 	 'max_trust': [(1, 0.06582371170150011),
[2026-06-20 08:34:59,341] 495 flwr - INFO - 	               (2, 0.07042532066537294),
[2026-06-20 08:34:59,341] 495 flwr - INFO - 	               (3, 0.07142857142857142)],
[2026-06-20 08:34:59,341] 495 flwr - INFO - 	 'min_trust': [(1, 0.033064898020656125),
[2026-06-20 08:34:59,341] 495 flwr - INFO - 	               (2, 0.030793036894897513),
[2026-06-20 08:34:59,341] 495 flwr - INFO - 	               (3, 0.021580743599818698)],
[2026-06-20 08:34:59,343] 495 flwr - INFO - 	 'round': [(1, 1), (2, 2), (3, 3)]}
[2026-06-20 08:34:59,343] 495 flwr - INFO - 	History (metrics, distributed, evaluate):
[2026-06-20 08:34:59,343] 495 flwr - INFO - 	{'round': [(1, 1), (2, 2), (3, 3)]}
[2026-06-20 08:34:59,343] 496 flwr - INFO - 
