[2026-06-20 11:17:47,983] 117 root - INFO - [Aggregator] AL-CMT initialized — cap_t=0.0714, temperature=2.0, ema_momentum=0.9
[2026-06-20 11:17:50,007] 268 flwr - WARNING - DEPRECATED FEATURE: flwr.simulation.start_simulation() is deprecated.
	Instead, use the `flwr run` CLI command to start a local simulation in your Flower app, as shown for example below:

		$ flwr new  # Create a new Flower app from a template

		$ flwr run  # Run the Flower app in Simulation Mode

	Using `start_simulation()` is deprecated.

            This is a deprecated feature. It will be removed
            entirely in future versions of Flower.
        
[2026-06-20 11:17:50,008] 241 flwr - INFO - Starting Flower simulation, config: num_rounds=3, no round_timeout
[2026-06-20 11:17:59,528] 264 flwr - INFO - Flower VCE: Ray initialized with resources: {'node:127.0.0.1': 1.0, 'GPU': 1.0, 'memory': 6133049754.0, 'accelerator_type:G': 1.0, 'node:__internal_head__': 1.0, 'object_store_memory': 2628449894.0, 'CPU': 6.0}
[2026-06-20 11:17:59,528] 270 flwr - INFO - Optimize your simulation with Flower VCE: https://flower.ai/docs/framework/how-to-run-simulations.html
[2026-06-20 11:17:59,528] 293 flwr - INFO - Flower VCE: Resources for each Virtual Client: {'num_cpus': 1, 'num_gpus': 0.0}
[2026-06-20 11:17:59,547] 339 flwr - INFO - Flower VCE: Creating VirtualClientEngineActorPool with 6 actors
[2026-06-20 11:17:59,548] 91 flwr - INFO - [INIT]
[2026-06-20 11:17:59,549] 272 flwr - INFO - Using initial global parameters provided by strategy
[2026-06-20 11:17:59,549] 93 flwr - INFO - Starting evaluation of initial global parameters
[2026-06-20 11:17:59,549] 105 flwr - INFO - Evaluation returned no results (`None`)
[2026-06-20 11:17:59,549] 111 flwr - INFO - 
[2026-06-20 11:17:59,549] 112 flwr - INFO - [ROUND 1]
[2026-06-20 11:17:59,550] 221 flwr - INFO - configure_fit: strategy sampled 20 clients (out of 50)
[2026-06-20 11:18:43,992] 235 flwr - INFO - aggregate_fit: received 20 results and 0 failures
[2026-06-20 11:18:44,011] 188 root - INFO - [Aggregator] Round 1: 2/20 clients flagged by MAD.
[2026-06-20 11:18:44,012] 201 root - INFO - [Aggregator] Round 1: trust_weights min=0.0271 max=0.0714 zero_count=0
[2026-06-20 11:18:44,020] 175 flwr - INFO - configure_evaluate: strategy sampled 20 clients (out of 50)
[2026-06-20 11:18:44,796] 189 flwr - INFO - aggregate_evaluate: received 20 results and 0 failures
[2026-06-20 11:18:44,796] 111 flwr - INFO - 
[2026-06-20 11:18:44,796] 112 flwr - INFO - [ROUND 2]
[2026-06-20 11:18:44,796] 221 flwr - INFO - configure_fit: strategy sampled 20 clients (out of 50)
[2026-06-20 11:19:15,498] 235 flwr - INFO - aggregate_fit: received 20 results and 0 failures
[2026-06-20 11:19:15,634] 188 root - INFO - [Aggregator] Round 2: 3/20 clients flagged by MAD.
[2026-06-20 11:19:15,635] 201 root - INFO - [Aggregator] Round 2: trust_weights min=0.0287 max=0.0714 zero_count=0
[2026-06-20 11:19:15,641] 175 flwr - INFO - configure_evaluate: strategy sampled 20 clients (out of 50)
[2026-06-20 11:19:16,232] 189 flwr - INFO - aggregate_evaluate: received 20 results and 0 failures
[2026-06-20 11:19:16,232] 111 flwr - INFO - 
[2026-06-20 11:19:16,233] 112 flwr - INFO - [ROUND 3]
[2026-06-20 11:19:16,233] 221 flwr - INFO - configure_fit: strategy sampled 20 clients (out of 50)
[2026-06-20 11:19:40,610] 235 flwr - INFO - aggregate_fit: received 20 results and 0 failures
[2026-06-20 11:19:40,623] 188 root - INFO - [Aggregator] Round 3: 3/20 clients flagged by MAD.
[2026-06-20 11:19:40,623] 201 root - INFO - [Aggregator] Round 3: trust_weights min=0.0172 max=0.0714 zero_count=0
[2026-06-20 11:19:40,632] 175 flwr - INFO - configure_evaluate: strategy sampled 20 clients (out of 50)
[2026-06-20 11:19:41,298] 189 flwr - INFO - aggregate_evaluate: received 20 results and 0 failures
[2026-06-20 11:19:41,300] 491 flwr - INFO - 
[2026-06-20 11:19:41,300] 492 flwr - INFO - [SUMMARY]
[2026-06-20 11:19:41,301] 493 flwr - INFO - Run finished 3 round(s) in 101.75s
[2026-06-20 11:19:41,301] 495 flwr - INFO - 	History (loss, distributed):
[2026-06-20 11:19:41,301] 495 flwr - INFO - 		round 1: 0.12150766155862128
[2026-06-20 11:19:41,302] 495 flwr - INFO - 		round 2: 0.056910599763587574
[2026-06-20 11:19:41,302] 495 flwr - INFO - 		round 3: 0.03416837374984354
[2026-06-20 11:19:41,302] 495 flwr - INFO - 	History (metrics, distributed, fit):
[2026-06-20 11:19:41,302] 495 flwr - INFO - 	{'clients': [(1, 20), (2, 20), (3, 20)],
[2026-06-20 11:19:41,302] 495 flwr - INFO - 	 'flagged': [(1, 2), (2, 3), (3, 3)],
[2026-06-20 11:19:41,302] 495 flwr - INFO - 	 'max_trust': [(1, 0.07138532126232637),
[2026-06-20 11:19:41,302] 495 flwr - INFO - 	               (2, 0.07142857142857142),
[2026-06-20 11:19:41,302] 495 flwr - INFO - 	               (3, 0.07142857142857142)],
[2026-06-20 11:19:41,302] 495 flwr - INFO - 	 'min_trust': [(1, 0.027080146810349457),
[2026-06-20 11:19:41,302] 495 flwr - INFO - 	               (2, 0.028732790796152482),
[2026-06-20 11:19:41,303] 495 flwr - INFO - 	               (3, 0.017201140653066438)],
[2026-06-20 11:19:41,303] 495 flwr - INFO - 	 'round': [(1, 1), (2, 2), (3, 3)]}
[2026-06-20 11:19:41,303] 495 flwr - INFO - 	History (metrics, distributed, evaluate):
[2026-06-20 11:19:41,303] 495 flwr - INFO - 	{'round': [(1, 1), (2, 2), (3, 3)]}
[2026-06-20 11:19:41,303] 496 flwr - INFO - 
