[2026-06-20 08:21:29,037] 268 flwr - WARNING - DEPRECATED FEATURE: flwr.simulation.start_simulation() is deprecated.
	Instead, use the `flwr run` CLI command to start a local simulation in your Flower app, as shown for example below:

		$ flwr new  # Create a new Flower app from a template

		$ flwr run  # Run the Flower app in Simulation Mode

	Using `start_simulation()` is deprecated.

            This is a deprecated feature. It will be removed
            entirely in future versions of Flower.
        
[2026-06-20 08:21:29,038] 241 flwr - INFO - Starting Flower simulation, config: num_rounds=3, no round_timeout
[2026-06-20 08:21:36,711] 264 flwr - INFO - Flower VCE: Ray initialized with resources: {'object_store_memory': 2370162278.0, 'GPU': 1.0, 'memory': 5530378650.0, 'accelerator_type:G': 1.0, 'node:__internal_head__': 1.0, 'node:127.0.0.1': 1.0, 'CPU': 6.0}
[2026-06-20 08:21:36,712] 270 flwr - INFO - Optimize your simulation with Flower VCE: https://flower.ai/docs/framework/how-to-run-simulations.html
[2026-06-20 08:21:36,712] 293 flwr - INFO - Flower VCE: Resources for each Virtual Client: {'num_cpus': 1, 'num_gpus': 0.0}
[2026-06-20 08:21:36,730] 339 flwr - INFO - Flower VCE: Creating VirtualClientEngineActorPool with 6 actors
[2026-06-20 08:21:36,731] 91 flwr - INFO - [INIT]
[2026-06-20 08:21:36,731] 272 flwr - INFO - Using initial global parameters provided by strategy
[2026-06-20 08:21:36,731] 93 flwr - INFO - Starting evaluation of initial global parameters
[2026-06-20 08:21:36,732] 105 flwr - INFO - Evaluation returned no results (`None`)
[2026-06-20 08:21:36,732] 111 flwr - INFO - 
[2026-06-20 08:21:36,732] 112 flwr - INFO - [ROUND 1]
[2026-06-20 08:21:36,733] 221 flwr - INFO - configure_fit: strategy sampled 20 clients (out of 50)
[2026-06-20 08:22:19,680] 235 flwr - INFO - aggregate_fit: received 20 results and 0 failures
[2026-06-20 08:22:19,695] 251 flwr - WARNING - No fit_metrics_aggregation_fn provided
[2026-06-20 08:22:19,696] 175 flwr - INFO - configure_evaluate: strategy sampled 20 clients (out of 50)
[2026-06-20 08:22:20,548] 189 flwr - INFO - aggregate_evaluate: received 20 results and 0 failures
[2026-06-20 08:22:20,548] 111 flwr - INFO - 
[2026-06-20 08:22:20,548] 112 flwr - INFO - [ROUND 2]
[2026-06-20 08:22:20,549] 221 flwr - INFO - configure_fit: strategy sampled 20 clients (out of 50)
[2026-06-20 08:22:53,757] 235 flwr - INFO - aggregate_fit: received 20 results and 0 failures
[2026-06-20 08:22:53,772] 175 flwr - INFO - configure_evaluate: strategy sampled 20 clients (out of 50)
[2026-06-20 08:22:54,425] 189 flwr - INFO - aggregate_evaluate: received 20 results and 0 failures
[2026-06-20 08:22:54,425] 111 flwr - INFO - 
[2026-06-20 08:22:54,425] 112 flwr - INFO - [ROUND 3]
[2026-06-20 08:22:54,425] 221 flwr - INFO - configure_fit: strategy sampled 20 clients (out of 50)
[2026-06-20 08:23:09,325] 235 flwr - INFO - aggregate_fit: received 20 results and 0 failures
[2026-06-20 08:23:09,341] 175 flwr - INFO - configure_evaluate: strategy sampled 20 clients (out of 50)
[2026-06-20 08:23:09,959] 189 flwr - INFO - aggregate_evaluate: received 20 results and 0 failures
[2026-06-20 08:23:09,959] 491 flwr - INFO - 
[2026-06-20 08:23:09,960] 492 flwr - INFO - [SUMMARY]
[2026-06-20 08:23:09,960] 493 flwr - INFO - Run finished 3 round(s) in 93.23s
[2026-06-20 08:23:09,960] 495 flwr - INFO - 	History (loss, distributed):
[2026-06-20 08:23:09,960] 495 flwr - INFO - 		round 1: 0.11964152780487573
[2026-06-20 08:23:09,960] 495 flwr - INFO - 		round 2: 0.07137603156453304
[2026-06-20 08:23:09,961] 495 flwr - INFO - 		round 3: 0.03891623151816666
[2026-06-20 08:23:09,961] 495 flwr - INFO - 	History (metrics, distributed, evaluate):
[2026-06-20 08:23:09,961] 495 flwr - INFO - 	{'val_accuracy': [(1, 0.9717941866334135),
[2026-06-20 08:23:09,961] 495 flwr - INFO - 	                  (2, 0.9770114942528736),
[2026-06-20 08:23:09,961] 495 flwr - INFO - 	                  (3, 0.9891995025638405)]}
[2026-06-20 08:23:09,961] 496 flwr - INFO - 
