[2026-06-20 08:03:46,279] 117 root - INFO - [Aggregator] AL-CMT initialized — cap_t=0.0714, temperature=2.0, ema_momentum=0.9
[2026-06-20 08:03:47,773] 268 flwr - WARNING - DEPRECATED FEATURE: flwr.simulation.start_simulation() is deprecated.
	Instead, use the `flwr run` CLI command to start a local simulation in your Flower app, as shown for example below:

		$ flwr new  # Create a new Flower app from a template

		$ flwr run  # Run the Flower app in Simulation Mode

	Using `start_simulation()` is deprecated.

            This is a deprecated feature. It will be removed
            entirely in future versions of Flower.
        
[2026-06-20 08:03:47,773] 241 flwr - INFO - Starting Flower simulation, config: num_rounds=3, no round_timeout
[2026-06-20 08:03:54,666] 264 flwr - INFO - Flower VCE: Ray initialized with resources: {'object_store_memory': 2438893977.0, 'GPU': 1.0, 'memory': 5690752615.0, 'node:__internal_head__': 1.0, 'node:127.0.0.1': 1.0, 'accelerator_type:G': 1.0, 'CPU': 6.0}
[2026-06-20 08:03:54,666] 270 flwr - INFO - Optimize your simulation with Flower VCE: https://flower.ai/docs/framework/how-to-run-simulations.html
[2026-06-20 08:03:54,666] 293 flwr - INFO - Flower VCE: Resources for each Virtual Client: {'num_cpus': 1, 'num_gpus': 0.0}
[2026-06-20 08:03:54,680] 339 flwr - INFO - Flower VCE: Creating VirtualClientEngineActorPool with 6 actors
[2026-06-20 08:03:54,680] 91 flwr - INFO - [INIT]
[2026-06-20 08:03:54,680] 272 flwr - INFO - Using initial global parameters provided by strategy
[2026-06-20 08:03:54,680] 93 flwr - INFO - Starting evaluation of initial global parameters
[2026-06-20 08:03:54,680] 105 flwr - INFO - Evaluation returned no results (`None`)
[2026-06-20 08:03:54,681] 111 flwr - INFO - 
[2026-06-20 08:03:54,681] 112 flwr - INFO - [ROUND 1]
[2026-06-20 08:03:54,681] 221 flwr - INFO - configure_fit: strategy sampled 20 clients (out of 50)
[2026-06-20 08:04:22,046] 235 flwr - INFO - aggregate_fit: received 20 results and 0 failures
[2026-06-20 08:04:22,068] 188 root - INFO - [Aggregator] Round 1: 3/20 clients flagged by MAD.
[2026-06-20 08:04:22,069] 201 root - INFO - [Aggregator] Round 1: trust_weights min=0.0289 max=0.0714 zero_count=0
[2026-06-20 08:04:22,076] 175 flwr - INFO - configure_evaluate: strategy sampled 20 clients (out of 50)
[2026-06-20 08:04:22,462] 189 flwr - INFO - aggregate_evaluate: received 20 results and 0 failures
[2026-06-20 08:04:22,463] 111 flwr - INFO - 
[2026-06-20 08:04:22,463] 112 flwr - INFO - [ROUND 2]
[2026-06-20 08:04:22,463] 221 flwr - INFO - configure_fit: strategy sampled 20 clients (out of 50)
[2026-06-20 08:04:45,036] 235 flwr - INFO - aggregate_fit: received 20 results and 0 failures
[2026-06-20 08:04:45,056] 188 root - INFO - [Aggregator] Round 2: 0/20 clients flagged by MAD.
[2026-06-20 08:04:45,057] 201 root - INFO - [Aggregator] Round 2: trust_weights min=0.0211 max=0.0714 zero_count=0
[2026-06-20 08:04:45,065] 175 flwr - INFO - configure_evaluate: strategy sampled 20 clients (out of 50)
[2026-06-20 08:04:45,889] 189 flwr - INFO - aggregate_evaluate: received 20 results and 0 failures
[2026-06-20 08:04:45,889] 111 flwr - INFO - 
[2026-06-20 08:04:45,889] 112 flwr - INFO - [ROUND 3]
[2026-06-20 08:04:45,889] 221 flwr - INFO - configure_fit: strategy sampled 20 clients (out of 50)
[2026-06-20 08:05:19,077] 235 flwr - INFO - aggregate_fit: received 20 results and 0 failures
[2026-06-20 08:05:19,097] 188 root - INFO - [Aggregator] Round 3: 3/20 clients flagged by MAD.
[2026-06-20 08:05:19,097] 201 root - INFO - [Aggregator] Round 3: trust_weights min=0.0165 max=0.0714 zero_count=0
[2026-06-20 08:05:19,105] 175 flwr - INFO - configure_evaluate: strategy sampled 20 clients (out of 50)
[2026-06-20 08:05:19,845] 189 flwr - INFO - aggregate_evaluate: received 20 results and 0 failures
[2026-06-20 08:05:19,847] 491 flwr - INFO - 
[2026-06-20 08:05:19,847] 492 flwr - INFO - [SUMMARY]
[2026-06-20 08:05:19,847] 493 flwr - INFO - Run finished 3 round(s) in 85.16s
[2026-06-20 08:05:19,847] 495 flwr - INFO - 	History (loss, distributed):
[2026-06-20 08:05:19,848] 495 flwr - INFO - 		round 1: 0.4923543337205609
[2026-06-20 08:05:19,848] 495 flwr - INFO - 		round 2: 0.07524546472287906
[2026-06-20 08:05:19,848] 495 flwr - INFO - 		round 3: 0.05069318161940581
[2026-06-20 08:05:19,849] 495 flwr - INFO - 	History (metrics, distributed, fit):
[2026-06-20 08:05:19,849] 495 flwr - INFO - 	{'clients': [(1, 20), (2, 20), (3, 20)],
[2026-06-20 08:05:19,849] 495 flwr - INFO - 	 'flagged': [(1, 3), (2, 0), (3, 3)],
[2026-06-20 08:05:19,849] 495 flwr - INFO - 	 'max_trust': [(1, 0.07142857142857142),
[2026-06-20 08:05:19,849] 495 flwr - INFO - 	               (2, 0.07142857142857142),
[2026-06-20 08:05:19,849] 495 flwr - INFO - 	               (3, 0.07142857142857142)],
[2026-06-20 08:05:19,849] 495 flwr - INFO - 	 'min_trust': [(1, 0.02892983198935689),
[2026-06-20 08:05:19,849] 495 flwr - INFO - 	               (2, 0.021128510387473043),
[2026-06-20 08:05:19,849] 495 flwr - INFO - 	               (3, 0.016535862406440224)],
[2026-06-20 08:05:19,850] 495 flwr - INFO - 	 'round': [(1, 1), (2, 2), (3, 3)]}
[2026-06-20 08:05:19,850] 495 flwr - INFO - 	History (metrics, distributed, evaluate):
[2026-06-20 08:05:19,850] 495 flwr - INFO - 	{'round': [(1, 1), (2, 2), (3, 3)]}
[2026-06-20 08:05:19,850] 496 flwr - INFO - 
