[2026-06-20 08:24:28,662] 268 flwr - WARNING - DEPRECATED FEATURE: flwr.simulation.start_simulation() is deprecated.
	Instead, use the `flwr run` CLI command to start a local simulation in your Flower app, as shown for example below:

		$ flwr new  # Create a new Flower app from a template

		$ flwr run  # Run the Flower app in Simulation Mode

	Using `start_simulation()` is deprecated.

            This is a deprecated feature. It will be removed
            entirely in future versions of Flower.
        
[2026-06-20 08:24:28,662] 241 flwr - INFO - Starting Flower simulation, config: num_rounds=3, no round_timeout
[2026-06-20 08:24:36,471] 264 flwr - INFO - Flower VCE: Ray initialized with resources: {'object_store_memory': 2431704268.0, 'GPU': 1.0, 'memory': 5673976628.0, 'accelerator_type:G': 1.0, 'node:127.0.0.1': 1.0, 'node:__internal_head__': 1.0, 'CPU': 6.0}
[2026-06-20 08:24:36,472] 270 flwr - INFO - Optimize your simulation with Flower VCE: https://flower.ai/docs/framework/how-to-run-simulations.html
[2026-06-20 08:24:36,472] 293 flwr - INFO - Flower VCE: Resources for each Virtual Client: {'num_cpus': 1, 'num_gpus': 0.0}
[2026-06-20 08:24:36,486] 339 flwr - INFO - Flower VCE: Creating VirtualClientEngineActorPool with 6 actors
[2026-06-20 08:24:36,487] 91 flwr - INFO - [INIT]
[2026-06-20 08:24:36,487] 272 flwr - INFO - Using initial global parameters provided by strategy
[2026-06-20 08:24:36,487] 93 flwr - INFO - Starting evaluation of initial global parameters
[2026-06-20 08:24:36,487] 105 flwr - INFO - Evaluation returned no results (`None`)
[2026-06-20 08:24:36,487] 111 flwr - INFO - 
[2026-06-20 08:24:36,488] 112 flwr - INFO - [ROUND 1]
[2026-06-20 08:24:36,488] 221 flwr - INFO - configure_fit: strategy sampled 20 clients (out of 50)
[2026-06-20 08:24:59,792] 235 flwr - INFO - aggregate_fit: received 20 results and 0 failures
[2026-06-20 08:24:59,808] 251 flwr - WARNING - No fit_metrics_aggregation_fn provided
[2026-06-20 08:24:59,808] 175 flwr - INFO - configure_evaluate: strategy sampled 20 clients (out of 50)
[2026-06-20 08:25:00,615] 189 flwr - INFO - aggregate_evaluate: received 20 results and 0 failures
[2026-06-20 08:25:00,616] 111 flwr - INFO - 
[2026-06-20 08:25:00,616] 112 flwr - INFO - [ROUND 2]
[2026-06-20 08:25:00,616] 221 flwr - INFO - configure_fit: strategy sampled 20 clients (out of 50)
[2026-06-20 08:25:23,522] 235 flwr - INFO - aggregate_fit: received 20 results and 0 failures
[2026-06-20 08:25:23,537] 175 flwr - INFO - configure_evaluate: strategy sampled 20 clients (out of 50)
[2026-06-20 08:25:24,470] 189 flwr - INFO - aggregate_evaluate: received 20 results and 0 failures
[2026-06-20 08:25:24,470] 111 flwr - INFO - 
[2026-06-20 08:25:24,470] 112 flwr - INFO - [ROUND 3]
[2026-06-20 08:25:24,470] 221 flwr - INFO - configure_fit: strategy sampled 20 clients (out of 50)
[2026-06-20 08:25:43,641] 235 flwr - INFO - aggregate_fit: received 20 results and 0 failures
[2026-06-20 08:25:43,656] 175 flwr - INFO - configure_evaluate: strategy sampled 20 clients (out of 50)
[2026-06-20 08:25:44,398] 189 flwr - INFO - aggregate_evaluate: received 20 results and 0 failures
[2026-06-20 08:25:44,398] 491 flwr - INFO - 
[2026-06-20 08:25:44,399] 492 flwr - INFO - [SUMMARY]
[2026-06-20 08:25:44,399] 493 flwr - INFO - Run finished 3 round(s) in 67.91s
[2026-06-20 08:25:44,399] 495 flwr - INFO - 	History (loss, distributed):
[2026-06-20 08:25:44,399] 495 flwr - INFO - 		round 1: 0.15693016028453272
[2026-06-20 08:25:44,399] 495 flwr - INFO - 		round 2: 0.036926291956909905
[2026-06-20 08:25:44,399] 495 flwr - INFO - 		round 3: 0.03288680808822029
[2026-06-20 08:25:44,399] 495 flwr - INFO - 	History (metrics, distributed, evaluate):
[2026-06-20 08:25:44,400] 495 flwr - INFO - 	{'val_accuracy': [(1, 0.9711853705661755),
[2026-06-20 08:25:44,400] 495 flwr - INFO - 	                  (2, 0.9888809415436635),
[2026-06-20 08:25:44,400] 495 flwr - INFO - 	                  (3, 0.9901952395213851)]}
[2026-06-20 08:25:44,400] 496 flwr - INFO - 
