[2026-06-20 08:16:13,108] 268 flwr - WARNING - DEPRECATED FEATURE: flwr.simulation.start_simulation() is deprecated.
	Instead, use the `flwr run` CLI command to start a local simulation in your Flower app, as shown for example below:

		$ flwr new  # Create a new Flower app from a template

		$ flwr run  # Run the Flower app in Simulation Mode

	Using `start_simulation()` is deprecated.

            This is a deprecated feature. It will be removed
            entirely in future versions of Flower.
        
[2026-06-20 08:16:13,109] 241 flwr - INFO - Starting Flower simulation, config: num_rounds=3, no round_timeout
[2026-06-20 08:16:20,433] 264 flwr - INFO - Flower VCE: Ray initialized with resources: {'node:127.0.0.1': 1.0, 'GPU': 1.0, 'memory': 5697805927.0, 'accelerator_type:G': 1.0, 'object_store_memory': 2441916825.0, 'node:__internal_head__': 1.0, 'CPU': 6.0}
[2026-06-20 08:16:20,434] 270 flwr - INFO - Optimize your simulation with Flower VCE: https://flower.ai/docs/framework/how-to-run-simulations.html
[2026-06-20 08:16:20,434] 293 flwr - INFO - Flower VCE: Resources for each Virtual Client: {'num_cpus': 1, 'num_gpus': 0.0}
[2026-06-20 08:16:20,448] 339 flwr - INFO - Flower VCE: Creating VirtualClientEngineActorPool with 6 actors
[2026-06-20 08:16:20,448] 91 flwr - INFO - [INIT]
[2026-06-20 08:16:20,449] 272 flwr - INFO - Using initial global parameters provided by strategy
[2026-06-20 08:16:20,449] 93 flwr - INFO - Starting evaluation of initial global parameters
[2026-06-20 08:16:20,449] 105 flwr - INFO - Evaluation returned no results (`None`)
[2026-06-20 08:16:20,449] 111 flwr - INFO - 
[2026-06-20 08:16:20,449] 112 flwr - INFO - [ROUND 1]
[2026-06-20 08:16:20,450] 221 flwr - INFO - configure_fit: strategy sampled 20 clients (out of 50)
[2026-06-20 08:16:52,328] 235 flwr - INFO - aggregate_fit: received 20 results and 0 failures
[2026-06-20 08:16:52,352] 251 flwr - WARNING - No fit_metrics_aggregation_fn provided
[2026-06-20 08:16:52,352] 175 flwr - INFO - configure_evaluate: strategy sampled 20 clients (out of 50)
[2026-06-20 08:16:53,629] 189 flwr - INFO - aggregate_evaluate: received 20 results and 0 failures
[2026-06-20 08:16:53,630] 111 flwr - INFO - 
[2026-06-20 08:16:53,630] 112 flwr - INFO - [ROUND 2]
[2026-06-20 08:16:53,630] 221 flwr - INFO - configure_fit: strategy sampled 20 clients (out of 50)
[2026-06-20 08:17:17,562] 235 flwr - INFO - aggregate_fit: received 20 results and 0 failures
[2026-06-20 08:17:17,586] 175 flwr - INFO - configure_evaluate: strategy sampled 20 clients (out of 50)
[2026-06-20 08:17:18,472] 189 flwr - INFO - aggregate_evaluate: received 20 results and 0 failures
[2026-06-20 08:17:18,472] 111 flwr - INFO - 
[2026-06-20 08:17:18,472] 112 flwr - INFO - [ROUND 3]
[2026-06-20 08:17:18,472] 221 flwr - INFO - configure_fit: strategy sampled 20 clients (out of 50)
[2026-06-20 08:18:03,430] 235 flwr - INFO - aggregate_fit: received 20 results and 0 failures
[2026-06-20 08:18:03,454] 175 flwr - INFO - configure_evaluate: strategy sampled 20 clients (out of 50)
[2026-06-20 08:18:04,242] 189 flwr - INFO - aggregate_evaluate: received 20 results and 0 failures
[2026-06-20 08:18:04,242] 491 flwr - INFO - 
[2026-06-20 08:18:04,242] 492 flwr - INFO - [SUMMARY]
[2026-06-20 08:18:04,242] 493 flwr - INFO - Run finished 3 round(s) in 103.79s
[2026-06-20 08:18:04,243] 495 flwr - INFO - 	History (loss, distributed):
[2026-06-20 08:18:04,243] 495 flwr - INFO - 		round 1: 0.19360756906613713
[2026-06-20 08:18:04,243] 495 flwr - INFO - 		round 2: 0.05415161280601022
[2026-06-20 08:18:04,243] 495 flwr - INFO - 		round 3: 0.045245501259592244
[2026-06-20 08:18:04,243] 495 flwr - INFO - 	History (metrics, distributed, evaluate):
[2026-06-20 08:18:04,243] 495 flwr - INFO - 	{'val_accuracy': [(1, 0.9701819802073074),
[2026-06-20 08:18:04,244] 495 flwr - INFO - 	                  (2, 0.9817360908826099),
[2026-06-20 08:18:04,244] 495 flwr - INFO - 	                  (3, 0.9852273141565496)]}
[2026-06-20 08:18:04,244] 496 flwr - INFO - 
