[2026-07-19 15:47:37,728] 255 root - INFO - [Aggregator] AL-CMT initialized — cap_t=0.0714, temperature=2.0, ema_momentum=0.9
[2026-07-19 15:47:39,356] 268 flwr - WARNING - DEPRECATED FEATURE: flwr.simulation.start_simulation() is deprecated.
	Instead, use the `flwr run` CLI command to start a local simulation in your Flower app, as shown for example below:

		$ flwr new  # Create a new Flower app from a template

		$ flwr run  # Run the Flower app in Simulation Mode

	Using `start_simulation()` is deprecated.

            This is a deprecated feature. It will be removed
            entirely in future versions of Flower.
        
[2026-07-19 15:47:39,358] 241 flwr - INFO - Starting Flower simulation, config: num_rounds=5, no round_timeout
[2026-07-19 15:47:46,256] 264 flwr - INFO - Flower VCE: Ray initialized with resources: {'node:127.0.0.1': 1.0, 'GPU': 1.0, 'memory': 6925756007.0, 'node:__internal_head__': 1.0, 'accelerator_type:G': 1.0, 'object_store_memory': 2968181145.0, 'CPU': 6.0}
[2026-07-19 15:47:46,256] 270 flwr - INFO - Optimize your simulation with Flower VCE: https://flower.ai/docs/framework/how-to-run-simulations.html
[2026-07-19 15:47:46,256] 293 flwr - INFO - Flower VCE: Resources for each Virtual Client: {'num_cpus': 1, 'num_gpus': 0.0}
[2026-07-19 15:47:46,271] 339 flwr - INFO - Flower VCE: Creating VirtualClientEngineActorPool with 6 actors
[2026-07-19 15:47:46,271] 91 flwr - INFO - [INIT]
[2026-07-19 15:47:46,271] 272 flwr - INFO - Using initial global parameters provided by strategy
[2026-07-19 15:47:46,271] 93 flwr - INFO - Starting evaluation of initial global parameters
[2026-07-19 15:47:46,271] 105 flwr - INFO - Evaluation returned no results (`None`)
[2026-07-19 15:47:46,271] 111 flwr - INFO - 
[2026-07-19 15:47:46,271] 112 flwr - INFO - [ROUND 1]
[2026-07-19 15:47:46,271] 221 flwr - INFO - configure_fit: strategy sampled 20 clients (out of 20)
[2026-07-19 15:49:37,964] 235 flwr - INFO - aggregate_fit: received 20 results and 0 failures
[2026-07-19 15:49:37,986] 441 root - INFO - [Aggregator] Round 1: 2/20 clients flagged by MAD.
[2026-07-19 15:49:37,986] 487 root - INFO - [Aggregator] Round 1: trust weights min=0.0294, max=0.0678, zero_count=0
[2026-07-19 15:49:37,992] 175 flwr - INFO - configure_evaluate: strategy sampled 20 clients (out of 20)
[2026-07-19 15:49:43,611] 189 flwr - INFO - aggregate_evaluate: received 20 results and 0 failures
[2026-07-19 15:49:43,611] 111 flwr - INFO - 
[2026-07-19 15:49:43,613] 112 flwr - INFO - [ROUND 2]
[2026-07-19 15:49:43,613] 221 flwr - INFO - configure_fit: strategy sampled 20 clients (out of 20)
[2026-07-19 15:51:55,426] 235 flwr - INFO - aggregate_fit: received 20 results and 0 failures
[2026-07-19 15:51:55,449] 441 root - INFO - [Aggregator] Round 2: 2/20 clients flagged by MAD.
[2026-07-19 15:51:55,449] 487 root - INFO - [Aggregator] Round 2: trust weights min=0.0188, max=0.0714, zero_count=0
[2026-07-19 15:51:55,455] 175 flwr - INFO - configure_evaluate: strategy sampled 20 clients (out of 20)
[2026-07-19 15:52:01,857] 189 flwr - INFO - aggregate_evaluate: received 20 results and 0 failures
[2026-07-19 15:52:01,857] 111 flwr - INFO - 
[2026-07-19 15:52:01,857] 112 flwr - INFO - [ROUND 3]
[2026-07-19 15:52:01,857] 221 flwr - INFO - configure_fit: strategy sampled 20 clients (out of 20)
[2026-07-19 15:54:00,624] 235 flwr - INFO - aggregate_fit: received 20 results and 0 failures
[2026-07-19 15:54:00,644] 441 root - INFO - [Aggregator] Round 3: 1/20 clients flagged by MAD.
[2026-07-19 15:54:00,644] 487 root - INFO - [Aggregator] Round 3: trust weights min=0.0161, max=0.0714, zero_count=0
[2026-07-19 15:54:00,649] 175 flwr - INFO - configure_evaluate: strategy sampled 20 clients (out of 20)
[2026-07-19 15:54:05,653] 189 flwr - INFO - aggregate_evaluate: received 20 results and 0 failures
[2026-07-19 15:54:05,653] 111 flwr - INFO - 
[2026-07-19 15:54:05,653] 112 flwr - INFO - [ROUND 4]
[2026-07-19 15:54:05,654] 221 flwr - INFO - configure_fit: strategy sampled 20 clients (out of 20)
[2026-07-19 15:55:51,275] 235 flwr - INFO - aggregate_fit: received 20 results and 0 failures
[2026-07-19 15:55:51,295] 441 root - INFO - [Aggregator] Round 4: 1/20 clients flagged by MAD.
[2026-07-19 15:55:51,295] 487 root - INFO - [Aggregator] Round 4: trust weights min=0.0160, max=0.0714, zero_count=0
[2026-07-19 15:55:51,301] 175 flwr - INFO - configure_evaluate: strategy sampled 20 clients (out of 20)
[2026-07-19 15:55:56,091] 189 flwr - INFO - aggregate_evaluate: received 20 results and 0 failures
[2026-07-19 15:55:56,091] 111 flwr - INFO - 
[2026-07-19 15:55:56,091] 112 flwr - INFO - [ROUND 5]
[2026-07-19 15:55:56,091] 221 flwr - INFO - configure_fit: strategy sampled 20 clients (out of 20)
[2026-07-19 15:57:55,744] 235 flwr - INFO - aggregate_fit: received 20 results and 0 failures
[2026-07-19 15:57:55,764] 441 root - INFO - [Aggregator] Round 5: 1/20 clients flagged by MAD.
[2026-07-19 15:57:55,764] 487 root - INFO - [Aggregator] Round 5: trust weights min=0.0164, max=0.0714, zero_count=0
[2026-07-19 15:57:55,771] 175 flwr - INFO - configure_evaluate: strategy sampled 20 clients (out of 20)
[2026-07-19 15:58:00,833] 189 flwr - INFO - aggregate_evaluate: received 20 results and 0 failures
[2026-07-19 15:58:00,835] 491 flwr - INFO - 
[2026-07-19 15:58:00,835] 492 flwr - INFO - [SUMMARY]
[2026-07-19 15:58:00,835] 493 flwr - INFO - Run finished 5 round(s) in 614.56s
[2026-07-19 15:58:00,835] 495 flwr - INFO - 	History (loss, distributed):
[2026-07-19 15:58:00,836] 495 flwr - INFO - 		round 1: 0.18755762837813203
[2026-07-19 15:58:00,836] 495 flwr - INFO - 		round 2: 0.06445928938527479
[2026-07-19 15:58:00,836] 495 flwr - INFO - 		round 3: 0.05872310966829473
[2026-07-19 15:58:00,836] 495 flwr - INFO - 		round 4: 0.05617615126359821
[2026-07-19 15:58:00,836] 495 flwr - INFO - 		round 5: 0.05524475279140849
[2026-07-19 15:58:00,836] 495 flwr - INFO - 	History (metrics, distributed, fit):
[2026-07-19 15:58:00,836] 495 flwr - INFO - 	{'clients': [(1, 20), (2, 20), (3, 20), (4, 20), (5, 20)],
[2026-07-19 15:58:00,836] 495 flwr - INFO - 	 'flagged': [(1, 2), (2, 2), (3, 1), (4, 1), (5, 1)],
[2026-07-19 15:58:00,836] 495 flwr - INFO - 	 'max_trust': [(1, 0.06782368123788794),
[2026-07-19 15:58:00,836] 495 flwr - INFO - 	               (2, 0.07142857142857142),
[2026-07-19 15:58:00,836] 495 flwr - INFO - 	               (3, 0.07142857142857144),
[2026-07-19 15:58:00,836] 495 flwr - INFO - 	               (4, 0.07142857142857142),
[2026-07-19 15:58:00,836] 495 flwr - INFO - 	               (5, 0.07142857142857142)],
[2026-07-19 15:58:00,836] 495 flwr - INFO - 	 'min_trust': [(1, 0.029401692012570545),
[2026-07-19 15:58:00,836] 495 flwr - INFO - 	               (2, 0.0187952237392581),
[2026-07-19 15:58:00,836] 495 flwr - INFO - 	               (3, 0.016057034813631733),
[2026-07-19 15:58:00,837] 495 flwr - INFO - 	               (4, 0.01603595075635532),
[2026-07-19 15:58:00,837] 495 flwr - INFO - 	               (5, 0.016435228533469813)],
[2026-07-19 15:58:00,837] 495 flwr - INFO - 	 'round': [(1, 1), (2, 2), (3, 3), (4, 4), (5, 5)]}
[2026-07-19 15:58:00,837] 495 flwr - INFO - 	History (metrics, distributed, evaluate):
[2026-07-19 15:58:00,837] 495 flwr - INFO - 	{'macro_f1': [(1, 0.4837038372508828),
[2026-07-19 15:58:00,837] 495 flwr - INFO - 	              (2, 0.6232581804380752),
[2026-07-19 15:58:00,837] 495 flwr - INFO - 	              (3, 0.6853927416381884),
[2026-07-19 15:58:00,837] 495 flwr - INFO - 	              (4, 0.7063511342198172),
[2026-07-19 15:58:00,837] 495 flwr - INFO - 	              (5, 0.6956362639164353)],
[2026-07-19 15:58:00,837] 495 flwr - INFO - 	 'round': [(1, 1), (2, 2), (3, 3), (4, 4), (5, 5)],
[2026-07-19 15:58:00,837] 495 flwr - INFO - 	 'target_class_accuracy': [(1, 0.9992997757288812),
[2026-07-19 15:58:00,837] 495 flwr - INFO - 	                           (2, 0.999130326439073),
[2026-07-19 15:58:00,837] 495 flwr - INFO - 	                           (3, 0.9990393720408672),
[2026-07-19 15:58:00,837] 495 flwr - INFO - 	                           (4, 0.9992785945676551),
[2026-07-19 15:58:00,837] 495 flwr - INFO - 	                           (5, 0.9992798405183154)],
[2026-07-19 15:58:00,837] 495 flwr - INFO - 	 'val_accuracy': [(1, 0.9621068171188026),
[2026-07-19 15:58:00,837] 495 flwr - INFO - 	                  (2, 0.9818567920620073),
[2026-07-19 15:58:00,838] 495 flwr - INFO - 	                  (3, 0.9823318271415208),
[2026-07-19 15:58:00,838] 495 flwr - INFO - 	                  (4, 0.9826794901777361),
[2026-07-19 15:58:00,838] 495 flwr - INFO - 	                  (5, 0.9827118552051316)],
[2026-07-19 15:58:00,838] 495 flwr - INFO - 	 'weighted_f1': [(1, 0.9502379697132527),
[2026-07-19 15:58:00,838] 495 flwr - INFO - 	                 (2, 0.9782529879056002),
[2026-07-19 15:58:00,838] 495 flwr - INFO - 	                 (3, 0.9787968968228103),
[2026-07-19 15:58:00,838] 495 flwr - INFO - 	                 (4, 0.9791387943876733),
[2026-07-19 15:58:00,838] 495 flwr - INFO - 	                 (5, 0.9791806150634105)]}
[2026-07-19 15:58:00,838] 496 flwr - INFO - 
