[2026-07-19 11:03:52,049] 268 flwr - WARNING - DEPRECATED FEATURE: flwr.simulation.start_simulation() is deprecated.
	Instead, use the `flwr run` CLI command to start a local simulation in your Flower app, as shown for example below:

		$ flwr new  # Create a new Flower app from a template

		$ flwr run  # Run the Flower app in Simulation Mode

	Using `start_simulation()` is deprecated.

            This is a deprecated feature. It will be removed
            entirely in future versions of Flower.
        
[2026-07-19 11:03:52,051] 241 flwr - INFO - Starting Flower simulation, config: num_rounds=5, no round_timeout
[2026-07-19 11:03:58,522] 264 flwr - INFO - Flower VCE: Ray initialized with resources: {'node:127.0.0.1': 1.0, 'GPU': 1.0, 'memory': 6681912116.0, 'accelerator_type:G': 1.0, 'node:__internal_head__': 1.0, 'object_store_memory': 2863676620.0, 'CPU': 6.0}
[2026-07-19 11:03:58,522] 270 flwr - INFO - Optimize your simulation with Flower VCE: https://flower.ai/docs/framework/how-to-run-simulations.html
[2026-07-19 11:03:58,522] 293 flwr - INFO - Flower VCE: Resources for each Virtual Client: {'num_cpus': 1, 'num_gpus': 0.0}
[2026-07-19 11:03:58,538] 339 flwr - INFO - Flower VCE: Creating VirtualClientEngineActorPool with 6 actors
[2026-07-19 11:03:58,539] 91 flwr - INFO - [INIT]
[2026-07-19 11:03:58,539] 272 flwr - INFO - Using initial global parameters provided by strategy
[2026-07-19 11:03:58,539] 93 flwr - INFO - Starting evaluation of initial global parameters
[2026-07-19 11:03:58,539] 105 flwr - INFO - Evaluation returned no results (`None`)
[2026-07-19 11:03:58,539] 111 flwr - INFO - 
[2026-07-19 11:03:58,539] 112 flwr - INFO - [ROUND 1]
[2026-07-19 11:03:58,539] 221 flwr - INFO - configure_fit: strategy sampled 20 clients (out of 20)
[2026-07-19 11:05:46,335] 235 flwr - INFO - aggregate_fit: received 20 results and 0 failures
[2026-07-19 11:05:46,351] 251 flwr - WARNING - No fit_metrics_aggregation_fn provided
[2026-07-19 11:05:46,351] 175 flwr - INFO - configure_evaluate: strategy sampled 20 clients (out of 20)
[2026-07-19 11:05:50,713] 189 flwr - INFO - aggregate_evaluate: received 20 results and 0 failures
[2026-07-19 11:05:50,713] 111 flwr - INFO - 
[2026-07-19 11:05:50,713] 112 flwr - INFO - [ROUND 2]
[2026-07-19 11:05:50,713] 221 flwr - INFO - configure_fit: strategy sampled 20 clients (out of 20)
[2026-07-19 11:07:50,276] 235 flwr - INFO - aggregate_fit: received 20 results and 0 failures
[2026-07-19 11:07:50,291] 175 flwr - INFO - configure_evaluate: strategy sampled 20 clients (out of 20)
[2026-07-19 11:07:55,908] 189 flwr - INFO - aggregate_evaluate: received 20 results and 0 failures
[2026-07-19 11:07:55,908] 111 flwr - INFO - 
[2026-07-19 11:07:55,908] 112 flwr - INFO - [ROUND 3]
[2026-07-19 11:07:55,908] 221 flwr - INFO - configure_fit: strategy sampled 20 clients (out of 20)
[2026-07-19 11:09:40,640] 235 flwr - INFO - aggregate_fit: received 20 results and 0 failures
[2026-07-19 11:09:40,654] 175 flwr - INFO - configure_evaluate: strategy sampled 20 clients (out of 20)
[2026-07-19 11:09:45,182] 189 flwr - INFO - aggregate_evaluate: received 20 results and 0 failures
[2026-07-19 11:09:45,182] 111 flwr - INFO - 
[2026-07-19 11:09:45,182] 112 flwr - INFO - [ROUND 4]
[2026-07-19 11:09:45,182] 221 flwr - INFO - configure_fit: strategy sampled 20 clients (out of 20)
[2026-07-19 11:11:56,070] 235 flwr - INFO - aggregate_fit: received 20 results and 0 failures
[2026-07-19 11:11:56,088] 175 flwr - INFO - configure_evaluate: strategy sampled 20 clients (out of 20)
[2026-07-19 11:12:00,422] 189 flwr - INFO - aggregate_evaluate: received 20 results and 0 failures
[2026-07-19 11:12:00,422] 111 flwr - INFO - 
[2026-07-19 11:12:00,422] 112 flwr - INFO - [ROUND 5]
[2026-07-19 11:12:00,422] 221 flwr - INFO - configure_fit: strategy sampled 20 clients (out of 20)
[2026-07-19 11:13:41,158] 235 flwr - INFO - aggregate_fit: received 20 results and 0 failures
[2026-07-19 11:13:41,174] 175 flwr - INFO - configure_evaluate: strategy sampled 20 clients (out of 20)
[2026-07-19 11:13:45,696] 189 flwr - INFO - aggregate_evaluate: received 20 results and 0 failures
[2026-07-19 11:13:45,696] 491 flwr - INFO - 
[2026-07-19 11:13:45,696] 492 flwr - INFO - [SUMMARY]
[2026-07-19 11:13:45,696] 493 flwr - INFO - Run finished 5 round(s) in 587.16s
[2026-07-19 11:13:45,696] 495 flwr - INFO - 	History (loss, distributed):
[2026-07-19 11:13:45,696] 495 flwr - INFO - 		round 1: 0.10800030790394183
[2026-07-19 11:13:45,696] 495 flwr - INFO - 		round 2: 0.09060386875830873
[2026-07-19 11:13:45,696] 495 flwr - INFO - 		round 3: 0.08423284312912745
[2026-07-19 11:13:45,696] 495 flwr - INFO - 		round 4: 0.07942921756892782
[2026-07-19 11:13:45,696] 495 flwr - INFO - 		round 5: 0.07351734016583729
[2026-07-19 11:13:45,698] 495 flwr - INFO - 	History (metrics, distributed, evaluate):
[2026-07-19 11:13:45,698] 495 flwr - INFO - 	{'macro_f1': [(1, 0.5497849959407393),
[2026-07-19 11:13:45,698] 495 flwr - INFO - 	              (2, 0.6619989351112673),
[2026-07-19 11:13:45,698] 495 flwr - INFO - 	              (3, 0.6732351778495644),
[2026-07-19 11:13:45,698] 495 flwr - INFO - 	              (4, 0.7212526063733576),
[2026-07-19 11:13:45,698] 495 flwr - INFO - 	              (5, 0.7233914614567949)],
[2026-07-19 11:13:45,698] 495 flwr - INFO - 	 'target_class_accuracy': [(1, 0.9998492399700972),
[2026-07-19 11:13:45,698] 495 flwr - INFO - 	                           (2, 0.999334662347371),
[2026-07-19 11:13:45,698] 495 flwr - INFO - 	                           (3, 0.999538998255669),
[2026-07-19 11:13:45,698] 495 flwr - INFO - 	                           (4, 0.9996673311736856),
[2026-07-19 11:13:45,698] 495 flwr - INFO - 	                           (5, 0.9997919262397209)],
[2026-07-19 11:13:45,698] 495 flwr - INFO - 	 'val_accuracy': [(1, 0.9783749415341441),
[2026-07-19 11:13:45,698] 495 flwr - INFO - 	                  (2, 0.9824080415608714),
[2026-07-19 11:13:45,698] 495 flwr - INFO - 	                  (3, 0.9827765852599225),
[2026-07-19 11:13:45,698] 495 flwr - INFO - 	                  (4, 0.9830720466390485),
[2026-07-19 11:13:45,698] 495 flwr - INFO - 	                  (5, 0.9831743618869437)],
[2026-07-19 11:13:45,698] 495 flwr - INFO - 	 'weighted_f1': [(1, 0.9735804834846453),
[2026-07-19 11:13:45,698] 495 flwr - INFO - 	                 (2, 0.9787962797596678),
[2026-07-19 11:13:45,698] 495 flwr - INFO - 	                 (3, 0.9791612333511731),
[2026-07-19 11:13:45,698] 495 flwr - INFO - 	                 (4, 0.9795196506442861),
[2026-07-19 11:13:45,698] 495 flwr - INFO - 	                 (5, 0.9796198265430872)]}
[2026-07-19 11:13:45,698] 496 flwr - INFO - 
