[2026-07-15 18:15:05,929] 268 flwr - WARNING - DEPRECATED FEATURE: flwr.simulation.start_simulation() is deprecated.
	Instead, use the `flwr run` CLI command to start a local simulation in your Flower app, as shown for example below:

		$ flwr new  # Create a new Flower app from a template

		$ flwr run  # Run the Flower app in Simulation Mode

	Using `start_simulation()` is deprecated.

            This is a deprecated feature. It will be removed
            entirely in future versions of Flower.
        
[2026-07-15 18:15:05,929] 241 flwr - INFO - Starting Flower simulation, config: num_rounds=3, no round_timeout
[2026-07-15 18:15:16,561] 264 flwr - INFO - Flower VCE: Ray initialized with resources: {'node:127.0.0.1': 1.0, 'GPU': 1.0, 'memory': 5581621248.0, 'accelerator_type:G': 1.0, 'node:__internal_head__': 1.0, 'object_store_memory': 2392123392.0, 'CPU': 6.0}
[2026-07-15 18:15:16,561] 270 flwr - INFO - Optimize your simulation with Flower VCE: https://flower.ai/docs/framework/how-to-run-simulations.html
[2026-07-15 18:15:16,561] 293 flwr - INFO - Flower VCE: Resources for each Virtual Client: {'num_cpus': 1, 'num_gpus': 0.0}
[2026-07-15 18:15:16,601] 339 flwr - INFO - Flower VCE: Creating VirtualClientEngineActorPool with 6 actors
[2026-07-15 18:15:16,601] 91 flwr - INFO - [INIT]
[2026-07-15 18:15:16,612] 272 flwr - INFO - Using initial global parameters provided by strategy
[2026-07-15 18:15:16,616] 93 flwr - INFO - Starting evaluation of initial global parameters
[2026-07-15 18:15:16,668] 105 flwr - INFO - Evaluation returned no results (`None`)
[2026-07-15 18:15:16,680] 111 flwr - INFO - 
[2026-07-15 18:15:16,722] 112 flwr - INFO - [ROUND 1]
[2026-07-15 18:15:16,732] 221 flwr - INFO - configure_fit: strategy sampled 20 clients (out of 50)
[2026-07-15 18:16:07,391] 235 flwr - INFO - aggregate_fit: received 20 results and 0 failures
[2026-07-15 18:16:07,417] 251 flwr - WARNING - No fit_metrics_aggregation_fn provided
[2026-07-15 18:16:07,417] 175 flwr - INFO - configure_evaluate: strategy sampled 20 clients (out of 50)
[2026-07-15 18:16:08,284] 189 flwr - INFO - aggregate_evaluate: received 20 results and 0 failures
[2026-07-15 18:16:08,284] 111 flwr - INFO - 
[2026-07-15 18:16:08,284] 112 flwr - INFO - [ROUND 2]
[2026-07-15 18:16:08,286] 221 flwr - INFO - configure_fit: strategy sampled 20 clients (out of 50)
[2026-07-15 18:16:33,663] 235 flwr - INFO - aggregate_fit: received 20 results and 0 failures
[2026-07-15 18:16:33,688] 175 flwr - INFO - configure_evaluate: strategy sampled 20 clients (out of 50)
[2026-07-15 18:16:34,726] 189 flwr - INFO - aggregate_evaluate: received 20 results and 0 failures
[2026-07-15 18:16:34,727] 111 flwr - INFO - 
[2026-07-15 18:16:34,727] 112 flwr - INFO - [ROUND 3]
[2026-07-15 18:16:34,727] 221 flwr - INFO - configure_fit: strategy sampled 20 clients (out of 50)
[2026-07-15 18:17:11,902] 235 flwr - INFO - aggregate_fit: received 20 results and 0 failures
[2026-07-15 18:17:11,930] 175 flwr - INFO - configure_evaluate: strategy sampled 20 clients (out of 50)
[2026-07-15 18:17:12,922] 189 flwr - INFO - aggregate_evaluate: received 20 results and 0 failures
[2026-07-15 18:17:12,922] 491 flwr - INFO - 
[2026-07-15 18:17:12,922] 492 flwr - INFO - [SUMMARY]
[2026-07-15 18:17:12,922] 493 flwr - INFO - Run finished 3 round(s) in 116.24s
[2026-07-15 18:17:12,922] 495 flwr - INFO - 	History (loss, distributed):
[2026-07-15 18:17:12,925] 495 flwr - INFO - 		round 1: 0.41879233866781745
[2026-07-15 18:17:12,925] 495 flwr - INFO - 		round 2: 0.05499933849236758
[2026-07-15 18:17:12,925] 495 flwr - INFO - 		round 3: 0.06339964634419071
[2026-07-15 18:17:12,925] 495 flwr - INFO - 	History (metrics, distributed, evaluate):
[2026-07-15 18:17:12,925] 495 flwr - INFO - 	{'val_accuracy': [(1, 0.9450166276745458),
[2026-07-15 18:17:12,925] 495 flwr - INFO - 	                  (2, 0.9829270667662047),
[2026-07-15 18:17:12,925] 495 flwr - INFO - 	                  (3, 0.9843907427179356)]}
[2026-07-15 18:17:12,925] 496 flwr - INFO - 
