[2026-07-19 08:09:15,857] 268 flwr - WARNING - DEPRECATED FEATURE: flwr.simulation.start_simulation() is deprecated.
	Instead, use the `flwr run` CLI command to start a local simulation in your Flower app, as shown for example below:

		$ flwr new  # Create a new Flower app from a template

		$ flwr run  # Run the Flower app in Simulation Mode

	Using `start_simulation()` is deprecated.

            This is a deprecated feature. It will be removed
            entirely in future versions of Flower.
        
[2026-07-19 08:09:15,859] 241 flwr - INFO - Starting Flower simulation, config: num_rounds=50, no round_timeout
[2026-07-19 08:09:26,664] 264 flwr - INFO - Flower VCE: Ray initialized with resources: {'node:127.0.0.1': 1.0, 'GPU': 1.0, 'memory': 6486744679.0, 'node:__internal_head__': 1.0, 'object_store_memory': 2780033433.0, 'accelerator_type:G': 1.0, 'CPU': 6.0}
[2026-07-19 08:09:26,664] 270 flwr - INFO - Optimize your simulation with Flower VCE: https://flower.ai/docs/framework/how-to-run-simulations.html
[2026-07-19 08:09:26,664] 293 flwr - INFO - Flower VCE: Resources for each Virtual Client: {'num_cpus': 1, 'num_gpus': 0.0}
[2026-07-19 08:09:26,683] 339 flwr - INFO - Flower VCE: Creating VirtualClientEngineActorPool with 6 actors
[2026-07-19 08:09:26,684] 91 flwr - INFO - [INIT]
[2026-07-19 08:09:26,684] 272 flwr - INFO - Using initial global parameters provided by strategy
[2026-07-19 08:09:26,684] 93 flwr - INFO - Starting evaluation of initial global parameters
[2026-07-19 08:09:26,684] 105 flwr - INFO - Evaluation returned no results (`None`)
[2026-07-19 08:09:26,684] 111 flwr - INFO - 
[2026-07-19 08:09:26,684] 112 flwr - INFO - [ROUND 1]
[2026-07-19 08:09:26,685] 221 flwr - INFO - configure_fit: strategy sampled 20 clients (out of 50)
[2026-07-19 08:11:01,737] 235 flwr - INFO - aggregate_fit: received 20 results and 0 failures
[2026-07-19 08:11:01,760] 251 flwr - WARNING - No fit_metrics_aggregation_fn provided
[2026-07-19 08:11:01,761] 175 flwr - INFO - configure_evaluate: strategy sampled 20 clients (out of 50)
[2026-07-19 08:11:09,108] 189 flwr - INFO - aggregate_evaluate: received 20 results and 0 failures
[2026-07-19 08:11:09,109] 111 flwr - INFO - 
[2026-07-19 08:11:09,109] 112 flwr - INFO - [ROUND 2]
[2026-07-19 08:11:09,109] 221 flwr - INFO - configure_fit: strategy sampled 20 clients (out of 50)
