[2026-07-19 08:34:53,068] 117 root - INFO - [Aggregator] AL-CMT initialized — cap_t=0.0714, temperature=2.0, ema_momentum=0.9
[2026-07-19 08:34:54,765] 268 flwr - WARNING - DEPRECATED FEATURE: flwr.simulation.start_simulation() is deprecated.
	Instead, use the `flwr run` CLI command to start a local simulation in your Flower app, as shown for example below:

		$ flwr new  # Create a new Flower app from a template

		$ flwr run  # Run the Flower app in Simulation Mode

	Using `start_simulation()` is deprecated.

            This is a deprecated feature. It will be removed
            entirely in future versions of Flower.
        
[2026-07-19 08:34:54,765] 241 flwr - INFO - Starting Flower simulation, config: num_rounds=5, no round_timeout
[2026-07-19 08:35:02,010] 264 flwr - INFO - Flower VCE: Ray initialized with resources: {'node:127.0.0.1': 1.0, 'GPU': 1.0, 'memory': 6132642612.0, 'node:__internal_head__': 1.0, 'accelerator_type:G': 1.0, 'object_store_memory': 2628275404.0, 'CPU': 6.0}
[2026-07-19 08:35:02,010] 270 flwr - INFO - Optimize your simulation with Flower VCE: https://flower.ai/docs/framework/how-to-run-simulations.html
[2026-07-19 08:35:02,010] 293 flwr - INFO - Flower VCE: Resources for each Virtual Client: {'num_cpus': 1, 'num_gpus': 0.0}
[2026-07-19 08:35:02,024] 339 flwr - INFO - Flower VCE: Creating VirtualClientEngineActorPool with 6 actors
[2026-07-19 08:35:02,024] 91 flwr - INFO - [INIT]
[2026-07-19 08:35:02,024] 272 flwr - INFO - Using initial global parameters provided by strategy
[2026-07-19 08:35:02,024] 93 flwr - INFO - Starting evaluation of initial global parameters
[2026-07-19 08:35:02,024] 105 flwr - INFO - Evaluation returned no results (`None`)
[2026-07-19 08:35:02,024] 111 flwr - INFO - 
[2026-07-19 08:35:02,024] 112 flwr - INFO - [ROUND 1]
[2026-07-19 08:35:02,026] 221 flwr - INFO - configure_fit: strategy sampled 20 clients (out of 20)
[2026-07-19 08:37:04,268] 235 flwr - INFO - aggregate_fit: received 20 results and 0 failures
[2026-07-19 08:37:04,293] 188 root - INFO - [Aggregator] Round 1: 0/20 clients flagged by MAD.
[2026-07-19 08:37:04,294] 201 root - INFO - [Aggregator] Round 1: trust_weights min=0.0288 max=0.0637 zero_count=0
[2026-07-19 08:37:04,300] 175 flwr - INFO - configure_evaluate: strategy sampled 20 clients (out of 20)
[2026-07-19 08:37:08,813] 189 flwr - INFO - aggregate_evaluate: received 20 results and 0 failures
[2026-07-19 08:37:08,813] 111 flwr - INFO - 
[2026-07-19 08:37:08,813] 112 flwr - INFO - [ROUND 2]
[2026-07-19 08:37:08,813] 221 flwr - INFO - configure_fit: strategy sampled 20 clients (out of 20)
[2026-07-19 08:39:03,077] 235 flwr - INFO - aggregate_fit: received 20 results and 0 failures
[2026-07-19 08:39:03,099] 188 root - INFO - [Aggregator] Round 2: 1/20 clients flagged by MAD.
[2026-07-19 08:39:03,099] 201 root - INFO - [Aggregator] Round 2: trust_weights min=0.0197 max=0.0714 zero_count=0
[2026-07-19 08:39:03,105] 175 flwr - INFO - configure_evaluate: strategy sampled 20 clients (out of 20)
[2026-07-19 08:39:08,676] 189 flwr - INFO - aggregate_evaluate: received 20 results and 0 failures
[2026-07-19 08:39:08,676] 111 flwr - INFO - 
[2026-07-19 08:39:08,676] 112 flwr - INFO - [ROUND 3]
[2026-07-19 08:39:08,676] 221 flwr - INFO - configure_fit: strategy sampled 20 clients (out of 20)
[2026-07-19 08:40:55,143] 235 flwr - INFO - aggregate_fit: received 20 results and 0 failures
[2026-07-19 08:40:55,163] 188 root - INFO - [Aggregator] Round 3: 1/20 clients flagged by MAD.
[2026-07-19 08:40:55,164] 201 root - INFO - [Aggregator] Round 3: trust_weights min=0.0158 max=0.0714 zero_count=0
[2026-07-19 08:40:55,169] 175 flwr - INFO - configure_evaluate: strategy sampled 20 clients (out of 20)
[2026-07-19 08:40:59,870] 189 flwr - INFO - aggregate_evaluate: received 20 results and 0 failures
[2026-07-19 08:40:59,870] 111 flwr - INFO - 
[2026-07-19 08:40:59,870] 112 flwr - INFO - [ROUND 4]
[2026-07-19 08:40:59,870] 221 flwr - INFO - configure_fit: strategy sampled 20 clients (out of 20)
[2026-07-19 08:42:51,755] 235 flwr - INFO - aggregate_fit: received 20 results and 0 failures
[2026-07-19 08:42:51,775] 188 root - INFO - [Aggregator] Round 4: 1/20 clients flagged by MAD.
[2026-07-19 08:42:51,775] 201 root - INFO - [Aggregator] Round 4: trust_weights min=0.0147 max=0.0714 zero_count=0
[2026-07-19 08:42:51,782] 175 flwr - INFO - configure_evaluate: strategy sampled 20 clients (out of 20)
[2026-07-19 08:42:57,653] 189 flwr - INFO - aggregate_evaluate: received 20 results and 0 failures
[2026-07-19 08:42:57,653] 111 flwr - INFO - 
[2026-07-19 08:42:57,653] 112 flwr - INFO - [ROUND 5]
[2026-07-19 08:42:57,653] 221 flwr - INFO - configure_fit: strategy sampled 20 clients (out of 20)
[2026-07-19 08:45:11,947] 235 flwr - INFO - aggregate_fit: received 20 results and 0 failures
[2026-07-19 08:45:11,965] 188 root - INFO - [Aggregator] Round 5: 1/20 clients flagged by MAD.
[2026-07-19 08:45:11,967] 201 root - INFO - [Aggregator] Round 5: trust_weights min=0.0150 max=0.0714 zero_count=0
[2026-07-19 08:45:11,972] 175 flwr - INFO - configure_evaluate: strategy sampled 20 clients (out of 20)
[2026-07-19 08:45:17,055] 189 flwr - INFO - aggregate_evaluate: received 20 results and 0 failures
[2026-07-19 08:45:17,057] 491 flwr - INFO - 
[2026-07-19 08:45:17,057] 492 flwr - INFO - [SUMMARY]
[2026-07-19 08:45:17,057] 493 flwr - INFO - Run finished 5 round(s) in 615.03s
[2026-07-19 08:45:17,059] 495 flwr - INFO - 	History (loss, distributed):
[2026-07-19 08:45:17,059] 495 flwr - INFO - 		round 1: 0.1821370538921036
[2026-07-19 08:45:17,059] 495 flwr - INFO - 		round 2: 0.0656148775790451
[2026-07-19 08:45:17,059] 495 flwr - INFO - 		round 3: 0.0586402965099779
[2026-07-19 08:45:17,059] 495 flwr - INFO - 		round 4: 0.057233469155082706
[2026-07-19 08:45:17,059] 495 flwr - INFO - 		round 5: 0.05601173335765692
[2026-07-19 08:45:17,059] 495 flwr - INFO - 	History (metrics, distributed, fit):
[2026-07-19 08:45:17,059] 495 flwr - INFO - 	{'clients': [(1, 20), (2, 20), (3, 20), (4, 20), (5, 20)],
[2026-07-19 08:45:17,059] 495 flwr - INFO - 	 'flagged': [(1, 0), (2, 1), (3, 1), (4, 1), (5, 1)],
[2026-07-19 08:45:17,059] 495 flwr - INFO - 	 'max_trust': [(1, 0.0636604948668929),
[2026-07-19 08:45:17,059] 495 flwr - INFO - 	               (2, 0.07142857142857142),
[2026-07-19 08:45:17,059] 495 flwr - INFO - 	               (3, 0.07142857142857142),
[2026-07-19 08:45:17,059] 495 flwr - INFO - 	               (4, 0.07142857142857144),
[2026-07-19 08:45:17,059] 495 flwr - INFO - 	               (5, 0.07142857142857142)],
[2026-07-19 08:45:17,059] 495 flwr - INFO - 	 'min_trust': [(1, 0.028848034170865705),
[2026-07-19 08:45:17,059] 495 flwr - INFO - 	               (2, 0.019698761366596866),
[2026-07-19 08:45:17,059] 495 flwr - INFO - 	               (3, 0.015797118316286444),
[2026-07-19 08:45:17,059] 495 flwr - INFO - 	               (4, 0.014718776577750657),
[2026-07-19 08:45:17,059] 495 flwr - INFO - 	               (5, 0.014964897621178662)],
[2026-07-19 08:45:17,059] 495 flwr - INFO - 	 'round': [(1, 1), (2, 2), (3, 3), (4, 4), (5, 5)]}
[2026-07-19 08:45:17,059] 495 flwr - INFO - 	History (metrics, distributed, evaluate):
[2026-07-19 08:45:17,059] 495 flwr - INFO - 	{'round': [(1, 1), (2, 2), (3, 3), (4, 4), (5, 5)]}
[2026-07-19 08:45:17,059] 496 flwr - INFO - 
