[2026-07-19 13:23:18,090] 117 root - INFO - [Aggregator] AL-CMT initialized — cap_t=0.0714, temperature=2.0, ema_momentum=0.9
[2026-07-19 13:23:19,711] 268 flwr - WARNING - DEPRECATED FEATURE: flwr.simulation.start_simulation() is deprecated.
	Instead, use the `flwr run` CLI command to start a local simulation in your Flower app, as shown for example below:

		$ flwr new  # Create a new Flower app from a template

		$ flwr run  # Run the Flower app in Simulation Mode

	Using `start_simulation()` is deprecated.

            This is a deprecated feature. It will be removed
            entirely in future versions of Flower.
        
[2026-07-19 13:23:19,713] 241 flwr - INFO - Starting Flower simulation, config: num_rounds=5, no round_timeout
[2026-07-19 13:23:26,639] 264 flwr - INFO - Flower VCE: Ray initialized with resources: {'node:127.0.0.1': 1.0, 'GPU': 1.0, 'memory': 6718463181.0, 'node:__internal_head__': 1.0, 'accelerator_type:G': 1.0, 'object_store_memory': 2879341363.0, 'CPU': 6.0}
[2026-07-19 13:23:26,639] 270 flwr - INFO - Optimize your simulation with Flower VCE: https://flower.ai/docs/framework/how-to-run-simulations.html
[2026-07-19 13:23:26,639] 293 flwr - INFO - Flower VCE: Resources for each Virtual Client: {'num_cpus': 1, 'num_gpus': 0.0}
[2026-07-19 13:23:26,652] 339 flwr - INFO - Flower VCE: Creating VirtualClientEngineActorPool with 6 actors
[2026-07-19 13:23:26,652] 91 flwr - INFO - [INIT]
[2026-07-19 13:23:26,652] 272 flwr - INFO - Using initial global parameters provided by strategy
[2026-07-19 13:23:26,652] 93 flwr - INFO - Starting evaluation of initial global parameters
[2026-07-19 13:23:26,652] 105 flwr - INFO - Evaluation returned no results (`None`)
[2026-07-19 13:23:26,652] 111 flwr - INFO - 
[2026-07-19 13:23:26,652] 112 flwr - INFO - [ROUND 1]
[2026-07-19 13:23:26,652] 221 flwr - INFO - configure_fit: strategy sampled 20 clients (out of 20)
[2026-07-19 13:25:25,159] 235 flwr - INFO - aggregate_fit: received 20 results and 0 failures
[2026-07-19 13:25:25,181] 188 root - INFO - [Aggregator] Round 1: 1/20 clients flagged by MAD.
[2026-07-19 13:25:25,181] 201 root - INFO - [Aggregator] Round 1: trust_weights min=0.0292 max=0.0668 zero_count=0
[2026-07-19 13:25:25,186] 175 flwr - INFO - configure_evaluate: strategy sampled 20 clients (out of 20)
[2026-07-19 13:25:29,963] 189 flwr - INFO - aggregate_evaluate: received 20 results and 0 failures
[2026-07-19 13:25:29,963] 111 flwr - INFO - 
[2026-07-19 13:25:29,963] 112 flwr - INFO - [ROUND 2]
[2026-07-19 13:25:29,963] 221 flwr - INFO - configure_fit: strategy sampled 20 clients (out of 20)
[2026-07-19 13:27:36,434] 235 flwr - INFO - aggregate_fit: received 20 results and 0 failures
[2026-07-19 13:27:36,454] 188 root - INFO - [Aggregator] Round 2: 1/20 clients flagged by MAD.
[2026-07-19 13:27:36,455] 201 root - INFO - [Aggregator] Round 2: trust_weights min=0.0199 max=0.0714 zero_count=0
[2026-07-19 13:27:36,460] 175 flwr - INFO - configure_evaluate: strategy sampled 20 clients (out of 20)
[2026-07-19 13:27:41,903] 189 flwr - INFO - aggregate_evaluate: received 20 results and 0 failures
[2026-07-19 13:27:41,903] 111 flwr - INFO - 
[2026-07-19 13:27:41,903] 112 flwr - INFO - [ROUND 3]
[2026-07-19 13:27:41,903] 221 flwr - INFO - configure_fit: strategy sampled 20 clients (out of 20)
[2026-07-19 13:29:47,286] 235 flwr - INFO - aggregate_fit: received 20 results and 0 failures
[2026-07-19 13:29:47,306] 188 root - INFO - [Aggregator] Round 3: 1/20 clients flagged by MAD.
[2026-07-19 13:29:47,306] 201 root - INFO - [Aggregator] Round 3: trust_weights min=0.0161 max=0.0714 zero_count=0
[2026-07-19 13:29:47,312] 175 flwr - INFO - configure_evaluate: strategy sampled 20 clients (out of 20)
[2026-07-19 13:29:51,776] 189 flwr - INFO - aggregate_evaluate: received 20 results and 0 failures
[2026-07-19 13:29:51,776] 111 flwr - INFO - 
[2026-07-19 13:29:51,776] 112 flwr - INFO - [ROUND 4]
[2026-07-19 13:29:51,776] 221 flwr - INFO - configure_fit: strategy sampled 20 clients (out of 20)
[2026-07-19 13:31:53,281] 235 flwr - INFO - aggregate_fit: received 20 results and 0 failures
[2026-07-19 13:31:53,301] 188 root - INFO - [Aggregator] Round 4: 1/20 clients flagged by MAD.
[2026-07-19 13:31:53,301] 201 root - INFO - [Aggregator] Round 4: trust_weights min=0.0150 max=0.0714 zero_count=0
[2026-07-19 13:31:53,307] 175 flwr - INFO - configure_evaluate: strategy sampled 20 clients (out of 20)
[2026-07-19 13:31:57,915] 189 flwr - INFO - aggregate_evaluate: received 20 results and 0 failures
[2026-07-19 13:31:57,915] 111 flwr - INFO - 
[2026-07-19 13:31:57,915] 112 flwr - INFO - [ROUND 5]
[2026-07-19 13:31:57,915] 221 flwr - INFO - configure_fit: strategy sampled 20 clients (out of 20)
[2026-07-19 13:33:55,835] 235 flwr - INFO - aggregate_fit: received 20 results and 0 failures
[2026-07-19 13:33:55,854] 188 root - INFO - [Aggregator] Round 5: 1/20 clients flagged by MAD.
[2026-07-19 13:33:55,855] 201 root - INFO - [Aggregator] Round 5: trust_weights min=0.0151 max=0.0714 zero_count=0
[2026-07-19 13:33:55,860] 175 flwr - INFO - configure_evaluate: strategy sampled 20 clients (out of 20)
[2026-07-19 13:34:00,213] 189 flwr - INFO - aggregate_evaluate: received 20 results and 0 failures
[2026-07-19 13:34:00,215] 491 flwr - INFO - 
[2026-07-19 13:34:00,215] 492 flwr - INFO - [SUMMARY]
[2026-07-19 13:34:00,215] 493 flwr - INFO - Run finished 5 round(s) in 633.56s
[2026-07-19 13:34:00,215] 495 flwr - INFO - 	History (loss, distributed):
[2026-07-19 13:34:00,215] 495 flwr - INFO - 		round 1: 0.14023556437566576
[2026-07-19 13:34:00,215] 495 flwr - INFO - 		round 2: 0.06234076022439221
[2026-07-19 13:34:00,215] 495 flwr - INFO - 		round 3: 0.057722335016181195
[2026-07-19 13:34:00,215] 495 flwr - INFO - 		round 4: 0.05600495881424229
[2026-07-19 13:34:00,215] 495 flwr - INFO - 		round 5: 0.05703541011927093
[2026-07-19 13:34:00,215] 495 flwr - INFO - 	History (metrics, distributed, fit):
[2026-07-19 13:34:00,215] 495 flwr - INFO - 	{'clients': [(1, 20), (2, 20), (3, 20), (4, 20), (5, 20)],
[2026-07-19 13:34:00,215] 495 flwr - INFO - 	 'flagged': [(1, 1), (2, 1), (3, 1), (4, 1), (5, 1)],
[2026-07-19 13:34:00,215] 495 flwr - INFO - 	 'max_trust': [(1, 0.06678385898978575),
[2026-07-19 13:34:00,215] 495 flwr - INFO - 	               (2, 0.07142857142857142),
[2026-07-19 13:34:00,215] 495 flwr - INFO - 	               (3, 0.07142857142857142),
[2026-07-19 13:34:00,217] 495 flwr - INFO - 	               (4, 0.07142857142857142),
[2026-07-19 13:34:00,217] 495 flwr - INFO - 	               (5, 0.07142857142857142)],
[2026-07-19 13:34:00,217] 495 flwr - INFO - 	 'min_trust': [(1, 0.02915450753372448),
[2026-07-19 13:34:00,217] 495 flwr - INFO - 	               (2, 0.0198528558424606),
[2026-07-19 13:34:00,217] 495 flwr - INFO - 	               (3, 0.01605171535742101),
[2026-07-19 13:34:00,217] 495 flwr - INFO - 	               (4, 0.015036854661136037),
[2026-07-19 13:34:00,217] 495 flwr - INFO - 	               (5, 0.015098369114335937)],
[2026-07-19 13:34:00,217] 495 flwr - INFO - 	 'round': [(1, 1), (2, 2), (3, 3), (4, 4), (5, 5)]}
[2026-07-19 13:34:00,217] 495 flwr - INFO - 	History (metrics, distributed, evaluate):
[2026-07-19 13:34:00,217] 495 flwr - INFO - 	{'round': [(1, 1), (2, 2), (3, 3), (4, 4), (5, 5)]}
[2026-07-19 13:34:00,217] 496 flwr - INFO - 
