[2026-07-17 22:14:17,790] 17 root - INFO - Data pipeline started (CSE-CIC-IDS2018)
[2026-07-17 22:14:17,792] 27 root - INFO - IDS2018 CSVs not found locally — downloading via kagglehub (dataset: solarmainframe/ids-intrusion-csv) …
[2026-07-17 22:14:17,792] 31 root - INFO - NOTE: First download is ~1.6 GB. Subsequent runs use the kagglehub cache.
[2026-07-17 22:14:19,610] 39 root - INFO - kagglehub download complete. Files at: C:\Users\rauna\.cache\kagglehub\datasets\solarmainframe\ids-intrusion-csv\versions\1
[2026-07-17 22:14:19,611] 80 root - INFO - Loading 10 CSV file(s) from C:\Users\rauna\.cache\kagglehub\datasets\solarmainframe\ids-intrusion-csv\versions\1 …
[2026-07-17 22:14:19,611] 86 root - INFO -   Reading 02-14-2018.csv …
[2026-07-17 22:14:28,749] 86 root - INFO -   Reading 02-15-2018.csv …
[2026-07-17 22:14:38,343] 86 root - INFO -   Reading 02-16-2018.csv …
[2026-07-17 22:15:32,278] 86 root - INFO -   Reading 02-20-2018.csv …
[2026-07-17 22:19:35,778] 86 root - INFO -   Reading 02-21-2018.csv …
[2026-07-17 22:19:44,609] 86 root - INFO -   Reading 02-22-2018.csv …
[2026-07-17 22:19:54,649] 86 root - INFO -   Reading 02-23-2018.csv …
[2026-07-17 22:20:05,063] 86 root - INFO -   Reading 02-28-2018.csv …
[2026-07-17 22:20:33,902] 86 root - INFO -   Reading 03-01-2018.csv …
[2026-07-17 22:20:49,204] 86 root - INFO -   Reading 03-02-2018.csv …
[2026-07-17 22:21:37,587] 113 root - INFO - CSE-CIC-IDS2018 loaded: 16,233,002 rows, 84 columns
[2026-07-17 22:22:48,395] 24 root - INFO - Raw parquet saved \u2192 C:\Users\rauna\Videos\FL IDS\artifacts\raw\cicids2018_raw.parquet
[2026-07-17 22:22:48,403] 59 root - INFO - Starting preprocessing
[2026-07-17 22:33:16,714] 76 root - INFO - Preprocessing done: 16232943 rows, 44 features, 15 classes
[2026-07-17 22:33:58,207] 65 root - INFO - Non-IID partitioning done: 50 clients, alpha=0.5
[2026-07-17 22:35:07,180] 93 root - INFO - Saved 50 train/val partitions to C:\Users\rauna\Videos\FL IDS\artifacts\data
[2026-07-17 22:35:07,290] 45 root - INFO - Data pipeline completed
