[2026-07-19 08:56:07,498] 117 root - INFO - [Aggregator] AL-CMT initialized — cap_t=0.0714, temperature=2.0, ema_momentum=0.9
[2026-07-19 08:56:09,155] 268 flwr - WARNING - DEPRECATED FEATURE: flwr.simulation.start_simulation() is deprecated.
	Instead, use the `flwr run` CLI command to start a local simulation in your Flower app, as shown for example below:

		$ flwr new  # Create a new Flower app from a template

		$ flwr run  # Run the Flower app in Simulation Mode

	Using `start_simulation()` is deprecated.

            This is a deprecated feature. It will be removed
            entirely in future versions of Flower.
        
[2026-07-19 08:56:09,157] 241 flwr - INFO - Starting Flower simulation, config: num_rounds=5, no round_timeout
[2026-07-19 08:56:15,789] 264 flwr - INFO - Flower VCE: Ray initialized with resources: {'node:127.0.0.1': 1.0, 'GPU': 1.0, 'memory': 7003683636.0, 'accelerator_type:G': 1.0, 'object_store_memory': 3001578700.0, 'node:__internal_head__': 1.0, 'CPU': 6.0}
[2026-07-19 08:56:15,789] 270 flwr - INFO - Optimize your simulation with Flower VCE: https://flower.ai/docs/framework/how-to-run-simulations.html
[2026-07-19 08:56:15,789] 293 flwr - INFO - Flower VCE: Resources for each Virtual Client: {'num_cpus': 1, 'num_gpus': 0.0}
[2026-07-19 08:56:15,804] 339 flwr - INFO - Flower VCE: Creating VirtualClientEngineActorPool with 6 actors
[2026-07-19 08:56:15,804] 91 flwr - INFO - [INIT]
[2026-07-19 08:56:15,804] 272 flwr - INFO - Using initial global parameters provided by strategy
[2026-07-19 08:56:15,804] 93 flwr - INFO - Starting evaluation of initial global parameters
[2026-07-19 08:56:15,804] 105 flwr - INFO - Evaluation returned no results (`None`)
[2026-07-19 08:56:15,805] 111 flwr - INFO - 
[2026-07-19 08:56:15,805] 112 flwr - INFO - [ROUND 1]
[2026-07-19 08:56:15,805] 221 flwr - INFO - configure_fit: strategy sampled 20 clients (out of 20)
[2026-07-19 08:58:10,606] 235 flwr - INFO - aggregate_fit: received 20 results and 0 failures
[2026-07-19 08:58:10,626] 188 root - INFO - [Aggregator] Round 1: 2/20 clients flagged by MAD.
[2026-07-19 08:58:10,628] 201 root - INFO - [Aggregator] Round 1: trust_weights min=0.0290 max=0.0669 zero_count=0
[2026-07-19 08:58:10,634] 175 flwr - INFO - configure_evaluate: strategy sampled 20 clients (out of 20)
[2026-07-19 08:58:15,882] 189 flwr - INFO - aggregate_evaluate: received 20 results and 0 failures
[2026-07-19 08:58:15,882] 111 flwr - INFO - 
[2026-07-19 08:58:15,882] 112 flwr - INFO - [ROUND 2]
[2026-07-19 08:58:15,882] 221 flwr - INFO - configure_fit: strategy sampled 20 clients (out of 20)
[2026-07-19 09:00:01,215] 235 flwr - INFO - aggregate_fit: received 20 results and 0 failures
[2026-07-19 09:00:01,235] 188 root - INFO - [Aggregator] Round 2: 1/20 clients flagged by MAD.
[2026-07-19 09:00:01,237] 201 root - INFO - [Aggregator] Round 2: trust_weights min=0.0199 max=0.0714 zero_count=0
[2026-07-19 09:00:01,242] 175 flwr - INFO - configure_evaluate: strategy sampled 20 clients (out of 20)
[2026-07-19 09:00:05,750] 189 flwr - INFO - aggregate_evaluate: received 20 results and 0 failures
[2026-07-19 09:00:05,750] 111 flwr - INFO - 
[2026-07-19 09:00:05,750] 112 flwr - INFO - [ROUND 3]
[2026-07-19 09:00:05,750] 221 flwr - INFO - configure_fit: strategy sampled 20 clients (out of 20)
[2026-07-19 09:01:54,605] 235 flwr - INFO - aggregate_fit: received 20 results and 0 failures
[2026-07-19 09:01:54,626] 188 root - INFO - [Aggregator] Round 3: 1/20 clients flagged by MAD.
[2026-07-19 09:01:54,626] 201 root - INFO - [Aggregator] Round 3: trust_weights min=0.0175 max=0.0714 zero_count=0
[2026-07-19 09:01:54,631] 175 flwr - INFO - configure_evaluate: strategy sampled 20 clients (out of 20)
[2026-07-19 09:01:59,621] 189 flwr - INFO - aggregate_evaluate: received 20 results and 0 failures
[2026-07-19 09:01:59,621] 111 flwr - INFO - 
[2026-07-19 09:01:59,621] 112 flwr - INFO - [ROUND 4]
[2026-07-19 09:01:59,621] 221 flwr - INFO - configure_fit: strategy sampled 20 clients (out of 20)
[2026-07-19 09:03:50,257] 235 flwr - INFO - aggregate_fit: received 20 results and 0 failures
[2026-07-19 09:03:50,277] 188 root - INFO - [Aggregator] Round 4: 1/20 clients flagged by MAD.
[2026-07-19 09:03:50,277] 201 root - INFO - [Aggregator] Round 4: trust_weights min=0.0179 max=0.0714 zero_count=0
[2026-07-19 09:03:50,282] 175 flwr - INFO - configure_evaluate: strategy sampled 20 clients (out of 20)
[2026-07-19 09:03:55,236] 189 flwr - INFO - aggregate_evaluate: received 20 results and 0 failures
[2026-07-19 09:03:55,236] 111 flwr - INFO - 
[2026-07-19 09:03:55,238] 112 flwr - INFO - [ROUND 5]
[2026-07-19 09:03:55,238] 221 flwr - INFO - configure_fit: strategy sampled 20 clients (out of 20)
[2026-07-19 09:06:09,473] 235 flwr - INFO - aggregate_fit: received 20 results and 0 failures
[2026-07-19 09:06:09,493] 188 root - INFO - [Aggregator] Round 5: 1/20 clients flagged by MAD.
[2026-07-19 09:06:09,494] 201 root - INFO - [Aggregator] Round 5: trust_weights min=0.0213 max=0.0714 zero_count=0
[2026-07-19 09:06:09,499] 175 flwr - INFO - configure_evaluate: strategy sampled 20 clients (out of 20)
[2026-07-19 09:06:15,514] 189 flwr - INFO - aggregate_evaluate: received 20 results and 0 failures
[2026-07-19 09:06:15,516] 491 flwr - INFO - 
[2026-07-19 09:06:15,516] 492 flwr - INFO - [SUMMARY]
[2026-07-19 09:06:15,516] 493 flwr - INFO - Run finished 5 round(s) in 599.71s
[2026-07-19 09:06:15,516] 495 flwr - INFO - 	History (loss, distributed):
[2026-07-19 09:06:15,518] 495 flwr - INFO - 		round 1: 0.19781290318324168
[2026-07-19 09:06:15,518] 495 flwr - INFO - 		round 2: 0.06747781233702269
[2026-07-19 09:06:15,518] 495 flwr - INFO - 		round 3: 0.0593282192185082
[2026-07-19 09:06:15,518] 495 flwr - INFO - 		round 4: 0.05701840074756733
[2026-07-19 09:06:15,518] 495 flwr - INFO - 		round 5: 0.055838948160195474
[2026-07-19 09:06:15,518] 495 flwr - INFO - 	History (metrics, distributed, fit):
[2026-07-19 09:06:15,518] 495 flwr - INFO - 	{'clients': [(1, 20), (2, 20), (3, 20), (4, 20), (5, 20)],
[2026-07-19 09:06:15,518] 495 flwr - INFO - 	 'flagged': [(1, 2), (2, 1), (3, 1), (4, 1), (5, 1)],
[2026-07-19 09:06:15,518] 495 flwr - INFO - 	 'max_trust': [(1, 0.06694888713394623),
[2026-07-19 09:06:15,518] 495 flwr - INFO - 	               (2, 0.07142857142857144),
[2026-07-19 09:06:15,518] 495 flwr - INFO - 	               (3, 0.07142857142857142),
[2026-07-19 09:06:15,518] 495 flwr - INFO - 	               (4, 0.07142857142857142),
[2026-07-19 09:06:15,518] 495 flwr - INFO - 	               (5, 0.07142857142857142)],
[2026-07-19 09:06:15,518] 495 flwr - INFO - 	 'min_trust': [(1, 0.02902085016753252),
[2026-07-19 09:06:15,518] 495 flwr - INFO - 	               (2, 0.019928675626936527),
[2026-07-19 09:06:15,518] 495 flwr - INFO - 	               (3, 0.017477214353433822),
[2026-07-19 09:06:15,518] 495 flwr - INFO - 	               (4, 0.017930574759194635),
[2026-07-19 09:06:15,518] 495 flwr - INFO - 	               (5, 0.02126985232095386)],
[2026-07-19 09:06:15,518] 495 flwr - INFO - 	 'round': [(1, 1), (2, 2), (3, 3), (4, 4), (5, 5)]}
[2026-07-19 09:06:15,518] 495 flwr - INFO - 	History (metrics, distributed, evaluate):
[2026-07-19 09:06:15,518] 495 flwr - INFO - 	{'round': [(1, 1), (2, 2), (3, 3), (4, 4), (5, 5)]}
[2026-07-19 09:06:15,520] 496 flwr - INFO - 
