[2026-07-17 21:52:51,639] 17 root - INFO - Data pipeline started (CSE-CIC-IDS2018)
[2026-07-17 21:52:51,641] 27 root - INFO - IDS2018 CSVs not found locally — downloading via kagglehub (dataset: solarmainframe/ids-intrusion-csv) …
[2026-07-17 21:52:51,641] 31 root - INFO - NOTE: First download is ~1.6 GB. Subsequent runs use the kagglehub cache.
[2026-07-17 21:52:53,490] 39 root - INFO - kagglehub download complete. Files at: C:\Users\rauna\.cache\kagglehub\datasets\solarmainframe\ids-intrusion-csv\versions\1
[2026-07-17 21:52:53,491] 80 root - INFO - Loading 10 CSV file(s) from C:\Users\rauna\.cache\kagglehub\datasets\solarmainframe\ids-intrusion-csv\versions\1 …
[2026-07-17 21:52:53,491] 86 root - INFO -   Reading 02-14-2018.csv …
[2026-07-17 21:53:02,875] 86 root - INFO -   Reading 02-15-2018.csv …
[2026-07-17 21:53:12,542] 86 root - INFO -   Reading 02-16-2018.csv …
[2026-07-17 21:54:05,605] 86 root - INFO -   Reading 02-20-2018.csv …
[2026-07-17 21:57:32,034] 86 root - INFO -   Reading 02-21-2018.csv …
[2026-07-17 21:57:40,695] 86 root - INFO -   Reading 02-22-2018.csv …
[2026-07-17 21:57:50,801] 86 root - INFO -   Reading 02-23-2018.csv …
[2026-07-17 21:58:00,766] 86 root - INFO -   Reading 02-28-2018.csv …
[2026-07-17 21:58:29,244] 86 root - INFO -   Reading 03-01-2018.csv …
[2026-07-17 21:58:44,229] 86 root - INFO -   Reading 03-02-2018.csv …
[2026-07-17 21:59:28,007] 113 root - INFO - CSE-CIC-IDS2018 loaded: 16,233,002 rows, 84 columns
[2026-07-17 22:00:53,608] 24 root - INFO - Raw parquet saved \u2192 C:\Users\rauna\Videos\FL IDS\artifacts\raw\cicids2018_raw.parquet
[2026-07-17 22:00:53,619] 55 root - INFO - Starting preprocessing
[2026-07-17 22:10:29,460] 72 root - INFO - Preprocessing done: 16233002 rows, 44 features, 16 classes
[2026-07-17 22:11:12,185] 65 root - INFO - Non-IID partitioning done: 50 clients, alpha=0.5
[2026-07-17 22:12:21,729] 93 root - INFO - Saved 50 train/val partitions to C:\Users\rauna\Videos\FL IDS\artifacts\data
[2026-07-17 22:12:21,846] 45 root - INFO - Data pipeline completed
