[2026-07-19 11:34:09,565] 117 root - INFO - [Aggregator] AL-CMT initialized — cap_t=0.0714, temperature=2.0, ema_momentum=0.9
[2026-07-19 11:34:11,190] 268 flwr - WARNING - DEPRECATED FEATURE: flwr.simulation.start_simulation() is deprecated.
	Instead, use the `flwr run` CLI command to start a local simulation in your Flower app, as shown for example below:

		$ flwr new  # Create a new Flower app from a template

		$ flwr run  # Run the Flower app in Simulation Mode

	Using `start_simulation()` is deprecated.

            This is a deprecated feature. It will be removed
            entirely in future versions of Flower.
        
[2026-07-19 11:34:11,190] 241 flwr - INFO - Starting Flower simulation, config: num_rounds=5, no round_timeout
[2026-07-19 11:34:18,170] 264 flwr - INFO - Flower VCE: Ray initialized with resources: {'object_store_memory': 3094444032.0, 'GPU': 1.0, 'memory': 7220369408.0, 'node:__internal_head__': 1.0, 'node:127.0.0.1': 1.0, 'accelerator_type:G': 1.0, 'CPU': 6.0}
[2026-07-19 11:34:18,170] 270 flwr - INFO - Optimize your simulation with Flower VCE: https://flower.ai/docs/framework/how-to-run-simulations.html
[2026-07-19 11:34:18,170] 293 flwr - INFO - Flower VCE: Resources for each Virtual Client: {'num_cpus': 1, 'num_gpus': 0.0}
[2026-07-19 11:34:18,184] 339 flwr - INFO - Flower VCE: Creating VirtualClientEngineActorPool with 6 actors
[2026-07-19 11:34:18,185] 91 flwr - INFO - [INIT]
[2026-07-19 11:34:18,185] 272 flwr - INFO - Using initial global parameters provided by strategy
[2026-07-19 11:34:18,185] 93 flwr - INFO - Starting evaluation of initial global parameters
[2026-07-19 11:34:18,185] 105 flwr - INFO - Evaluation returned no results (`None`)
[2026-07-19 11:34:18,185] 111 flwr - INFO - 
[2026-07-19 11:34:18,185] 112 flwr - INFO - [ROUND 1]
[2026-07-19 11:34:18,185] 221 flwr - INFO - configure_fit: strategy sampled 20 clients (out of 20)
[2026-07-19 11:36:11,722] 235 flwr - INFO - aggregate_fit: received 20 results and 0 failures
[2026-07-19 11:36:11,736] 188 root - INFO - [Aggregator] Round 1: 2/20 clients flagged by MAD.
[2026-07-19 11:36:11,736] 201 root - INFO - [Aggregator] Round 1: trust_weights min=0.0277 max=0.0712 zero_count=0
[2026-07-19 11:36:11,741] 175 flwr - INFO - configure_evaluate: strategy sampled 20 clients (out of 20)
[2026-07-19 11:36:16,468] 189 flwr - INFO - aggregate_evaluate: received 20 results and 0 failures
[2026-07-19 11:36:16,468] 111 flwr - INFO - 
[2026-07-19 11:36:16,468] 112 flwr - INFO - [ROUND 2]
[2026-07-19 11:36:16,468] 221 flwr - INFO - configure_fit: strategy sampled 20 clients (out of 20)
[2026-07-19 11:38:12,131] 235 flwr - INFO - aggregate_fit: received 20 results and 0 failures
[2026-07-19 11:38:12,145] 188 root - INFO - [Aggregator] Round 2: 2/20 clients flagged by MAD.
[2026-07-19 11:38:12,145] 201 root - INFO - [Aggregator] Round 2: trust_weights min=0.0175 max=0.0714 zero_count=0
[2026-07-19 11:38:12,150] 175 flwr - INFO - configure_evaluate: strategy sampled 20 clients (out of 20)
[2026-07-19 11:38:16,663] 189 flwr - INFO - aggregate_evaluate: received 20 results and 0 failures
[2026-07-19 11:38:16,663] 111 flwr - INFO - 
[2026-07-19 11:38:16,663] 112 flwr - INFO - [ROUND 3]
[2026-07-19 11:38:16,663] 221 flwr - INFO - configure_fit: strategy sampled 20 clients (out of 20)
[2026-07-19 11:40:30,316] 235 flwr - INFO - aggregate_fit: received 20 results and 0 failures
[2026-07-19 11:40:30,329] 188 root - INFO - [Aggregator] Round 3: 1/20 clients flagged by MAD.
[2026-07-19 11:40:30,329] 201 root - INFO - [Aggregator] Round 3: trust_weights min=0.0125 max=0.0714 zero_count=0
[2026-07-19 11:40:30,333] 175 flwr - INFO - configure_evaluate: strategy sampled 20 clients (out of 20)
[2026-07-19 11:40:34,944] 189 flwr - INFO - aggregate_evaluate: received 20 results and 0 failures
[2026-07-19 11:40:34,944] 111 flwr - INFO - 
[2026-07-19 11:40:34,944] 112 flwr - INFO - [ROUND 4]
[2026-07-19 11:40:34,944] 221 flwr - INFO - configure_fit: strategy sampled 20 clients (out of 20)
[2026-07-19 11:42:33,924] 235 flwr - INFO - aggregate_fit: received 20 results and 0 failures
[2026-07-19 11:42:33,936] 188 root - INFO - [Aggregator] Round 4: 1/20 clients flagged by MAD.
[2026-07-19 11:42:33,936] 201 root - INFO - [Aggregator] Round 4: trust_weights min=0.0108 max=0.0714 zero_count=0
[2026-07-19 11:42:33,942] 175 flwr - INFO - configure_evaluate: strategy sampled 20 clients (out of 20)
[2026-07-19 11:42:39,821] 189 flwr - INFO - aggregate_evaluate: received 20 results and 0 failures
[2026-07-19 11:42:39,821] 111 flwr - INFO - 
[2026-07-19 11:42:39,821] 112 flwr - INFO - [ROUND 5]
[2026-07-19 11:42:39,821] 221 flwr - INFO - configure_fit: strategy sampled 20 clients (out of 20)
[2026-07-19 11:44:20,291] 235 flwr - INFO - aggregate_fit: received 20 results and 0 failures
[2026-07-19 11:44:20,303] 188 root - INFO - [Aggregator] Round 5: 1/20 clients flagged by MAD.
[2026-07-19 11:44:20,303] 201 root - INFO - [Aggregator] Round 5: trust_weights min=0.0108 max=0.0714 zero_count=0
[2026-07-19 11:44:20,308] 175 flwr - INFO - configure_evaluate: strategy sampled 20 clients (out of 20)
[2026-07-19 11:44:25,104] 189 flwr - INFO - aggregate_evaluate: received 20 results and 0 failures
[2026-07-19 11:44:25,106] 491 flwr - INFO - 
[2026-07-19 11:44:25,106] 492 flwr - INFO - [SUMMARY]
[2026-07-19 11:44:25,106] 493 flwr - INFO - Run finished 5 round(s) in 606.92s
[2026-07-19 11:44:25,106] 495 flwr - INFO - 	History (loss, distributed):
[2026-07-19 11:44:25,106] 495 flwr - INFO - 		round 1: 0.08895549764879138
[2026-07-19 11:44:25,106] 495 flwr - INFO - 		round 2: 0.06380057111380986
[2026-07-19 11:44:25,106] 495 flwr - INFO - 		round 3: 0.0605629421969852
[2026-07-19 11:44:25,106] 495 flwr - INFO - 		round 4: 0.059565145319435284
[2026-07-19 11:44:25,106] 495 flwr - INFO - 		round 5: 0.05783854113930046
[2026-07-19 11:44:25,106] 495 flwr - INFO - 	History (metrics, distributed, fit):
[2026-07-19 11:44:25,106] 495 flwr - INFO - 	{'clients': [(1, 20), (2, 20), (3, 20), (4, 20), (5, 20)],
[2026-07-19 11:44:25,106] 495 flwr - INFO - 	 'flagged': [(1, 2), (2, 2), (3, 1), (4, 1), (5, 1)],
[2026-07-19 11:44:25,106] 495 flwr - INFO - 	 'max_trust': [(1, 0.07116959923494573),
[2026-07-19 11:44:25,106] 495 flwr - INFO - 	               (2, 0.07142857142857142),
[2026-07-19 11:44:25,106] 495 flwr - INFO - 	               (3, 0.07142857142857142),
[2026-07-19 11:44:25,106] 495 flwr - INFO - 	               (4, 0.07142857142857142),
[2026-07-19 11:44:25,106] 495 flwr - INFO - 	               (5, 0.07142857142857142)],
[2026-07-19 11:44:25,106] 495 flwr - INFO - 	 'min_trust': [(1, 0.02771047202098523),
[2026-07-19 11:44:25,106] 495 flwr - INFO - 	               (2, 0.01746377137126211),
[2026-07-19 11:44:25,106] 495 flwr - INFO - 	               (3, 0.01252553971253955),
[2026-07-19 11:44:25,109] 495 flwr - INFO - 	               (4, 0.010768392837624877),
[2026-07-19 11:44:25,109] 495 flwr - INFO - 	               (5, 0.010821784963383211)],
[2026-07-19 11:44:25,109] 495 flwr - INFO - 	 'round': [(1, 1), (2, 2), (3, 3), (4, 4), (5, 5)]}
[2026-07-19 11:44:25,109] 495 flwr - INFO - 	History (metrics, distributed, evaluate):
[2026-07-19 11:44:25,109] 495 flwr - INFO - 	{'round': [(1, 1), (2, 2), (3, 3), (4, 4), (5, 5)]}
[2026-07-19 11:44:25,109] 496 flwr - INFO - 
