[2026-07-19 13:45:31,936] 117 root - INFO - [Aggregator] AL-CMT initialized — cap_t=0.0714, temperature=2.0, ema_momentum=0.9
[2026-07-19 13:45:33,548] 268 flwr - WARNING - DEPRECATED FEATURE: flwr.simulation.start_simulation() is deprecated.
	Instead, use the `flwr run` CLI command to start a local simulation in your Flower app, as shown for example below:

		$ flwr new  # Create a new Flower app from a template

		$ flwr run  # Run the Flower app in Simulation Mode

	Using `start_simulation()` is deprecated.

            This is a deprecated feature. It will be removed
            entirely in future versions of Flower.
        
[2026-07-19 13:45:33,548] 241 flwr - INFO - Starting Flower simulation, config: num_rounds=5, no round_timeout
[2026-07-19 13:45:40,620] 264 flwr - INFO - Flower VCE: Ray initialized with resources: {'node:127.0.0.1': 1.0, 'GPU': 1.0, 'memory': 6716903424.0, 'accelerator_type:G': 1.0, 'node:__internal_head__': 1.0, 'object_store_memory': 2878672896.0, 'CPU': 6.0}
[2026-07-19 13:45:40,620] 270 flwr - INFO - Optimize your simulation with Flower VCE: https://flower.ai/docs/framework/how-to-run-simulations.html
[2026-07-19 13:45:40,620] 293 flwr - INFO - Flower VCE: Resources for each Virtual Client: {'num_cpus': 1, 'num_gpus': 0.0}
[2026-07-19 13:45:40,634] 339 flwr - INFO - Flower VCE: Creating VirtualClientEngineActorPool with 6 actors
[2026-07-19 13:45:40,634] 91 flwr - INFO - [INIT]
[2026-07-19 13:45:40,634] 272 flwr - INFO - Using initial global parameters provided by strategy
[2026-07-19 13:45:40,634] 93 flwr - INFO - Starting evaluation of initial global parameters
[2026-07-19 13:45:40,634] 105 flwr - INFO - Evaluation returned no results (`None`)
[2026-07-19 13:45:40,634] 111 flwr - INFO - 
[2026-07-19 13:45:40,634] 112 flwr - INFO - [ROUND 1]
[2026-07-19 13:45:40,635] 221 flwr - INFO - configure_fit: strategy sampled 20 clients (out of 20)
[2026-07-19 13:47:47,535] 235 flwr - INFO - aggregate_fit: received 20 results and 0 failures
[2026-07-19 13:47:47,556] 188 root - INFO - [Aggregator] Round 1: 1/20 clients flagged by MAD.
[2026-07-19 13:47:47,556] 201 root - INFO - [Aggregator] Round 1: trust_weights min=0.0298 max=0.0664 zero_count=0
[2026-07-19 13:47:47,562] 175 flwr - INFO - configure_evaluate: strategy sampled 20 clients (out of 20)
[2026-07-19 13:47:51,850] 189 flwr - INFO - aggregate_evaluate: received 20 results and 0 failures
[2026-07-19 13:47:51,850] 111 flwr - INFO - 
[2026-07-19 13:47:51,850] 112 flwr - INFO - [ROUND 2]
[2026-07-19 13:47:51,850] 221 flwr - INFO - configure_fit: strategy sampled 20 clients (out of 20)
[2026-07-19 13:50:01,792] 235 flwr - INFO - aggregate_fit: received 20 results and 0 failures
[2026-07-19 13:50:01,812] 188 root - INFO - [Aggregator] Round 2: 1/20 clients flagged by MAD.
[2026-07-19 13:50:01,813] 201 root - INFO - [Aggregator] Round 2: trust_weights min=0.0197 max=0.0714 zero_count=0
[2026-07-19 13:50:01,818] 175 flwr - INFO - configure_evaluate: strategy sampled 20 clients (out of 20)
[2026-07-19 13:50:07,390] 189 flwr - INFO - aggregate_evaluate: received 20 results and 0 failures
[2026-07-19 13:50:07,390] 111 flwr - INFO - 
[2026-07-19 13:50:07,390] 112 flwr - INFO - [ROUND 3]
[2026-07-19 13:50:07,390] 221 flwr - INFO - configure_fit: strategy sampled 20 clients (out of 20)
[2026-07-19 13:51:54,246] 235 flwr - INFO - aggregate_fit: received 20 results and 0 failures
[2026-07-19 13:51:54,265] 188 root - INFO - [Aggregator] Round 3: 1/20 clients flagged by MAD.
[2026-07-19 13:51:54,265] 201 root - INFO - [Aggregator] Round 3: trust_weights min=0.0163 max=0.0714 zero_count=0
[2026-07-19 13:51:54,271] 175 flwr - INFO - configure_evaluate: strategy sampled 20 clients (out of 20)
[2026-07-19 13:51:59,200] 189 flwr - INFO - aggregate_evaluate: received 20 results and 0 failures
[2026-07-19 13:51:59,200] 111 flwr - INFO - 
[2026-07-19 13:51:59,200] 112 flwr - INFO - [ROUND 4]
[2026-07-19 13:51:59,200] 221 flwr - INFO - configure_fit: strategy sampled 20 clients (out of 20)
[2026-07-19 13:54:13,355] 235 flwr - INFO - aggregate_fit: received 20 results and 0 failures
[2026-07-19 13:54:13,374] 188 root - INFO - [Aggregator] Round 4: 1/20 clients flagged by MAD.
[2026-07-19 13:54:13,375] 201 root - INFO - [Aggregator] Round 4: trust_weights min=0.0148 max=0.0714 zero_count=0
[2026-07-19 13:54:13,380] 175 flwr - INFO - configure_evaluate: strategy sampled 20 clients (out of 20)
[2026-07-19 13:54:19,069] 189 flwr - INFO - aggregate_evaluate: received 20 results and 0 failures
[2026-07-19 13:54:19,069] 111 flwr - INFO - 
[2026-07-19 13:54:19,069] 112 flwr - INFO - [ROUND 5]
[2026-07-19 13:54:19,069] 221 flwr - INFO - configure_fit: strategy sampled 20 clients (out of 20)
[2026-07-19 13:56:04,518] 235 flwr - INFO - aggregate_fit: received 20 results and 0 failures
[2026-07-19 13:56:04,538] 188 root - INFO - [Aggregator] Round 5: 1/20 clients flagged by MAD.
[2026-07-19 13:56:04,539] 201 root - INFO - [Aggregator] Round 5: trust_weights min=0.0160 max=0.0714 zero_count=0
[2026-07-19 13:56:04,545] 175 flwr - INFO - configure_evaluate: strategy sampled 20 clients (out of 20)
[2026-07-19 13:56:10,200] 189 flwr - INFO - aggregate_evaluate: received 20 results and 0 failures
[2026-07-19 13:56:10,202] 491 flwr - INFO - 
[2026-07-19 13:56:10,202] 492 flwr - INFO - [SUMMARY]
[2026-07-19 13:56:10,202] 493 flwr - INFO - Run finished 5 round(s) in 629.57s
[2026-07-19 13:56:10,203] 495 flwr - INFO - 	History (loss, distributed):
[2026-07-19 13:56:10,203] 495 flwr - INFO - 		round 1: 0.15485539163326878
[2026-07-19 13:56:10,203] 495 flwr - INFO - 		round 2: 0.06346704442853683
[2026-07-19 13:56:10,203] 495 flwr - INFO - 		round 3: 0.05778028304496963
[2026-07-19 13:56:10,203] 495 flwr - INFO - 		round 4: 0.05576200042666118
[2026-07-19 13:56:10,203] 495 flwr - INFO - 		round 5: 0.055193054670714115
[2026-07-19 13:56:10,203] 495 flwr - INFO - 	History (metrics, distributed, fit):
[2026-07-19 13:56:10,203] 495 flwr - INFO - 	{'clients': [(1, 20), (2, 20), (3, 20), (4, 20), (5, 20)],
[2026-07-19 13:56:10,203] 495 flwr - INFO - 	 'flagged': [(1, 1), (2, 1), (3, 1), (4, 1), (5, 1)],
[2026-07-19 13:56:10,203] 495 flwr - INFO - 	 'max_trust': [(1, 0.0664077212996272),
[2026-07-19 13:56:10,203] 495 flwr - INFO - 	               (2, 0.07142857142857142),
[2026-07-19 13:56:10,203] 495 flwr - INFO - 	               (3, 0.07142857142857142),
[2026-07-19 13:56:10,203] 495 flwr - INFO - 	               (4, 0.07142857142857142),
[2026-07-19 13:56:10,203] 495 flwr - INFO - 	               (5, 0.07142857142857142)],
[2026-07-19 13:56:10,203] 495 flwr - INFO - 	 'min_trust': [(1, 0.02979714319169051),
[2026-07-19 13:56:10,203] 495 flwr - INFO - 	               (2, 0.019685557737860723),
[2026-07-19 13:56:10,203] 495 flwr - INFO - 	               (3, 0.016311677701006912),
[2026-07-19 13:56:10,203] 495 flwr - INFO - 	               (4, 0.01478379968113034),
[2026-07-19 13:56:10,203] 495 flwr - INFO - 	               (5, 0.015977880297076783)],
[2026-07-19 13:56:10,203] 495 flwr - INFO - 	 'round': [(1, 1), (2, 2), (3, 3), (4, 4), (5, 5)]}
[2026-07-19 13:56:10,203] 495 flwr - INFO - 	History (metrics, distributed, evaluate):
[2026-07-19 13:56:10,203] 495 flwr - INFO - 	{'round': [(1, 1), (2, 2), (3, 3), (4, 4), (5, 5)]}
[2026-07-19 13:56:10,203] 496 flwr - INFO - 
