[2026-07-19 16:37:51,820] 268 flwr - WARNING - DEPRECATED FEATURE: flwr.simulation.start_simulation() is deprecated.
	Instead, use the `flwr run` CLI command to start a local simulation in your Flower app, as shown for example below:

		$ flwr new  # Create a new Flower app from a template

		$ flwr run  # Run the Flower app in Simulation Mode

	Using `start_simulation()` is deprecated.

            This is a deprecated feature. It will be removed
            entirely in future versions of Flower.
        
[2026-07-19 16:37:51,822] 241 flwr - INFO - Starting Flower simulation, config: num_rounds=5, no round_timeout
[2026-07-19 16:37:59,298] 264 flwr - INFO - Flower VCE: Ray initialized with resources: {'object_store_memory': 2654559436.0, 'GPU': 1.0, 'memory': 6193972020.0, 'accelerator_type:G': 1.0, 'node:__internal_head__': 1.0, 'node:127.0.0.1': 1.0, 'CPU': 6.0}
[2026-07-19 16:37:59,298] 270 flwr - INFO - Optimize your simulation with Flower VCE: https://flower.ai/docs/framework/how-to-run-simulations.html
[2026-07-19 16:37:59,299] 293 flwr - INFO - Flower VCE: Resources for each Virtual Client: {'num_cpus': 1, 'num_gpus': 0.0}
[2026-07-19 16:37:59,314] 339 flwr - INFO - Flower VCE: Creating VirtualClientEngineActorPool with 6 actors
[2026-07-19 16:37:59,314] 91 flwr - INFO - [INIT]
[2026-07-19 16:37:59,314] 272 flwr - INFO - Using initial global parameters provided by strategy
[2026-07-19 16:37:59,314] 93 flwr - INFO - Starting evaluation of initial global parameters
[2026-07-19 16:37:59,314] 105 flwr - INFO - Evaluation returned no results (`None`)
[2026-07-19 16:37:59,314] 111 flwr - INFO - 
[2026-07-19 16:37:59,314] 112 flwr - INFO - [ROUND 1]
[2026-07-19 16:37:59,315] 221 flwr - INFO - configure_fit: strategy sampled 20 clients (out of 20)
[2026-07-19 16:40:10,011] 235 flwr - INFO - aggregate_fit: received 20 results and 0 failures
[2026-07-19 16:40:10,035] 251 flwr - WARNING - No fit_metrics_aggregation_fn provided
[2026-07-19 16:40:10,035] 175 flwr - INFO - configure_evaluate: strategy sampled 20 clients (out of 20)
[2026-07-19 16:40:15,399] 189 flwr - INFO - aggregate_evaluate: received 20 results and 0 failures
[2026-07-19 16:40:15,399] 111 flwr - INFO - 
[2026-07-19 16:40:15,399] 112 flwr - INFO - [ROUND 2]
[2026-07-19 16:40:15,399] 221 flwr - INFO - configure_fit: strategy sampled 20 clients (out of 20)
[2026-07-19 16:42:14,699] 235 flwr - INFO - aggregate_fit: received 20 results and 0 failures
[2026-07-19 16:42:14,725] 175 flwr - INFO - configure_evaluate: strategy sampled 20 clients (out of 20)
[2026-07-19 16:42:20,603] 189 flwr - INFO - aggregate_evaluate: received 20 results and 0 failures
[2026-07-19 16:42:20,603] 111 flwr - INFO - 
[2026-07-19 16:42:20,603] 112 flwr - INFO - [ROUND 3]
[2026-07-19 16:42:20,603] 221 flwr - INFO - configure_fit: strategy sampled 20 clients (out of 20)
[2026-07-19 16:44:31,169] 235 flwr - INFO - aggregate_fit: received 20 results and 0 failures
[2026-07-19 16:44:31,194] 175 flwr - INFO - configure_evaluate: strategy sampled 20 clients (out of 20)
[2026-07-19 16:44:36,217] 189 flwr - INFO - aggregate_evaluate: received 20 results and 0 failures
[2026-07-19 16:44:36,218] 111 flwr - INFO - 
[2026-07-19 16:44:36,218] 112 flwr - INFO - [ROUND 4]
[2026-07-19 16:44:36,218] 221 flwr - INFO - configure_fit: strategy sampled 20 clients (out of 20)
[2026-07-19 16:46:26,057] 235 flwr - INFO - aggregate_fit: received 20 results and 0 failures
[2026-07-19 16:46:26,081] 175 flwr - INFO - configure_evaluate: strategy sampled 20 clients (out of 20)
[2026-07-19 16:46:31,083] 189 flwr - INFO - aggregate_evaluate: received 20 results and 0 failures
[2026-07-19 16:46:31,083] 111 flwr - INFO - 
[2026-07-19 16:46:31,083] 112 flwr - INFO - [ROUND 5]
[2026-07-19 16:46:31,083] 221 flwr - INFO - configure_fit: strategy sampled 20 clients (out of 20)
[2026-07-19 16:48:26,851] 235 flwr - INFO - aggregate_fit: received 20 results and 0 failures
[2026-07-19 16:48:26,877] 175 flwr - INFO - configure_evaluate: strategy sampled 20 clients (out of 20)
[2026-07-19 16:48:31,813] 189 flwr - INFO - aggregate_evaluate: received 20 results and 0 failures
[2026-07-19 16:48:31,814] 491 flwr - INFO - 
[2026-07-19 16:48:31,814] 492 flwr - INFO - [SUMMARY]
[2026-07-19 16:48:31,814] 493 flwr - INFO - Run finished 5 round(s) in 632.50s
[2026-07-19 16:48:31,815] 495 flwr - INFO - 	History (loss, distributed):
[2026-07-19 16:48:31,815] 495 flwr - INFO - 		round 1: 0.1660380805444467
[2026-07-19 16:48:31,815] 495 flwr - INFO - 		round 2: 0.08395869327087353
[2026-07-19 16:48:31,815] 495 flwr - INFO - 		round 3: 0.08233210220317198
[2026-07-19 16:48:31,815] 495 flwr - INFO - 		round 4: 0.07636036096214781
[2026-07-19 16:48:31,815] 495 flwr - INFO - 		round 5: 0.07316153508770243
[2026-07-19 16:48:31,815] 495 flwr - INFO - 	History (metrics, distributed, evaluate):
[2026-07-19 16:48:31,815] 495 flwr - INFO - 	{'macro_f1': [(1, 0.39174146766710244),
[2026-07-19 16:48:31,815] 495 flwr - INFO - 	              (2, 0.5690081044233487),
[2026-07-19 16:48:31,815] 495 flwr - INFO - 	              (3, 0.6208242601712438),
[2026-07-19 16:48:31,815] 495 flwr - INFO - 	              (4, 0.6225272145979124),
[2026-07-19 16:48:31,815] 495 flwr - INFO - 	              (5, 0.6277427583822092)],
[2026-07-19 16:48:31,815] 495 flwr - INFO - 	 'target_class_accuracy': [(1, 0.9998000899595182),
[2026-07-19 16:48:31,815] 495 flwr - INFO - 	                           (2, 0.9998000899595182),
[2026-07-19 16:48:31,815] 495 flwr - INFO - 	                           (3, 0.9998000899595182),
[2026-07-19 16:48:31,815] 495 flwr - INFO - 	                           (4, 0.9997001349392773),
[2026-07-19 16:48:31,816] 495 flwr - INFO - 	                           (5, 0.9997001349392773)],
[2026-07-19 16:48:31,816] 495 flwr - INFO - 	 'val_accuracy': [(1, 0.9568595065481759),
[2026-07-19 16:48:31,816] 495 flwr - INFO - 	                  (2, 0.9820833472537752),
[2026-07-19 16:48:31,816] 495 flwr - INFO - 	                  (3, 0.9825688226647067),
[2026-07-19 16:48:31,816] 495 flwr - INFO - 	                  (4, 0.9828966490712281),
[2026-07-19 16:48:31,816] 495 flwr - INFO - 	                  (5, 0.9831106758652947)],
[2026-07-19 16:48:31,816] 495 flwr - INFO - 	 'weighted_f1': [(1, 0.9499050962706888),
[2026-07-19 16:48:31,816] 495 flwr - INFO - 	                 (2, 0.9784447330214597),
[2026-07-19 16:48:31,816] 495 flwr - INFO - 	                 (3, 0.9790307540545183),
[2026-07-19 16:48:31,816] 495 flwr - INFO - 	                 (4, 0.979360585428756),
[2026-07-19 16:48:31,816] 495 flwr - INFO - 	                 (5, 0.979561072584842)]}
[2026-07-19 16:48:31,816] 496 flwr - INFO - 
