[2026-07-19 12:39:31,029] 117 root - INFO - [Aggregator] AL-CMT initialized — cap_t=0.0714, temperature=2.0, ema_momentum=0.9
[2026-07-19 12:39:32,626] 268 flwr - WARNING - DEPRECATED FEATURE: flwr.simulation.start_simulation() is deprecated.
	Instead, use the `flwr run` CLI command to start a local simulation in your Flower app, as shown for example below:

		$ flwr new  # Create a new Flower app from a template

		$ flwr run  # Run the Flower app in Simulation Mode

	Using `start_simulation()` is deprecated.

            This is a deprecated feature. It will be removed
            entirely in future versions of Flower.
        
[2026-07-19 12:39:32,627] 241 flwr - INFO - Starting Flower simulation, config: num_rounds=5, no round_timeout
[2026-07-19 12:39:39,718] 264 flwr - INFO - Flower VCE: Ray initialized with resources: {'node:127.0.0.1': 1.0, 'GPU': 1.0, 'memory': 7223098983.0, 'accelerator_type:G': 1.0, 'object_store_memory': 3095613849.0, 'node:__internal_head__': 1.0, 'CPU': 6.0}
[2026-07-19 12:39:39,718] 270 flwr - INFO - Optimize your simulation with Flower VCE: https://flower.ai/docs/framework/how-to-run-simulations.html
[2026-07-19 12:39:39,718] 293 flwr - INFO - Flower VCE: Resources for each Virtual Client: {'num_cpus': 1, 'num_gpus': 0.0}
[2026-07-19 12:39:39,730] 339 flwr - INFO - Flower VCE: Creating VirtualClientEngineActorPool with 6 actors
[2026-07-19 12:39:39,730] 91 flwr - INFO - [INIT]
[2026-07-19 12:39:39,730] 272 flwr - INFO - Using initial global parameters provided by strategy
[2026-07-19 12:39:39,730] 93 flwr - INFO - Starting evaluation of initial global parameters
[2026-07-19 12:39:39,730] 105 flwr - INFO - Evaluation returned no results (`None`)
[2026-07-19 12:39:39,732] 111 flwr - INFO - 
[2026-07-19 12:39:39,732] 112 flwr - INFO - [ROUND 1]
[2026-07-19 12:39:39,732] 221 flwr - INFO - configure_fit: strategy sampled 20 clients (out of 20)
[2026-07-19 12:41:43,817] 235 flwr - INFO - aggregate_fit: received 20 results and 0 failures
[2026-07-19 12:41:43,831] 188 root - INFO - [Aggregator] Round 1: 2/20 clients flagged by MAD.
[2026-07-19 12:41:43,831] 201 root - INFO - [Aggregator] Round 1: trust_weights min=0.0282 max=0.0688 zero_count=0
[2026-07-19 12:41:43,837] 175 flwr - INFO - configure_evaluate: strategy sampled 20 clients (out of 20)
[2026-07-19 12:41:48,336] 189 flwr - INFO - aggregate_evaluate: received 20 results and 0 failures
[2026-07-19 12:41:48,336] 111 flwr - INFO - 
[2026-07-19 12:41:48,336] 112 flwr - INFO - [ROUND 2]
[2026-07-19 12:41:48,336] 221 flwr - INFO - configure_fit: strategy sampled 20 clients (out of 20)
[2026-07-19 12:43:46,298] 235 flwr - INFO - aggregate_fit: received 20 results and 0 failures
[2026-07-19 12:43:46,310] 188 root - INFO - [Aggregator] Round 2: 2/20 clients flagged by MAD.
[2026-07-19 12:43:46,312] 201 root - INFO - [Aggregator] Round 2: trust_weights min=0.0175 max=0.0714 zero_count=0
[2026-07-19 12:43:46,316] 175 flwr - INFO - configure_evaluate: strategy sampled 20 clients (out of 20)
[2026-07-19 12:43:51,356] 189 flwr - INFO - aggregate_evaluate: received 20 results and 0 failures
[2026-07-19 12:43:51,356] 111 flwr - INFO - 
[2026-07-19 12:43:51,356] 112 flwr - INFO - [ROUND 3]
[2026-07-19 12:43:51,356] 221 flwr - INFO - configure_fit: strategy sampled 20 clients (out of 20)
[2026-07-19 12:45:49,652] 235 flwr - INFO - aggregate_fit: received 20 results and 0 failures
[2026-07-19 12:45:49,665] 188 root - INFO - [Aggregator] Round 3: 1/20 clients flagged by MAD.
[2026-07-19 12:45:49,666] 201 root - INFO - [Aggregator] Round 3: trust_weights min=0.0127 max=0.0714 zero_count=0
[2026-07-19 12:45:49,669] 175 flwr - INFO - configure_evaluate: strategy sampled 20 clients (out of 20)
[2026-07-19 12:45:54,024] 189 flwr - INFO - aggregate_evaluate: received 20 results and 0 failures
[2026-07-19 12:45:54,024] 111 flwr - INFO - 
[2026-07-19 12:45:54,024] 112 flwr - INFO - [ROUND 4]
[2026-07-19 12:45:54,024] 221 flwr - INFO - configure_fit: strategy sampled 20 clients (out of 20)
[2026-07-19 12:48:08,810] 235 flwr - INFO - aggregate_fit: received 20 results and 0 failures
[2026-07-19 12:48:08,822] 188 root - INFO - [Aggregator] Round 4: 1/20 clients flagged by MAD.
[2026-07-19 12:48:08,822] 201 root - INFO - [Aggregator] Round 4: trust_weights min=0.0116 max=0.0714 zero_count=0
[2026-07-19 12:48:08,827] 175 flwr - INFO - configure_evaluate: strategy sampled 20 clients (out of 20)
[2026-07-19 12:48:14,901] 189 flwr - INFO - aggregate_evaluate: received 20 results and 0 failures
[2026-07-19 12:48:14,901] 111 flwr - INFO - 
[2026-07-19 12:48:14,902] 112 flwr - INFO - [ROUND 5]
[2026-07-19 12:48:14,902] 221 flwr - INFO - configure_fit: strategy sampled 20 clients (out of 20)
[2026-07-19 12:50:04,288] 235 flwr - INFO - aggregate_fit: received 20 results and 0 failures
[2026-07-19 12:50:04,300] 188 root - INFO - [Aggregator] Round 5: 1/20 clients flagged by MAD.
[2026-07-19 12:50:04,301] 201 root - INFO - [Aggregator] Round 5: trust_weights min=0.0118 max=0.0714 zero_count=0
[2026-07-19 12:50:04,305] 175 flwr - INFO - configure_evaluate: strategy sampled 20 clients (out of 20)
[2026-07-19 12:50:09,726] 189 flwr - INFO - aggregate_evaluate: received 20 results and 0 failures
[2026-07-19 12:50:09,728] 491 flwr - INFO - 
[2026-07-19 12:50:09,728] 492 flwr - INFO - [SUMMARY]
[2026-07-19 12:50:09,729] 493 flwr - INFO - Run finished 5 round(s) in 630.00s
[2026-07-19 12:50:09,729] 495 flwr - INFO - 	History (loss, distributed):
[2026-07-19 12:50:09,729] 495 flwr - INFO - 		round 1: 0.08868181421276417
[2026-07-19 12:50:09,729] 495 flwr - INFO - 		round 2: 0.06320507654230417
[2026-07-19 12:50:09,729] 495 flwr - INFO - 		round 3: 0.06111339453709962
[2026-07-19 12:50:09,729] 495 flwr - INFO - 		round 4: 0.058692985448938015
[2026-07-19 12:50:09,729] 495 flwr - INFO - 		round 5: 0.05948346503757162
[2026-07-19 12:50:09,730] 495 flwr - INFO - 	History (metrics, distributed, fit):
[2026-07-19 12:50:09,730] 495 flwr - INFO - 	{'clients': [(1, 20), (2, 20), (3, 20), (4, 20), (5, 20)],
[2026-07-19 12:50:09,730] 495 flwr - INFO - 	 'flagged': [(1, 2), (2, 2), (3, 1), (4, 1), (5, 1)],
[2026-07-19 12:50:09,730] 495 flwr - INFO - 	 'max_trust': [(1, 0.06883513348438358),
[2026-07-19 12:50:09,730] 495 flwr - INFO - 	               (2, 0.07142857142857142),
[2026-07-19 12:50:09,730] 495 flwr - INFO - 	               (3, 0.07142857142857142),
[2026-07-19 12:50:09,730] 495 flwr - INFO - 	               (4, 0.07142857142857142),
[2026-07-19 12:50:09,730] 495 flwr - INFO - 	               (5, 0.07142857142857142)],
[2026-07-19 12:50:09,730] 495 flwr - INFO - 	 'min_trust': [(1, 0.02816941533719858),
[2026-07-19 12:50:09,730] 495 flwr - INFO - 	               (2, 0.017480176659619606),
[2026-07-19 12:50:09,730] 495 flwr - INFO - 	               (3, 0.01266340616882209),
[2026-07-19 12:50:09,730] 495 flwr - INFO - 	               (4, 0.011566519221337532),
[2026-07-19 12:50:09,730] 495 flwr - INFO - 	               (5, 0.011814117944343241)],
[2026-07-19 12:50:09,730] 495 flwr - INFO - 	 'round': [(1, 1), (2, 2), (3, 3), (4, 4), (5, 5)]}
[2026-07-19 12:50:09,730] 495 flwr - INFO - 	History (metrics, distributed, evaluate):
[2026-07-19 12:50:09,730] 495 flwr - INFO - 	{'round': [(1, 1), (2, 2), (3, 3), (4, 4), (5, 5)]}
[2026-07-19 12:50:09,730] 496 flwr - INFO - 
