[2026-07-19 11:14:06,752] 117 root - INFO - [Aggregator] AL-CMT initialized — cap_t=0.0714, temperature=2.0, ema_momentum=0.9
[2026-07-19 11:14:08,345] 268 flwr - WARNING - DEPRECATED FEATURE: flwr.simulation.start_simulation() is deprecated.
	Instead, use the `flwr run` CLI command to start a local simulation in your Flower app, as shown for example below:

		$ flwr new  # Create a new Flower app from a template

		$ flwr run  # Run the Flower app in Simulation Mode

	Using `start_simulation()` is deprecated.

            This is a deprecated feature. It will be removed
            entirely in future versions of Flower.
        
[2026-07-19 11:14:08,347] 241 flwr - INFO - Starting Flower simulation, config: num_rounds=5, no round_timeout
[2026-07-19 11:14:14,901] 264 flwr - INFO - Flower VCE: Ray initialized with resources: {'node:127.0.0.1': 1.0, 'GPU': 1.0, 'memory': 7122425856.0, 'node:__internal_head__': 1.0, 'accelerator_type:G': 1.0, 'object_store_memory': 3052468224.0, 'CPU': 6.0}
[2026-07-19 11:14:14,901] 270 flwr - INFO - Optimize your simulation with Flower VCE: https://flower.ai/docs/framework/how-to-run-simulations.html
[2026-07-19 11:14:14,901] 293 flwr - INFO - Flower VCE: Resources for each Virtual Client: {'num_cpus': 1, 'num_gpus': 0.0}
[2026-07-19 11:14:14,916] 339 flwr - INFO - Flower VCE: Creating VirtualClientEngineActorPool with 6 actors
[2026-07-19 11:14:14,916] 91 flwr - INFO - [INIT]
[2026-07-19 11:14:14,916] 272 flwr - INFO - Using initial global parameters provided by strategy
[2026-07-19 11:14:14,917] 93 flwr - INFO - Starting evaluation of initial global parameters
[2026-07-19 11:14:14,917] 105 flwr - INFO - Evaluation returned no results (`None`)
[2026-07-19 11:14:14,917] 111 flwr - INFO - 
[2026-07-19 11:14:14,917] 112 flwr - INFO - [ROUND 1]
[2026-07-19 11:14:14,917] 221 flwr - INFO - configure_fit: strategy sampled 20 clients (out of 20)
[2026-07-19 11:16:32,892] 235 flwr - INFO - aggregate_fit: received 20 results and 0 failures
[2026-07-19 11:16:32,906] 188 root - INFO - [Aggregator] Round 1: 2/20 clients flagged by MAD.
[2026-07-19 11:16:32,906] 201 root - INFO - [Aggregator] Round 1: trust_weights min=0.0272 max=0.0714 zero_count=0
[2026-07-19 11:16:32,911] 175 flwr - INFO - configure_evaluate: strategy sampled 20 clients (out of 20)
[2026-07-19 11:16:38,669] 189 flwr - INFO - aggregate_evaluate: received 20 results and 0 failures
[2026-07-19 11:16:38,671] 111 flwr - INFO - 
[2026-07-19 11:16:38,671] 112 flwr - INFO - [ROUND 2]
[2026-07-19 11:16:38,671] 221 flwr - INFO - configure_fit: strategy sampled 20 clients (out of 20)
[2026-07-19 11:18:19,134] 235 flwr - INFO - aggregate_fit: received 20 results and 0 failures
[2026-07-19 11:18:19,147] 188 root - INFO - [Aggregator] Round 2: 2/20 clients flagged by MAD.
[2026-07-19 11:18:19,148] 201 root - INFO - [Aggregator] Round 2: trust_weights min=0.0181 max=0.0714 zero_count=0
[2026-07-19 11:18:19,153] 175 flwr - INFO - configure_evaluate: strategy sampled 20 clients (out of 20)
[2026-07-19 11:18:24,160] 189 flwr - INFO - aggregate_evaluate: received 20 results and 0 failures
[2026-07-19 11:18:24,160] 111 flwr - INFO - 
[2026-07-19 11:18:24,160] 112 flwr - INFO - [ROUND 3]
[2026-07-19 11:18:24,160] 221 flwr - INFO - configure_fit: strategy sampled 20 clients (out of 20)
[2026-07-19 11:20:23,490] 235 flwr - INFO - aggregate_fit: received 20 results and 0 failures
[2026-07-19 11:20:23,504] 188 root - INFO - [Aggregator] Round 3: 1/20 clients flagged by MAD.
[2026-07-19 11:20:23,505] 201 root - INFO - [Aggregator] Round 3: trust_weights min=0.0138 max=0.0714 zero_count=0
[2026-07-19 11:20:23,509] 175 flwr - INFO - configure_evaluate: strategy sampled 20 clients (out of 20)
[2026-07-19 11:20:28,007] 189 flwr - INFO - aggregate_evaluate: received 20 results and 0 failures
[2026-07-19 11:20:28,007] 111 flwr - INFO - 
[2026-07-19 11:20:28,007] 112 flwr - INFO - [ROUND 4]
[2026-07-19 11:20:28,007] 221 flwr - INFO - configure_fit: strategy sampled 20 clients (out of 20)
[2026-07-19 11:22:13,204] 235 flwr - INFO - aggregate_fit: received 20 results and 0 failures
[2026-07-19 11:22:13,218] 188 root - INFO - [Aggregator] Round 4: 1/20 clients flagged by MAD.
[2026-07-19 11:22:13,218] 201 root - INFO - [Aggregator] Round 4: trust_weights min=0.0119 max=0.0714 zero_count=0
[2026-07-19 11:22:13,224] 175 flwr - INFO - configure_evaluate: strategy sampled 20 clients (out of 20)
[2026-07-19 11:22:17,908] 189 flwr - INFO - aggregate_evaluate: received 20 results and 0 failures
[2026-07-19 11:22:17,908] 111 flwr - INFO - 
[2026-07-19 11:22:17,908] 112 flwr - INFO - [ROUND 5]
[2026-07-19 11:22:17,908] 221 flwr - INFO - configure_fit: strategy sampled 20 clients (out of 20)
[2026-07-19 11:23:58,268] 235 flwr - INFO - aggregate_fit: received 20 results and 0 failures
[2026-07-19 11:23:58,280] 188 root - INFO - [Aggregator] Round 5: 1/20 clients flagged by MAD.
[2026-07-19 11:23:58,282] 201 root - INFO - [Aggregator] Round 5: trust_weights min=0.0122 max=0.0714 zero_count=0
[2026-07-19 11:23:58,286] 175 flwr - INFO - configure_evaluate: strategy sampled 20 clients (out of 20)
[2026-07-19 11:24:03,964] 189 flwr - INFO - aggregate_evaluate: received 20 results and 0 failures
[2026-07-19 11:24:03,966] 491 flwr - INFO - 
[2026-07-19 11:24:03,966] 492 flwr - INFO - [SUMMARY]
[2026-07-19 11:24:03,966] 493 flwr - INFO - Run finished 5 round(s) in 589.05s
[2026-07-19 11:24:03,967] 495 flwr - INFO - 	History (loss, distributed):
[2026-07-19 11:24:03,967] 495 flwr - INFO - 		round 1: 0.09753817376104698
[2026-07-19 11:24:03,967] 495 flwr - INFO - 		round 2: 0.0628484156984919
[2026-07-19 11:24:03,967] 495 flwr - INFO - 		round 3: 0.05972792145978051
[2026-07-19 11:24:03,967] 495 flwr - INFO - 		round 4: 0.058212873972869214
[2026-07-19 11:24:03,967] 495 flwr - INFO - 		round 5: 0.058777292997009976
[2026-07-19 11:24:03,967] 495 flwr - INFO - 	History (metrics, distributed, fit):
[2026-07-19 11:24:03,967] 495 flwr - INFO - 	{'clients': [(1, 20), (2, 20), (3, 20), (4, 20), (5, 20)],
[2026-07-19 11:24:03,967] 495 flwr - INFO - 	 'flagged': [(1, 2), (2, 2), (3, 1), (4, 1), (5, 1)],
[2026-07-19 11:24:03,968] 495 flwr - INFO - 	 'max_trust': [(1, 0.07142857142857142),
[2026-07-19 11:24:03,968] 495 flwr - INFO - 	               (2, 0.07142857142857142),
[2026-07-19 11:24:03,968] 495 flwr - INFO - 	               (3, 0.07142857142857142),
[2026-07-19 11:24:03,968] 495 flwr - INFO - 	               (4, 0.07142857142857142),
[2026-07-19 11:24:03,968] 495 flwr - INFO - 	               (5, 0.07142857142857142)],
[2026-07-19 11:24:03,968] 495 flwr - INFO - 	 'min_trust': [(1, 0.027221402903451895),
[2026-07-19 11:24:03,968] 495 flwr - INFO - 	               (2, 0.01810935190376805),
[2026-07-19 11:24:03,968] 495 flwr - INFO - 	               (3, 0.013776981214946572),
[2026-07-19 11:24:03,968] 495 flwr - INFO - 	               (4, 0.011896965982614006),
[2026-07-19 11:24:03,968] 495 flwr - INFO - 	               (5, 0.01223418773066593)],
[2026-07-19 11:24:03,968] 495 flwr - INFO - 	 'round': [(1, 1), (2, 2), (3, 3), (4, 4), (5, 5)]}
[2026-07-19 11:24:03,968] 495 flwr - INFO - 	History (metrics, distributed, evaluate):
[2026-07-19 11:24:03,968] 495 flwr - INFO - 	{'round': [(1, 1), (2, 2), (3, 3), (4, 4), (5, 5)]}
[2026-07-19 11:24:03,968] 496 flwr - INFO - 
