[2026-07-19 16:48:56,168] 255 root - INFO - [Aggregator] AL-CMT initialized — cap_t=0.0714, temperature=2.0, ema_momentum=0.9
[2026-07-19 16:48:57,766] 268 flwr - WARNING - DEPRECATED FEATURE: flwr.simulation.start_simulation() is deprecated.
	Instead, use the `flwr run` CLI command to start a local simulation in your Flower app, as shown for example below:

		$ flwr new  # Create a new Flower app from a template

		$ flwr run  # Run the Flower app in Simulation Mode

	Using `start_simulation()` is deprecated.

            This is a deprecated feature. It will be removed
            entirely in future versions of Flower.
        
[2026-07-19 16:48:57,768] 241 flwr - INFO - Starting Flower simulation, config: num_rounds=5, no round_timeout
[2026-07-19 16:49:05,199] 264 flwr - INFO - Flower VCE: Ray initialized with resources: {'object_store_memory': 2848042598.0, 'GPU': 1.0, 'memory': 6645432730.0, 'accelerator_type:G': 1.0, 'node:127.0.0.1': 1.0, 'node:__internal_head__': 1.0, 'CPU': 6.0}
[2026-07-19 16:49:05,199] 270 flwr - INFO - Optimize your simulation with Flower VCE: https://flower.ai/docs/framework/how-to-run-simulations.html
[2026-07-19 16:49:05,199] 293 flwr - INFO - Flower VCE: Resources for each Virtual Client: {'num_cpus': 1, 'num_gpus': 0.0}
[2026-07-19 16:49:05,213] 339 flwr - INFO - Flower VCE: Creating VirtualClientEngineActorPool with 6 actors
[2026-07-19 16:49:05,213] 91 flwr - INFO - [INIT]
[2026-07-19 16:49:05,213] 272 flwr - INFO - Using initial global parameters provided by strategy
[2026-07-19 16:49:05,214] 93 flwr - INFO - Starting evaluation of initial global parameters
[2026-07-19 16:49:05,214] 105 flwr - INFO - Evaluation returned no results (`None`)
[2026-07-19 16:49:05,214] 111 flwr - INFO - 
[2026-07-19 16:49:05,215] 112 flwr - INFO - [ROUND 1]
[2026-07-19 16:49:05,215] 221 flwr - INFO - configure_fit: strategy sampled 20 clients (out of 20)
[2026-07-19 16:51:21,058] 235 flwr - INFO - aggregate_fit: received 20 results and 0 failures
[2026-07-19 16:51:21,083] 441 root - INFO - [Aggregator] Round 1: 2/20 clients flagged by MAD.
[2026-07-19 16:51:21,084] 487 root - INFO - [Aggregator] Round 1: trust weights min=0.0292, max=0.0686, zero_count=0
[2026-07-19 16:51:21,089] 175 flwr - INFO - configure_evaluate: strategy sampled 20 clients (out of 20)
[2026-07-19 16:51:26,097] 189 flwr - INFO - aggregate_evaluate: received 20 results and 0 failures
[2026-07-19 16:51:26,098] 111 flwr - INFO - 
[2026-07-19 16:51:26,098] 112 flwr - INFO - [ROUND 2]
[2026-07-19 16:51:26,098] 221 flwr - INFO - configure_fit: strategy sampled 20 clients (out of 20)
[2026-07-19 16:53:26,712] 235 flwr - INFO - aggregate_fit: received 20 results and 0 failures
[2026-07-19 16:53:26,733] 441 root - INFO - [Aggregator] Round 2: 1/20 clients flagged by MAD.
[2026-07-19 16:53:26,734] 487 root - INFO - [Aggregator] Round 2: trust weights min=0.0192, max=0.0714, zero_count=0
[2026-07-19 16:53:26,740] 175 flwr - INFO - configure_evaluate: strategy sampled 20 clients (out of 20)
[2026-07-19 16:53:32,116] 189 flwr - INFO - aggregate_evaluate: received 20 results and 0 failures
[2026-07-19 16:53:32,116] 111 flwr - INFO - 
[2026-07-19 16:53:32,116] 112 flwr - INFO - [ROUND 3]
[2026-07-19 16:53:32,116] 221 flwr - INFO - configure_fit: strategy sampled 20 clients (out of 20)
[2026-07-19 16:55:37,929] 235 flwr - INFO - aggregate_fit: received 20 results and 0 failures
[2026-07-19 16:55:37,960] 441 root - INFO - [Aggregator] Round 3: 1/20 clients flagged by MAD.
[2026-07-19 16:55:37,960] 487 root - INFO - [Aggregator] Round 3: trust weights min=0.0169, max=0.0714, zero_count=0
[2026-07-19 16:55:37,964] 175 flwr - INFO - configure_evaluate: strategy sampled 20 clients (out of 20)
[2026-07-19 16:55:45,078] 189 flwr - INFO - aggregate_evaluate: received 20 results and 0 failures
[2026-07-19 16:55:45,079] 111 flwr - INFO - 
[2026-07-19 16:55:45,079] 112 flwr - INFO - [ROUND 4]
[2026-07-19 16:55:45,079] 221 flwr - INFO - configure_fit: strategy sampled 20 clients (out of 20)
[2026-07-19 16:57:45,488] 235 flwr - INFO - aggregate_fit: received 20 results and 0 failures
[2026-07-19 16:57:45,510] 441 root - INFO - [Aggregator] Round 4: 1/20 clients flagged by MAD.
[2026-07-19 16:57:45,511] 487 root - INFO - [Aggregator] Round 4: trust weights min=0.0163, max=0.0714, zero_count=0
[2026-07-19 16:57:45,516] 175 flwr - INFO - configure_evaluate: strategy sampled 20 clients (out of 20)
[2026-07-19 16:57:51,518] 189 flwr - INFO - aggregate_evaluate: received 20 results and 0 failures
[2026-07-19 16:57:51,518] 111 flwr - INFO - 
[2026-07-19 16:57:51,518] 112 flwr - INFO - [ROUND 5]
[2026-07-19 16:57:51,518] 221 flwr - INFO - configure_fit: strategy sampled 20 clients (out of 20)
[2026-07-19 17:00:04,730] 235 flwr - INFO - aggregate_fit: received 20 results and 0 failures
[2026-07-19 17:00:04,751] 441 root - INFO - [Aggregator] Round 5: 1/20 clients flagged by MAD.
[2026-07-19 17:00:04,751] 487 root - INFO - [Aggregator] Round 5: trust weights min=0.0161, max=0.0714, zero_count=0
[2026-07-19 17:00:04,758] 175 flwr - INFO - configure_evaluate: strategy sampled 20 clients (out of 20)
[2026-07-19 17:00:09,706] 189 flwr - INFO - aggregate_evaluate: received 20 results and 0 failures
[2026-07-19 17:00:09,708] 491 flwr - INFO - 
[2026-07-19 17:00:09,708] 492 flwr - INFO - [SUMMARY]
[2026-07-19 17:00:09,708] 493 flwr - INFO - Run finished 5 round(s) in 664.49s
[2026-07-19 17:00:09,708] 495 flwr - INFO - 	History (loss, distributed):
[2026-07-19 17:00:09,708] 495 flwr - INFO - 		round 1: 0.20705959239116042
[2026-07-19 17:00:09,708] 495 flwr - INFO - 		round 2: 0.06582217730242292
[2026-07-19 17:00:09,708] 495 flwr - INFO - 		round 3: 0.05882170720140212
[2026-07-19 17:00:09,708] 495 flwr - INFO - 		round 4: 0.05677578722010207
[2026-07-19 17:00:09,710] 495 flwr - INFO - 		round 5: 0.05569660690821757
[2026-07-19 17:00:09,710] 495 flwr - INFO - 	History (metrics, distributed, fit):
[2026-07-19 17:00:09,710] 495 flwr - INFO - 	{'clients': [(1, 20), (2, 20), (3, 20), (4, 20), (5, 20)],
[2026-07-19 17:00:09,710] 495 flwr - INFO - 	 'flagged': [(1, 2), (2, 1), (3, 1), (4, 1), (5, 1)],
[2026-07-19 17:00:09,710] 495 flwr - INFO - 	 'max_trust': [(1, 0.06859307634348465),
[2026-07-19 17:00:09,710] 495 flwr - INFO - 	               (2, 0.07142857142857142),
[2026-07-19 17:00:09,710] 495 flwr - INFO - 	               (3, 0.07142857142857142),
[2026-07-19 17:00:09,710] 495 flwr - INFO - 	               (4, 0.07142857142857142),
[2026-07-19 17:00:09,710] 495 flwr - INFO - 	               (5, 0.07142857142857142)],
[2026-07-19 17:00:09,710] 495 flwr - INFO - 	 'min_trust': [(1, 0.02921480517237592),
[2026-07-19 17:00:09,710] 495 flwr - INFO - 	               (2, 0.01919742426228803),
[2026-07-19 17:00:09,710] 495 flwr - INFO - 	               (3, 0.016896795580218626),
[2026-07-19 17:00:09,710] 495 flwr - INFO - 	               (4, 0.016315957540890557),
[2026-07-19 17:00:09,710] 495 flwr - INFO - 	               (5, 0.01610345746799418)],
[2026-07-19 17:00:09,710] 495 flwr - INFO - 	 'round': [(1, 1), (2, 2), (3, 3), (4, 4), (5, 5)]}
[2026-07-19 17:00:09,710] 495 flwr - INFO - 	History (metrics, distributed, evaluate):
[2026-07-19 17:00:09,710] 495 flwr - INFO - 	{'macro_f1': [(1, 0.42070667741288714),
[2026-07-19 17:00:09,710] 495 flwr - INFO - 	              (2, 0.5429802766320799),
[2026-07-19 17:00:09,710] 495 flwr - INFO - 	              (3, 0.5934953380850296),
[2026-07-19 17:00:09,710] 495 flwr - INFO - 	              (4, 0.5953482282415746),
[2026-07-19 17:00:09,710] 495 flwr - INFO - 	              (5, 0.6011043129690999)],
[2026-07-19 17:00:09,710] 495 flwr - INFO - 	 'round': [(1, 1), (2, 2), (3, 3), (4, 4), (5, 5)],
[2026-07-19 17:00:09,710] 495 flwr - INFO - 	 'target_class_accuracy': [(1, 0.9996751461842172),
[2026-07-19 17:00:09,710] 495 flwr - INFO - 	                           (2, 0.9998000899595182),
[2026-07-19 17:00:09,710] 495 flwr - INFO - 	                           (3, 0.9998000899595182),
[2026-07-19 17:00:09,710] 495 flwr - INFO - 	                           (4, 0.9998000899595182),
[2026-07-19 17:00:09,710] 495 flwr - INFO - 	                           (5, 0.9998000899595182)],
[2026-07-19 17:00:09,710] 495 flwr - INFO - 	 'val_accuracy': [(1, 0.9662850377522384),
[2026-07-19 17:00:09,710] 495 flwr - INFO - 	                  (2, 0.9838488072965388),
[2026-07-19 17:00:09,710] 495 flwr - INFO - 	                  (3, 0.9823861168648937),
[2026-07-19 17:00:09,710] 495 flwr - INFO - 	                  (4, 0.982439362555125),
[2026-07-19 17:00:09,710] 495 flwr - INFO - 	                  (5, 0.9825990996258185)],
[2026-07-19 17:00:09,710] 495 flwr - INFO - 	 'weighted_f1': [(1, 0.9560485466021517),
[2026-07-19 17:00:09,710] 495 flwr - INFO - 	                 (2, 0.9803784578853658),
[2026-07-19 17:00:09,710] 495 flwr - INFO - 	                 (3, 0.978831843963954),
[2026-07-19 17:00:09,710] 495 flwr - INFO - 	                 (4, 0.978893975818047),
[2026-07-19 17:00:09,712] 495 flwr - INFO - 	                 (5, 0.979073192888742)]}
[2026-07-19 17:00:09,712] 496 flwr - INFO - 
