[2026-07-15 16:21:12,630] 268 flwr - WARNING - DEPRECATED FEATURE: flwr.simulation.start_simulation() is deprecated.
	Instead, use the `flwr run` CLI command to start a local simulation in your Flower app, as shown for example below:

		$ flwr new  # Create a new Flower app from a template

		$ flwr run  # Run the Flower app in Simulation Mode

	Using `start_simulation()` is deprecated.

            This is a deprecated feature. It will be removed
            entirely in future versions of Flower.
        
[2026-07-15 16:21:12,632] 241 flwr - INFO - Starting Flower simulation, config: num_rounds=3, no round_timeout
[2026-07-15 16:21:20,312] 264 flwr - INFO - Flower VCE: Ray initialized with resources: {'object_store_memory': 2603199283.0, 'GPU': 1.0, 'memory': 6074131661.0, 'node:__internal_head__': 1.0, 'node:127.0.0.1': 1.0, 'accelerator_type:G': 1.0, 'CPU': 6.0}
[2026-07-15 16:21:20,314] 270 flwr - INFO - Optimize your simulation with Flower VCE: https://flower.ai/docs/framework/how-to-run-simulations.html
[2026-07-15 16:21:20,314] 293 flwr - INFO - Flower VCE: Resources for each Virtual Client: {'num_cpus': 1, 'num_gpus': 0.0}
[2026-07-15 16:21:20,330] 339 flwr - INFO - Flower VCE: Creating VirtualClientEngineActorPool with 6 actors
[2026-07-15 16:21:20,330] 91 flwr - INFO - [INIT]
[2026-07-15 16:21:20,330] 272 flwr - INFO - Using initial global parameters provided by strategy
[2026-07-15 16:21:20,330] 93 flwr - INFO - Starting evaluation of initial global parameters
[2026-07-15 16:21:20,330] 105 flwr - INFO - Evaluation returned no results (`None`)
[2026-07-15 16:21:20,330] 111 flwr - INFO - 
[2026-07-15 16:21:20,330] 112 flwr - INFO - [ROUND 1]
[2026-07-15 16:21:20,331] 221 flwr - INFO - configure_fit: strategy sampled 20 clients (out of 50)
[2026-07-15 16:22:01,576] 235 flwr - INFO - aggregate_fit: received 20 results and 0 failures
[2026-07-15 16:22:01,601] 251 flwr - WARNING - No fit_metrics_aggregation_fn provided
[2026-07-15 16:22:01,601] 175 flwr - INFO - configure_evaluate: strategy sampled 20 clients (out of 50)
[2026-07-15 16:22:02,587] 189 flwr - INFO - aggregate_evaluate: received 20 results and 0 failures
[2026-07-15 16:22:02,587] 111 flwr - INFO - 
[2026-07-15 16:22:02,587] 112 flwr - INFO - [ROUND 2]
[2026-07-15 16:22:02,587] 221 flwr - INFO - configure_fit: strategy sampled 20 clients (out of 50)
[2026-07-15 16:22:32,815] 235 flwr - INFO - aggregate_fit: received 20 results and 0 failures
[2026-07-15 16:22:32,838] 175 flwr - INFO - configure_evaluate: strategy sampled 20 clients (out of 50)
[2026-07-15 16:22:33,562] 189 flwr - INFO - aggregate_evaluate: received 20 results and 0 failures
[2026-07-15 16:22:33,562] 111 flwr - INFO - 
[2026-07-15 16:22:33,562] 112 flwr - INFO - [ROUND 3]
[2026-07-15 16:22:33,562] 221 flwr - INFO - configure_fit: strategy sampled 20 clients (out of 50)
[2026-07-15 16:22:59,230] 235 flwr - INFO - aggregate_fit: received 20 results and 0 failures
[2026-07-15 16:22:59,254] 175 flwr - INFO - configure_evaluate: strategy sampled 20 clients (out of 50)
[2026-07-15 16:23:00,372] 189 flwr - INFO - aggregate_evaluate: received 20 results and 0 failures
[2026-07-15 16:23:00,372] 491 flwr - INFO - 
[2026-07-15 16:23:00,372] 492 flwr - INFO - [SUMMARY]
[2026-07-15 16:23:00,372] 493 flwr - INFO - Run finished 3 round(s) in 100.04s
[2026-07-15 16:23:00,374] 495 flwr - INFO - 	History (loss, distributed):
[2026-07-15 16:23:00,374] 495 flwr - INFO - 		round 1: 2.5021432959918135
[2026-07-15 16:23:00,374] 495 flwr - INFO - 		round 2: 3.4672292418859447
[2026-07-15 16:23:00,374] 495 flwr - INFO - 		round 3: nan
[2026-07-15 16:23:00,374] 495 flwr - INFO - 	History (metrics, distributed, evaluate):
[2026-07-15 16:23:00,374] 495 flwr - INFO - 	{'val_accuracy': [(1, 0.9144022854515901),
[2026-07-15 16:23:00,374] 495 flwr - INFO - 	                  (2, 0.05481979355989164),
[2026-07-15 16:23:00,374] 495 flwr - INFO - 	                  (3, 0.7483777821036922)]}
[2026-07-15 16:23:00,374] 496 flwr - INFO - 
