[2026-07-12 14:47:19,895] 268 flwr - WARNING - DEPRECATED FEATURE: flwr.simulation.start_simulation() is deprecated.
	Instead, use the `flwr run` CLI command to start a local simulation in your Flower app, as shown for example below:

		$ flwr new  # Create a new Flower app from a template

		$ flwr run  # Run the Flower app in Simulation Mode

	Using `start_simulation()` is deprecated.

            This is a deprecated feature. It will be removed
            entirely in future versions of Flower.
        
[2026-07-12 14:47:19,928] 241 flwr - INFO - Starting Flower simulation, config: num_rounds=3, no round_timeout
[2026-07-12 14:47:30,944] 264 flwr - INFO - Flower VCE: Ray initialized with resources: {'node:127.0.0.1': 1.0, 'GPU': 1.0, 'memory': 6053685658.0, 'node:__internal_head__': 1.0, 'accelerator_type:G': 1.0, 'object_store_memory': 2594436710.0, 'CPU': 6.0}
[2026-07-12 14:47:30,944] 270 flwr - INFO - Optimize your simulation with Flower VCE: https://flower.ai/docs/framework/how-to-run-simulations.html
[2026-07-12 14:47:30,945] 293 flwr - INFO - Flower VCE: Resources for each Virtual Client: {'num_cpus': 1, 'num_gpus': 0.0}
[2026-07-12 14:47:30,962] 339 flwr - INFO - Flower VCE: Creating VirtualClientEngineActorPool with 6 actors
[2026-07-12 14:47:30,962] 91 flwr - INFO - [INIT]
[2026-07-12 14:47:30,962] 272 flwr - INFO - Using initial global parameters provided by strategy
[2026-07-12 14:47:30,963] 93 flwr - INFO - Starting evaluation of initial global parameters
[2026-07-12 14:47:30,963] 105 flwr - INFO - Evaluation returned no results (`None`)
[2026-07-12 14:47:30,963] 111 flwr - INFO - 
[2026-07-12 14:47:30,963] 112 flwr - INFO - [ROUND 1]
[2026-07-12 14:47:30,964] 221 flwr - INFO - configure_fit: strategy sampled 20 clients (out of 50)
[2026-07-12 14:48:16,245] 235 flwr - INFO - aggregate_fit: received 20 results and 0 failures
[2026-07-12 14:48:16,270] 251 flwr - WARNING - No fit_metrics_aggregation_fn provided
[2026-07-12 14:48:16,270] 175 flwr - INFO - configure_evaluate: strategy sampled 20 clients (out of 50)
[2026-07-12 14:48:17,291] 189 flwr - INFO - aggregate_evaluate: received 20 results and 0 failures
[2026-07-12 14:48:17,291] 111 flwr - INFO - 
[2026-07-12 14:48:17,291] 112 flwr - INFO - [ROUND 2]
[2026-07-12 14:48:17,291] 221 flwr - INFO - configure_fit: strategy sampled 20 clients (out of 50)
[2026-07-12 14:48:35,647] 235 flwr - INFO - aggregate_fit: received 20 results and 0 failures
[2026-07-12 14:48:35,670] 175 flwr - INFO - configure_evaluate: strategy sampled 20 clients (out of 50)
[2026-07-12 14:48:36,882] 189 flwr - INFO - aggregate_evaluate: received 20 results and 0 failures
[2026-07-12 14:48:36,882] 111 flwr - INFO - 
[2026-07-12 14:48:36,882] 112 flwr - INFO - [ROUND 3]
[2026-07-12 14:48:36,882] 221 flwr - INFO - configure_fit: strategy sampled 20 clients (out of 50)
[2026-07-12 14:48:57,933] 235 flwr - INFO - aggregate_fit: received 20 results and 0 failures
[2026-07-12 14:48:57,956] 175 flwr - INFO - configure_evaluate: strategy sampled 20 clients (out of 50)
[2026-07-12 14:48:58,462] 189 flwr - INFO - aggregate_evaluate: received 20 results and 0 failures
[2026-07-12 14:48:58,462] 491 flwr - INFO - 
[2026-07-12 14:48:58,463] 492 flwr - INFO - [SUMMARY]
[2026-07-12 14:48:58,463] 493 flwr - INFO - Run finished 3 round(s) in 87.50s
[2026-07-12 14:48:58,463] 495 flwr - INFO - 	History (loss, distributed):
[2026-07-12 14:48:58,463] 495 flwr - INFO - 		round 1: 0.9058712310214125
[2026-07-12 14:48:58,463] 495 flwr - INFO - 		round 2: nan
[2026-07-12 14:48:58,464] 495 flwr - INFO - 		round 3: nan
[2026-07-12 14:48:58,464] 495 flwr - INFO - 	History (metrics, distributed, evaluate):
[2026-07-12 14:48:58,464] 495 flwr - INFO - 	{'val_accuracy': [(1, 0.9489205100656785),
[2026-07-12 14:48:58,464] 495 flwr - INFO - 	                  (2, 0.7570293360526283),
[2026-07-12 14:48:58,464] 495 flwr - INFO - 	                  (3, 0.632855753775326)]}
[2026-07-12 14:48:58,464] 496 flwr - INFO - 
