[2026-07-18 15:46:50,352] 17 root - INFO - Data pipeline started (CSE-CIC-IDS2018)
[2026-07-18 15:46:50,352] 27 root - INFO - IDS2018 CSVs not found locally — downloading via kagglehub (dataset: solarmainframe/ids-intrusion-csv) …
[2026-07-18 15:46:50,352] 31 root - INFO - NOTE: First download is ~1.6 GB. Subsequent runs use the kagglehub cache.
[2026-07-18 15:49:54,063] 39 root - INFO - kagglehub download complete. Files at: C:\Users\Aarush\.cache\kagglehub\datasets\solarmainframe\ids-intrusion-csv\versions\1
[2026-07-18 15:49:54,063] 80 root - INFO - Loading 10 CSV file(s) from C:\Users\Aarush\.cache\kagglehub\datasets\solarmainframe\ids-intrusion-csv\versions\1 …
[2026-07-18 15:49:54,063] 86 root - INFO -   Reading 02-14-2018.csv …
[2026-07-18 15:50:05,704] 86 root - INFO -   Reading 02-15-2018.csv …
[2026-07-18 15:50:17,793] 86 root - INFO -   Reading 02-16-2018.csv …
[2026-07-18 15:51:26,268] 86 root - INFO -   Reading 02-20-2018.csv …
[2026-07-18 15:53:56,327] 86 root - INFO -   Reading 02-21-2018.csv …
[2026-07-18 15:54:07,692] 86 root - INFO -   Reading 02-22-2018.csv …
[2026-07-18 15:54:19,554] 86 root - INFO -   Reading 02-23-2018.csv …
[2026-07-18 15:54:31,503] 86 root - INFO -   Reading 02-28-2018.csv …
[2026-07-18 15:55:05,788] 86 root - INFO -   Reading 03-01-2018.csv …
[2026-07-18 15:55:24,285] 86 root - INFO -   Reading 03-02-2018.csv …
[2026-07-18 15:55:55,045] 113 root - INFO - CSE-CIC-IDS2018 loaded: 16,233,002 rows, 84 columns
[2026-07-18 15:56:53,226] 24 root - INFO - Raw parquet saved \u2192 C:\Users\Aarush\FL-IDS-Capstone\artifacts\raw\cicids2018_raw.parquet
[2026-07-18 15:56:53,228] 59 root - INFO - Starting preprocessing
[2026-07-18 16:04:11,405] 76 root - INFO - Preprocessing done: 16232943 rows, 44 features, 15 classes
[2026-07-18 16:04:55,820] 65 root - INFO - Non-IID partitioning done: 50 clients, alpha=0.5
[2026-07-18 16:05:50,389] 93 root - INFO - Saved 50 train/val partitions to C:\Users\Aarush\FL-IDS-Capstone\artifacts\data
[2026-07-18 16:05:50,484] 45 root - INFO - Data pipeline completed
