[2026-07-15 13:09:20,971] 268 flwr - WARNING - DEPRECATED FEATURE: flwr.simulation.start_simulation() is deprecated.
	Instead, use the `flwr run` CLI command to start a local simulation in your Flower app, as shown for example below:

		$ flwr new  # Create a new Flower app from a template

		$ flwr run  # Run the Flower app in Simulation Mode

	Using `start_simulation()` is deprecated.

            This is a deprecated feature. It will be removed
            entirely in future versions of Flower.
        
[2026-07-15 13:09:20,973] 241 flwr - INFO - Starting Flower simulation, config: num_rounds=3, no round_timeout
[2026-07-15 13:09:32,385] 264 flwr - INFO - Flower VCE: Ray initialized with resources: {'object_store_memory': 1831617331.0, 'GPU': 1.0, 'memory': 4273773773.0, 'accelerator_type:G': 1.0, 'node:127.0.0.1': 1.0, 'node:__internal_head__': 1.0, 'CPU': 6.0}
[2026-07-15 13:09:32,385] 270 flwr - INFO - Optimize your simulation with Flower VCE: https://flower.ai/docs/framework/how-to-run-simulations.html
[2026-07-15 13:09:32,385] 293 flwr - INFO - Flower VCE: Resources for each Virtual Client: {'num_cpus': 1, 'num_gpus': 0.0}
[2026-07-15 13:09:32,422] 339 flwr - INFO - Flower VCE: Creating VirtualClientEngineActorPool with 6 actors
[2026-07-15 13:09:32,423] 91 flwr - INFO - [INIT]
[2026-07-15 13:09:32,423] 272 flwr - INFO - Using initial global parameters provided by strategy
[2026-07-15 13:09:32,423] 93 flwr - INFO - Starting evaluation of initial global parameters
[2026-07-15 13:09:32,423] 105 flwr - INFO - Evaluation returned no results (`None`)
[2026-07-15 13:09:32,423] 111 flwr - INFO - 
[2026-07-15 13:09:32,423] 112 flwr - INFO - [ROUND 1]
[2026-07-15 13:09:32,424] 221 flwr - INFO - configure_fit: strategy sampled 20 clients (out of 50)
[2026-07-15 13:10:22,214] 235 flwr - INFO - aggregate_fit: received 20 results and 0 failures
[2026-07-15 13:10:22,250] 251 flwr - WARNING - No fit_metrics_aggregation_fn provided
[2026-07-15 13:10:22,250] 175 flwr - INFO - configure_evaluate: strategy sampled 20 clients (out of 50)
[2026-07-15 13:10:23,152] 189 flwr - INFO - aggregate_evaluate: received 20 results and 0 failures
[2026-07-15 13:10:23,152] 111 flwr - INFO - 
[2026-07-15 13:10:23,154] 112 flwr - INFO - [ROUND 2]
[2026-07-15 13:10:23,154] 221 flwr - INFO - configure_fit: strategy sampled 20 clients (out of 50)
[2026-07-15 13:10:51,767] 235 flwr - INFO - aggregate_fit: received 20 results and 0 failures
[2026-07-15 13:10:51,798] 175 flwr - INFO - configure_evaluate: strategy sampled 20 clients (out of 50)
[2026-07-15 13:10:52,352] 189 flwr - INFO - aggregate_evaluate: received 20 results and 0 failures
[2026-07-15 13:10:52,352] 111 flwr - INFO - 
[2026-07-15 13:10:52,352] 112 flwr - INFO - [ROUND 3]
[2026-07-15 13:10:52,352] 221 flwr - INFO - configure_fit: strategy sampled 20 clients (out of 50)
[2026-07-15 13:11:22,348] 235 flwr - INFO - aggregate_fit: received 20 results and 0 failures
[2026-07-15 13:11:22,371] 175 flwr - INFO - configure_evaluate: strategy sampled 20 clients (out of 50)
[2026-07-15 13:11:23,467] 189 flwr - INFO - aggregate_evaluate: received 20 results and 0 failures
[2026-07-15 13:11:23,467] 491 flwr - INFO - 
[2026-07-15 13:11:23,467] 492 flwr - INFO - [SUMMARY]
[2026-07-15 13:11:23,467] 493 flwr - INFO - Run finished 3 round(s) in 111.04s
[2026-07-15 13:11:23,467] 495 flwr - INFO - 	History (loss, distributed):
[2026-07-15 13:11:23,467] 495 flwr - INFO - 		round 1: 0.2029876453378703
[2026-07-15 13:11:23,467] 495 flwr - INFO - 		round 2: 0.18043965247725602
[2026-07-15 13:11:23,470] 495 flwr - INFO - 		round 3: 0.051126832095634595
[2026-07-15 13:11:23,470] 495 flwr - INFO - 	History (metrics, distributed, evaluate):
[2026-07-15 13:11:23,470] 495 flwr - INFO - 	{'val_accuracy': [(1, 0.9579942485042806),
[2026-07-15 13:11:23,470] 495 flwr - INFO - 	                  (2, 0.9568459564521457),
[2026-07-15 13:11:23,470] 495 flwr - INFO - 	                  (3, 0.9881964551481531)]}
[2026-07-15 13:11:23,470] 496 flwr - INFO - 
