[2026-07-18 16:07:59,047] 268 flwr - WARNING - DEPRECATED FEATURE: flwr.simulation.start_simulation() is deprecated.
	Instead, use the `flwr run` CLI command to start a local simulation in your Flower app, as shown for example below:

		$ flwr new  # Create a new Flower app from a template

		$ flwr run  # Run the Flower app in Simulation Mode

	Using `start_simulation()` is deprecated.

            This is a deprecated feature. It will be removed
            entirely in future versions of Flower.
        
[2026-07-18 16:07:59,049] 241 flwr - INFO - Starting Flower simulation, config: num_rounds=3, no round_timeout
[2026-07-18 16:08:07,495] 264 flwr - INFO - Flower VCE: Ray initialized with resources: {'node:127.0.0.1': 1.0, 'GPU': 1.0, 'memory': 8583774618.0, 'node:__internal_head__': 1.0, 'accelerator_type:G': 1.0, 'object_store_memory': 3678760550.0, 'CPU': 6.0}
[2026-07-18 16:08:07,495] 270 flwr - INFO - Optimize your simulation with Flower VCE: https://flower.ai/docs/framework/how-to-run-simulations.html
[2026-07-18 16:08:07,495] 293 flwr - INFO - Flower VCE: Resources for each Virtual Client: {'num_cpus': 1, 'num_gpus': 0.0}
[2026-07-18 16:08:07,514] 339 flwr - INFO - Flower VCE: Creating VirtualClientEngineActorPool with 6 actors
[2026-07-18 16:08:07,514] 91 flwr - INFO - [INIT]
[2026-07-18 16:08:07,514] 272 flwr - INFO - Using initial global parameters provided by strategy
[2026-07-18 16:08:07,514] 93 flwr - INFO - Starting evaluation of initial global parameters
[2026-07-18 16:08:07,514] 105 flwr - INFO - Evaluation returned no results (`None`)
[2026-07-18 16:08:07,514] 111 flwr - INFO - 
[2026-07-18 16:08:07,514] 112 flwr - INFO - [ROUND 1]
[2026-07-18 16:08:07,516] 221 flwr - INFO - configure_fit: strategy sampled 20 clients (out of 50)
[2026-07-18 16:12:37,377] 235 flwr - INFO - aggregate_fit: received 20 results and 0 failures
[2026-07-18 16:12:37,393] 251 flwr - WARNING - No fit_metrics_aggregation_fn provided
[2026-07-18 16:12:37,394] 175 flwr - INFO - configure_evaluate: strategy sampled 20 clients (out of 50)
[2026-07-18 16:12:43,194] 189 flwr - INFO - aggregate_evaluate: received 20 results and 0 failures
[2026-07-18 16:12:43,194] 111 flwr - INFO - 
[2026-07-18 16:12:43,194] 112 flwr - INFO - [ROUND 2]
[2026-07-18 16:12:43,196] 221 flwr - INFO - configure_fit: strategy sampled 20 clients (out of 50)
[2026-07-18 16:14:34,503] 235 flwr - INFO - aggregate_fit: received 20 results and 0 failures
[2026-07-18 16:14:34,644] 175 flwr - INFO - configure_evaluate: strategy sampled 20 clients (out of 50)
[2026-07-18 16:14:39,282] 189 flwr - INFO - aggregate_evaluate: received 20 results and 0 failures
[2026-07-18 16:14:39,282] 111 flwr - INFO - 
[2026-07-18 16:14:39,282] 112 flwr - INFO - [ROUND 3]
[2026-07-18 16:14:39,282] 221 flwr - INFO - configure_fit: strategy sampled 20 clients (out of 50)
[2026-07-18 16:18:03,317] 235 flwr - INFO - aggregate_fit: received 20 results and 0 failures
[2026-07-18 16:18:03,334] 175 flwr - INFO - configure_evaluate: strategy sampled 20 clients (out of 50)
[2026-07-18 16:18:07,434] 189 flwr - INFO - aggregate_evaluate: received 20 results and 0 failures
[2026-07-18 16:18:07,434] 491 flwr - INFO - 
[2026-07-18 16:18:07,434] 492 flwr - INFO - [SUMMARY]
[2026-07-18 16:18:07,434] 493 flwr - INFO - Run finished 3 round(s) in 599.92s
[2026-07-18 16:18:07,434] 495 flwr - INFO - 	History (loss, distributed):
[2026-07-18 16:18:07,434] 495 flwr - INFO - 		round 1: 0.06640615954717466
[2026-07-18 16:18:07,434] 495 flwr - INFO - 		round 2: 0.07585718651796591
[2026-07-18 16:18:07,434] 495 flwr - INFO - 		round 3: 0.08365550506527286
[2026-07-18 16:18:07,436] 495 flwr - INFO - 	History (metrics, distributed, evaluate):
[2026-07-18 16:18:07,436] 495 flwr - INFO - 	{'val_accuracy': [(1, 0.9825399954148348),
[2026-07-18 16:18:07,436] 495 flwr - INFO - 	                  (2, 0.9851682163052603),
[2026-07-18 16:18:07,436] 495 flwr - INFO - 	                  (3, 0.9805272650023182)]}
[2026-07-18 16:18:07,436] 496 flwr - INFO - 
