[2026-07-19 12:17:47,616] 117 root - INFO - [Aggregator] AL-CMT initialized — cap_t=0.0714, temperature=2.0, ema_momentum=0.9
[2026-07-19 12:17:49,258] 268 flwr - WARNING - DEPRECATED FEATURE: flwr.simulation.start_simulation() is deprecated.
	Instead, use the `flwr run` CLI command to start a local simulation in your Flower app, as shown for example below:

		$ flwr new  # Create a new Flower app from a template

		$ flwr run  # Run the Flower app in Simulation Mode

	Using `start_simulation()` is deprecated.

            This is a deprecated feature. It will be removed
            entirely in future versions of Flower.
        
[2026-07-19 12:17:49,258] 241 flwr - INFO - Starting Flower simulation, config: num_rounds=5, no round_timeout
[2026-07-19 12:17:55,794] 264 flwr - INFO - Flower VCE: Ray initialized with resources: {'node:127.0.0.1': 1.0, 'GPU': 1.0, 'memory': 6971014759.0, 'node:__internal_head__': 1.0, 'accelerator_type:G': 1.0, 'object_store_memory': 2987577753.0, 'CPU': 6.0}
[2026-07-19 12:17:55,794] 270 flwr - INFO - Optimize your simulation with Flower VCE: https://flower.ai/docs/framework/how-to-run-simulations.html
[2026-07-19 12:17:55,794] 293 flwr - INFO - Flower VCE: Resources for each Virtual Client: {'num_cpus': 1, 'num_gpus': 0.0}
[2026-07-19 12:17:55,807] 339 flwr - INFO - Flower VCE: Creating VirtualClientEngineActorPool with 6 actors
[2026-07-19 12:17:55,807] 91 flwr - INFO - [INIT]
[2026-07-19 12:17:55,807] 272 flwr - INFO - Using initial global parameters provided by strategy
[2026-07-19 12:17:55,807] 93 flwr - INFO - Starting evaluation of initial global parameters
[2026-07-19 12:17:55,807] 105 flwr - INFO - Evaluation returned no results (`None`)
[2026-07-19 12:17:55,807] 111 flwr - INFO - 
[2026-07-19 12:17:55,807] 112 flwr - INFO - [ROUND 1]
[2026-07-19 12:17:55,808] 221 flwr - INFO - configure_fit: strategy sampled 20 clients (out of 20)
[2026-07-19 12:20:00,937] 235 flwr - INFO - aggregate_fit: received 20 results and 0 failures
[2026-07-19 12:20:00,951] 188 root - INFO - [Aggregator] Round 1: 2/20 clients flagged by MAD.
[2026-07-19 12:20:00,952] 201 root - INFO - [Aggregator] Round 1: trust_weights min=0.0263 max=0.0692 zero_count=0
[2026-07-19 12:20:00,957] 175 flwr - INFO - configure_evaluate: strategy sampled 20 clients (out of 20)
[2026-07-19 12:20:05,226] 189 flwr - INFO - aggregate_evaluate: received 20 results and 0 failures
[2026-07-19 12:20:05,226] 111 flwr - INFO - 
[2026-07-19 12:20:05,226] 112 flwr - INFO - [ROUND 2]
[2026-07-19 12:20:05,226] 221 flwr - INFO - configure_fit: strategy sampled 20 clients (out of 20)
[2026-07-19 12:21:48,597] 235 flwr - INFO - aggregate_fit: received 20 results and 0 failures
[2026-07-19 12:21:48,611] 188 root - INFO - [Aggregator] Round 2: 1/20 clients flagged by MAD.
[2026-07-19 12:21:48,611] 201 root - INFO - [Aggregator] Round 2: trust_weights min=0.0170 max=0.0714 zero_count=0
[2026-07-19 12:21:48,617] 175 flwr - INFO - configure_evaluate: strategy sampled 20 clients (out of 20)
[2026-07-19 12:21:53,674] 189 flwr - INFO - aggregate_evaluate: received 20 results and 0 failures
[2026-07-19 12:21:53,676] 111 flwr - INFO - 
[2026-07-19 12:21:53,676] 112 flwr - INFO - [ROUND 3]
[2026-07-19 12:21:53,676] 221 flwr - INFO - configure_fit: strategy sampled 20 clients (out of 20)
[2026-07-19 12:24:04,719] 235 flwr - INFO - aggregate_fit: received 20 results and 0 failures
[2026-07-19 12:24:04,733] 188 root - INFO - [Aggregator] Round 3: 1/20 clients flagged by MAD.
[2026-07-19 12:24:04,733] 201 root - INFO - [Aggregator] Round 3: trust_weights min=0.0129 max=0.0714 zero_count=0
[2026-07-19 12:24:04,738] 175 flwr - INFO - configure_evaluate: strategy sampled 20 clients (out of 20)
[2026-07-19 12:24:09,119] 189 flwr - INFO - aggregate_evaluate: received 20 results and 0 failures
[2026-07-19 12:24:09,119] 111 flwr - INFO - 
[2026-07-19 12:24:09,119] 112 flwr - INFO - [ROUND 4]
[2026-07-19 12:24:09,119] 221 flwr - INFO - configure_fit: strategy sampled 20 clients (out of 20)
[2026-07-19 12:26:05,845] 235 flwr - INFO - aggregate_fit: received 20 results and 0 failures
[2026-07-19 12:26:05,857] 188 root - INFO - [Aggregator] Round 4: 1/20 clients flagged by MAD.
[2026-07-19 12:26:05,859] 201 root - INFO - [Aggregator] Round 4: trust_weights min=0.0117 max=0.0714 zero_count=0
[2026-07-19 12:26:05,863] 175 flwr - INFO - configure_evaluate: strategy sampled 20 clients (out of 20)
[2026-07-19 12:26:10,477] 189 flwr - INFO - aggregate_evaluate: received 20 results and 0 failures
[2026-07-19 12:26:10,477] 111 flwr - INFO - 
[2026-07-19 12:26:10,479] 112 flwr - INFO - [ROUND 5]
[2026-07-19 12:26:10,479] 221 flwr - INFO - configure_fit: strategy sampled 20 clients (out of 20)
[2026-07-19 12:27:54,315] 235 flwr - INFO - aggregate_fit: received 20 results and 0 failures
[2026-07-19 12:27:54,327] 188 root - INFO - [Aggregator] Round 5: 1/20 clients flagged by MAD.
[2026-07-19 12:27:54,329] 201 root - INFO - [Aggregator] Round 5: trust_weights min=0.0130 max=0.0714 zero_count=0
[2026-07-19 12:27:54,334] 175 flwr - INFO - configure_evaluate: strategy sampled 20 clients (out of 20)
[2026-07-19 12:27:59,751] 189 flwr - INFO - aggregate_evaluate: received 20 results and 0 failures
[2026-07-19 12:27:59,753] 491 flwr - INFO - 
[2026-07-19 12:27:59,753] 492 flwr - INFO - [SUMMARY]
[2026-07-19 12:27:59,753] 493 flwr - INFO - Run finished 5 round(s) in 603.94s
[2026-07-19 12:27:59,753] 495 flwr - INFO - 	History (loss, distributed):
[2026-07-19 12:27:59,755] 495 flwr - INFO - 		round 1: 0.09291592124742773
[2026-07-19 12:27:59,755] 495 flwr - INFO - 		round 2: 0.062068752902455004
[2026-07-19 12:27:59,755] 495 flwr - INFO - 		round 3: 0.05902851001972457
[2026-07-19 12:27:59,755] 495 flwr - INFO - 		round 4: 0.05861180266637895
[2026-07-19 12:27:59,755] 495 flwr - INFO - 		round 5: 0.058142928783909475
[2026-07-19 12:27:59,755] 495 flwr - INFO - 	History (metrics, distributed, fit):
[2026-07-19 12:27:59,755] 495 flwr - INFO - 	{'clients': [(1, 20), (2, 20), (3, 20), (4, 20), (5, 20)],
[2026-07-19 12:27:59,755] 495 flwr - INFO - 	 'flagged': [(1, 2), (2, 1), (3, 1), (4, 1), (5, 1)],
[2026-07-19 12:27:59,755] 495 flwr - INFO - 	 'max_trust': [(1, 0.06919417607077165),
[2026-07-19 12:27:59,755] 495 flwr - INFO - 	               (2, 0.07142857142857142),
[2026-07-19 12:27:59,755] 495 flwr - INFO - 	               (3, 0.07142857142857142),
[2026-07-19 12:27:59,755] 495 flwr - INFO - 	               (4, 0.07142857142857142),
[2026-07-19 12:27:59,755] 495 flwr - INFO - 	               (5, 0.07142857142857142)],
[2026-07-19 12:27:59,755] 495 flwr - INFO - 	 'min_trust': [(1, 0.026270314214312064),
[2026-07-19 12:27:59,755] 495 flwr - INFO - 	               (2, 0.01703284333949674),
[2026-07-19 12:27:59,755] 495 flwr - INFO - 	               (3, 0.012904101724477613),
[2026-07-19 12:27:59,755] 495 flwr - INFO - 	               (4, 0.011680852839702327),
[2026-07-19 12:27:59,755] 495 flwr - INFO - 	               (5, 0.013006717794080521)],
[2026-07-19 12:27:59,755] 495 flwr - INFO - 	 'round': [(1, 1), (2, 2), (3, 3), (4, 4), (5, 5)]}
[2026-07-19 12:27:59,755] 495 flwr - INFO - 	History (metrics, distributed, evaluate):
[2026-07-19 12:27:59,755] 495 flwr - INFO - 	{'round': [(1, 1), (2, 2), (3, 3), (4, 4), (5, 5)]}
[2026-07-19 12:27:59,755] 496 flwr - INFO - 
