[2026-07-15 18:30:42,791] 268 flwr - WARNING - DEPRECATED FEATURE: flwr.simulation.start_simulation() is deprecated.
	Instead, use the `flwr run` CLI command to start a local simulation in your Flower app, as shown for example below:

		$ flwr new  # Create a new Flower app from a template

		$ flwr run  # Run the Flower app in Simulation Mode

	Using `start_simulation()` is deprecated.

            This is a deprecated feature. It will be removed
            entirely in future versions of Flower.
        
[2026-07-15 18:30:42,793] 241 flwr - INFO - Starting Flower simulation, config: num_rounds=3, no round_timeout
[2026-07-15 18:30:49,956] 264 flwr - INFO - Flower VCE: Ray initialized with resources: {'node:127.0.0.1': 1.0, 'GPU': 1.0, 'memory': 5069275546.0, 'accelerator_type:G': 1.0, 'object_store_memory': 2172546662.0, 'node:__internal_head__': 1.0, 'CPU': 6.0}
[2026-07-15 18:30:49,957] 270 flwr - INFO - Optimize your simulation with Flower VCE: https://flower.ai/docs/framework/how-to-run-simulations.html
[2026-07-15 18:30:49,957] 293 flwr - INFO - Flower VCE: Resources for each Virtual Client: {'num_cpus': 1, 'num_gpus': 0.0}
[2026-07-15 18:30:49,971] 339 flwr - INFO - Flower VCE: Creating VirtualClientEngineActorPool with 6 actors
[2026-07-15 18:30:49,971] 91 flwr - INFO - [INIT]
[2026-07-15 18:30:49,971] 272 flwr - INFO - Using initial global parameters provided by strategy
[2026-07-15 18:30:49,972] 93 flwr - INFO - Starting evaluation of initial global parameters
[2026-07-15 18:30:49,972] 105 flwr - INFO - Evaluation returned no results (`None`)
[2026-07-15 18:30:49,972] 111 flwr - INFO - 
[2026-07-15 18:30:49,972] 112 flwr - INFO - [ROUND 1]
[2026-07-15 18:30:49,973] 221 flwr - INFO - configure_fit: strategy sampled 20 clients (out of 50)
[2026-07-15 18:31:08,889] 235 flwr - INFO - aggregate_fit: received 20 results and 0 failures
[2026-07-15 18:31:08,906] 251 flwr - WARNING - No fit_metrics_aggregation_fn provided
[2026-07-15 18:31:08,906] 175 flwr - INFO - configure_evaluate: strategy sampled 20 clients (out of 50)
[2026-07-15 18:31:09,715] 189 flwr - INFO - aggregate_evaluate: received 20 results and 0 failures
[2026-07-15 18:31:09,715] 111 flwr - INFO - 
[2026-07-15 18:31:09,715] 112 flwr - INFO - [ROUND 2]
[2026-07-15 18:31:09,715] 221 flwr - INFO - configure_fit: strategy sampled 20 clients (out of 50)
[2026-07-15 18:31:27,381] 235 flwr - INFO - aggregate_fit: received 20 results and 0 failures
[2026-07-15 18:31:27,399] 175 flwr - INFO - configure_evaluate: strategy sampled 20 clients (out of 50)
[2026-07-15 18:31:28,439] 189 flwr - INFO - aggregate_evaluate: received 20 results and 0 failures
[2026-07-15 18:31:28,439] 111 flwr - INFO - 
[2026-07-15 18:31:28,439] 112 flwr - INFO - [ROUND 3]
[2026-07-15 18:31:28,439] 221 flwr - INFO - configure_fit: strategy sampled 20 clients (out of 50)
[2026-07-15 18:31:46,629] 235 flwr - INFO - aggregate_fit: received 20 results and 0 failures
[2026-07-15 18:31:46,646] 175 flwr - INFO - configure_evaluate: strategy sampled 20 clients (out of 50)
[2026-07-15 18:31:47,329] 189 flwr - INFO - aggregate_evaluate: received 20 results and 0 failures
[2026-07-15 18:31:47,331] 491 flwr - INFO - 
[2026-07-15 18:31:47,331] 492 flwr - INFO - [SUMMARY]
[2026-07-15 18:31:47,331] 493 flwr - INFO - Run finished 3 round(s) in 57.36s
[2026-07-15 18:31:47,331] 495 flwr - INFO - 	History (loss, distributed):
[2026-07-15 18:31:47,331] 495 flwr - INFO - 		round 1: 0.16020070357533067
[2026-07-15 18:31:47,331] 495 flwr - INFO - 		round 2: 0.03720700306536085
[2026-07-15 18:31:47,331] 495 flwr - INFO - 		round 3: 0.03616876781781683
[2026-07-15 18:31:47,331] 495 flwr - INFO - 	History (metrics, distributed, evaluate):
[2026-07-15 18:31:47,331] 495 flwr - INFO - 	{'val_accuracy': [(1, 0.9772902976420564),
[2026-07-15 18:31:47,331] 495 flwr - INFO - 	                  (2, 0.9877085645162903),
[2026-07-15 18:31:47,331] 495 flwr - INFO - 	                  (3, 0.9882241021982129)]}
[2026-07-15 18:31:47,331] 496 flwr - INFO - 
