[2026-07-20 13:43:08,382] 255 root - INFO - [Aggregator] AL-CMT initialized — cap_t=0.0714, temperature=2.0, ema_momentum=0.9
[2026-07-20 13:43:09,945] 268 flwr - WARNING - DEPRECATED FEATURE: flwr.simulation.start_simulation() is deprecated.
	Instead, use the `flwr run` CLI command to start a local simulation in your Flower app, as shown for example below:

		$ flwr new  # Create a new Flower app from a template

		$ flwr run  # Run the Flower app in Simulation Mode

	Using `start_simulation()` is deprecated.

            This is a deprecated feature. It will be removed
            entirely in future versions of Flower.
        
[2026-07-20 13:43:09,947] 241 flwr - INFO - Starting Flower simulation, config: num_rounds=5, no round_timeout
[2026-07-20 13:43:16,914] 264 flwr - INFO - Flower VCE: Ray initialized with resources: {'object_store_memory': 3268045209.0, 'GPU': 1.0, 'memory': 7625438823.0, 'node:__internal_head__': 1.0, 'accelerator_type:G': 1.0, 'node:127.0.0.1': 1.0, 'CPU': 6.0}
[2026-07-20 13:43:16,914] 270 flwr - INFO - Optimize your simulation with Flower VCE: https://flower.ai/docs/framework/how-to-run-simulations.html
[2026-07-20 13:43:16,914] 293 flwr - INFO - Flower VCE: Resources for each Virtual Client: {'num_cpus': 1, 'num_gpus': 0.0}
[2026-07-20 13:43:16,926] 339 flwr - INFO - Flower VCE: Creating VirtualClientEngineActorPool with 6 actors
[2026-07-20 13:43:16,928] 91 flwr - INFO - [INIT]
[2026-07-20 13:43:16,928] 272 flwr - INFO - Using initial global parameters provided by strategy
[2026-07-20 13:43:16,928] 93 flwr - INFO - Starting evaluation of initial global parameters
[2026-07-20 13:43:16,928] 105 flwr - INFO - Evaluation returned no results (`None`)
[2026-07-20 13:43:16,928] 111 flwr - INFO - 
[2026-07-20 13:43:16,928] 112 flwr - INFO - [ROUND 1]
[2026-07-20 13:43:16,928] 221 flwr - INFO - configure_fit: strategy sampled 20 clients (out of 20)
[2026-07-20 13:45:25,556] 235 flwr - INFO - aggregate_fit: received 20 results and 0 failures
[2026-07-20 13:45:25,577] 441 root - INFO - [Aggregator] Round 1: 1/20 clients flagged by MAD.
[2026-07-20 13:45:25,577] 487 root - INFO - [Aggregator] Round 1: trust weights min=0.0290, max=0.0674, zero_count=0
[2026-07-20 13:45:25,583] 175 flwr - INFO - configure_evaluate: strategy sampled 20 clients (out of 20)
[2026-07-20 13:45:29,820] 189 flwr - INFO - aggregate_evaluate: received 20 results and 0 failures
[2026-07-20 13:45:29,820] 111 flwr - INFO - 
[2026-07-20 13:45:29,820] 112 flwr - INFO - [ROUND 2]
[2026-07-20 13:45:29,821] 221 flwr - INFO - configure_fit: strategy sampled 20 clients (out of 20)
[2026-07-20 13:47:40,555] 235 flwr - INFO - aggregate_fit: received 20 results and 0 failures
[2026-07-20 13:47:40,577] 441 root - INFO - [Aggregator] Round 2: 1/20 clients flagged by MAD.
[2026-07-20 13:47:40,577] 487 root - INFO - [Aggregator] Round 2: trust weights min=0.0187, max=0.0714, zero_count=0
[2026-07-20 13:47:40,581] 175 flwr - INFO - configure_evaluate: strategy sampled 20 clients (out of 20)
[2026-07-20 13:47:45,597] 189 flwr - INFO - aggregate_evaluate: received 20 results and 0 failures
[2026-07-20 13:47:45,599] 111 flwr - INFO - 
[2026-07-20 13:47:45,599] 112 flwr - INFO - [ROUND 3]
[2026-07-20 13:47:45,599] 221 flwr - INFO - configure_fit: strategy sampled 20 clients (out of 20)
[2026-07-20 13:49:39,988] 235 flwr - INFO - aggregate_fit: received 20 results and 0 failures
[2026-07-20 13:49:40,008] 441 root - INFO - [Aggregator] Round 3: 1/20 clients flagged by MAD.
[2026-07-20 13:49:40,009] 487 root - INFO - [Aggregator] Round 3: trust weights min=0.0162, max=0.0714, zero_count=0
[2026-07-20 13:49:40,014] 175 flwr - INFO - configure_evaluate: strategy sampled 20 clients (out of 20)
[2026-07-20 13:49:46,991] 189 flwr - INFO - aggregate_evaluate: received 20 results and 0 failures
[2026-07-20 13:49:46,991] 111 flwr - INFO - 
[2026-07-20 13:49:46,992] 112 flwr - INFO - [ROUND 4]
[2026-07-20 13:49:46,992] 221 flwr - INFO - configure_fit: strategy sampled 20 clients (out of 20)
[2026-07-20 13:51:47,362] 235 flwr - INFO - aggregate_fit: received 20 results and 0 failures
[2026-07-20 13:51:47,382] 441 root - INFO - [Aggregator] Round 4: 1/20 clients flagged by MAD.
[2026-07-20 13:51:47,383] 487 root - INFO - [Aggregator] Round 4: trust weights min=0.0145, max=0.0714, zero_count=0
[2026-07-20 13:51:47,389] 175 flwr - INFO - configure_evaluate: strategy sampled 20 clients (out of 20)
[2026-07-20 13:51:52,835] 189 flwr - INFO - aggregate_evaluate: received 20 results and 0 failures
[2026-07-20 13:51:52,836] 111 flwr - INFO - 
[2026-07-20 13:51:52,836] 112 flwr - INFO - [ROUND 5]
[2026-07-20 13:51:52,836] 221 flwr - INFO - configure_fit: strategy sampled 20 clients (out of 20)
[2026-07-20 13:53:51,692] 235 flwr - INFO - aggregate_fit: received 20 results and 0 failures
[2026-07-20 13:53:51,714] 441 root - INFO - [Aggregator] Round 5: 1/20 clients flagged by MAD.
[2026-07-20 13:53:51,715] 487 root - INFO - [Aggregator] Round 5: trust weights min=0.0149, max=0.0714, zero_count=0
[2026-07-20 13:53:51,721] 175 flwr - INFO - configure_evaluate: strategy sampled 20 clients (out of 20)
[2026-07-20 13:53:56,967] 189 flwr - INFO - aggregate_evaluate: received 20 results and 0 failures
[2026-07-20 13:53:56,969] 491 flwr - INFO - 
[2026-07-20 13:53:56,969] 492 flwr - INFO - [SUMMARY]
[2026-07-20 13:53:56,969] 493 flwr - INFO - Run finished 5 round(s) in 640.04s
[2026-07-20 13:53:56,970] 495 flwr - INFO - 	History (loss, distributed):
[2026-07-20 13:53:56,971] 495 flwr - INFO - 		round 1: 0.28449603020235387
[2026-07-20 13:53:56,971] 495 flwr - INFO - 		round 2: 0.26102153652461335
[2026-07-20 13:53:56,971] 495 flwr - INFO - 		round 3: 0.26281785947332587
[2026-07-20 13:53:56,971] 495 flwr - INFO - 		round 4: 0.2197223848782175
[2026-07-20 13:53:56,971] 495 flwr - INFO - 		round 5: 0.1726001661150591
[2026-07-20 13:53:56,971] 495 flwr - INFO - 	History (metrics, distributed, fit):
[2026-07-20 13:53:56,971] 495 flwr - INFO - 	{'clients': [(1, 20), (2, 20), (3, 20), (4, 20), (5, 20)],
[2026-07-20 13:53:56,971] 495 flwr - INFO - 	 'flagged': [(1, 1), (2, 1), (3, 1), (4, 1), (5, 1)],
[2026-07-20 13:53:56,971] 495 flwr - INFO - 	 'max_trust': [(1, 0.0673535903410349),
[2026-07-20 13:53:56,971] 495 flwr - INFO - 	               (2, 0.07142857142857142),
[2026-07-20 13:53:56,971] 495 flwr - INFO - 	               (3, 0.07142857142857144),
[2026-07-20 13:53:56,971] 495 flwr - INFO - 	               (4, 0.07142857142857142),
[2026-07-20 13:53:56,971] 495 flwr - INFO - 	               (5, 0.07142857142857142)],
[2026-07-20 13:53:56,971] 495 flwr - INFO - 	 'min_trust': [(1, 0.029038066700846854),
[2026-07-20 13:53:56,972] 495 flwr - INFO - 	               (2, 0.018737861300730803),
[2026-07-20 13:53:56,972] 495 flwr - INFO - 	               (3, 0.016167621715971848),
[2026-07-20 13:53:56,972] 495 flwr - INFO - 	               (4, 0.014547493306645398),
[2026-07-20 13:53:56,972] 495 flwr - INFO - 	               (5, 0.014949765001753355)],
[2026-07-20 13:53:56,972] 495 flwr - INFO - 	 'round': [(1, 1), (2, 2), (3, 3), (4, 4), (5, 5)]}
[2026-07-20 13:53:56,972] 495 flwr - INFO - 	History (metrics, distributed, evaluate):
[2026-07-20 13:53:56,972] 495 flwr - INFO - 	{'macro_f1': [(1, 0.3404534385185241),
[2026-07-20 13:53:56,972] 495 flwr - INFO - 	              (2, 0.5223105719165757),
[2026-07-20 13:53:56,972] 495 flwr - INFO - 	              (3, 0.5142079512190009),
[2026-07-20 13:53:56,972] 495 flwr - INFO - 	              (4, 0.5387155566984148),
[2026-07-20 13:53:56,972] 495 flwr - INFO - 	              (5, 0.542827372475601)],
[2026-07-20 13:53:56,972] 495 flwr - INFO - 	 'round': [(1, 1), (2, 2), (3, 3), (4, 4), (5, 5)],
[2026-07-20 13:53:56,972] 495 flwr - INFO - 	 'target_class_accuracy': [(1, 0.0), (2, 0.0), (3, 0.0), (4, 0.0), (5, 0.0)],
[2026-07-20 13:53:56,972] 495 flwr - INFO - 	 'val_accuracy': [(1, 0.9213561155285314),
[2026-07-20 13:53:56,972] 495 flwr - INFO - 	                  (2, 0.941918348256047),
[2026-07-20 13:53:56,972] 495 flwr - INFO - 	                  (3, 0.9405746776025659),
[2026-07-20 13:53:56,972] 495 flwr - INFO - 	                  (4, 0.9408283776560203),
[2026-07-20 13:53:56,973] 495 flwr - INFO - 	                  (5, 0.9409547056661767)],
[2026-07-20 13:53:56,973] 495 flwr - INFO - 	 'weighted_f1': [(1, 0.8966027735989481),
[2026-07-20 13:53:56,973] 495 flwr - INFO - 	                 (2, 0.9227568822434795),
[2026-07-20 13:53:56,973] 495 flwr - INFO - 	                 (3, 0.9212361071134174),
[2026-07-20 13:53:56,973] 495 flwr - INFO - 	                 (4, 0.9214846012529693),
[2026-07-20 13:53:56,973] 495 flwr - INFO - 	                 (5, 0.9216016390285678)]}
[2026-07-20 13:53:56,973] 496 flwr - INFO - 
