[2026-07-20 13:21:45,389] 255 root - INFO - [Aggregator] AL-CMT initialized — cap_t=0.0714, temperature=2.0, ema_momentum=0.9
[2026-07-20 13:21:46,930] 268 flwr - WARNING - DEPRECATED FEATURE: flwr.simulation.start_simulation() is deprecated.
	Instead, use the `flwr run` CLI command to start a local simulation in your Flower app, as shown for example below:

		$ flwr new  # Create a new Flower app from a template

		$ flwr run  # Run the Flower app in Simulation Mode

	Using `start_simulation()` is deprecated.

            This is a deprecated feature. It will be removed
            entirely in future versions of Flower.
        
[2026-07-20 13:21:46,932] 241 flwr - INFO - Starting Flower simulation, config: num_rounds=5, no round_timeout
[2026-07-20 13:21:54,107] 264 flwr - INFO - Flower VCE: Ray initialized with resources: {'object_store_memory': 3110756352.0, 'GPU': 1.0, 'memory': 7258431488.0, 'node:__internal_head__': 1.0, 'accelerator_type:G': 1.0, 'node:127.0.0.1': 1.0, 'CPU': 6.0}
[2026-07-20 13:21:54,107] 270 flwr - INFO - Optimize your simulation with Flower VCE: https://flower.ai/docs/framework/how-to-run-simulations.html
[2026-07-20 13:21:54,107] 293 flwr - INFO - Flower VCE: Resources for each Virtual Client: {'num_cpus': 1, 'num_gpus': 0.0}
[2026-07-20 13:21:54,122] 339 flwr - INFO - Flower VCE: Creating VirtualClientEngineActorPool with 6 actors
[2026-07-20 13:21:54,122] 91 flwr - INFO - [INIT]
[2026-07-20 13:21:54,122] 272 flwr - INFO - Using initial global parameters provided by strategy
[2026-07-20 13:21:54,122] 93 flwr - INFO - Starting evaluation of initial global parameters
[2026-07-20 13:21:54,122] 105 flwr - INFO - Evaluation returned no results (`None`)
[2026-07-20 13:21:54,122] 111 flwr - INFO - 
[2026-07-20 13:21:54,122] 112 flwr - INFO - [ROUND 1]
[2026-07-20 13:21:54,123] 221 flwr - INFO - configure_fit: strategy sampled 20 clients (out of 20)
[2026-07-20 13:23:52,772] 235 flwr - INFO - aggregate_fit: received 20 results and 0 failures
[2026-07-20 13:23:52,792] 441 root - INFO - [Aggregator] Round 1: 3/20 clients flagged by MAD.
[2026-07-20 13:23:52,793] 487 root - INFO - [Aggregator] Round 1: trust weights min=0.0301, max=0.0714, zero_count=0
[2026-07-20 13:23:52,798] 175 flwr - INFO - configure_evaluate: strategy sampled 20 clients (out of 20)
[2026-07-20 13:23:57,225] 189 flwr - INFO - aggregate_evaluate: received 20 results and 0 failures
[2026-07-20 13:23:57,227] 111 flwr - INFO - 
[2026-07-20 13:23:57,227] 112 flwr - INFO - [ROUND 2]
[2026-07-20 13:23:57,227] 221 flwr - INFO - configure_fit: strategy sampled 20 clients (out of 20)
[2026-07-20 13:25:47,090] 235 flwr - INFO - aggregate_fit: received 20 results and 0 failures
[2026-07-20 13:25:47,112] 441 root - INFO - [Aggregator] Round 2: 1/20 clients flagged by MAD.
[2026-07-20 13:25:47,113] 487 root - INFO - [Aggregator] Round 2: trust weights min=0.0190, max=0.0714, zero_count=0
[2026-07-20 13:25:47,119] 175 flwr - INFO - configure_evaluate: strategy sampled 20 clients (out of 20)
[2026-07-20 13:25:51,498] 189 flwr - INFO - aggregate_evaluate: received 20 results and 0 failures
[2026-07-20 13:25:51,500] 111 flwr - INFO - 
[2026-07-20 13:25:51,500] 112 flwr - INFO - [ROUND 3]
[2026-07-20 13:25:51,500] 221 flwr - INFO - configure_fit: strategy sampled 20 clients (out of 20)
[2026-07-20 13:27:44,879] 235 flwr - INFO - aggregate_fit: received 20 results and 0 failures
[2026-07-20 13:27:44,899] 441 root - INFO - [Aggregator] Round 3: 1/20 clients flagged by MAD.
[2026-07-20 13:27:44,899] 487 root - INFO - [Aggregator] Round 3: trust weights min=0.0154, max=0.0714, zero_count=0
[2026-07-20 13:27:44,905] 175 flwr - INFO - configure_evaluate: strategy sampled 20 clients (out of 20)
[2026-07-20 13:27:49,239] 189 flwr - INFO - aggregate_evaluate: received 20 results and 0 failures
[2026-07-20 13:27:49,239] 111 flwr - INFO - 
[2026-07-20 13:27:49,239] 112 flwr - INFO - [ROUND 4]
[2026-07-20 13:27:49,239] 221 flwr - INFO - configure_fit: strategy sampled 20 clients (out of 20)
[2026-07-20 13:30:04,878] 235 flwr - INFO - aggregate_fit: received 20 results and 0 failures
[2026-07-20 13:30:04,897] 441 root - INFO - [Aggregator] Round 4: 1/20 clients flagged by MAD.
[2026-07-20 13:30:04,897] 487 root - INFO - [Aggregator] Round 4: trust weights min=0.0157, max=0.0714, zero_count=0
[2026-07-20 13:30:04,903] 175 flwr - INFO - configure_evaluate: strategy sampled 20 clients (out of 20)
[2026-07-20 13:30:10,274] 189 flwr - INFO - aggregate_evaluate: received 20 results and 0 failures
[2026-07-20 13:30:10,274] 111 flwr - INFO - 
[2026-07-20 13:30:10,274] 112 flwr - INFO - [ROUND 5]
[2026-07-20 13:30:10,274] 221 flwr - INFO - configure_fit: strategy sampled 20 clients (out of 20)
[2026-07-20 13:32:04,575] 235 flwr - INFO - aggregate_fit: received 20 results and 0 failures
[2026-07-20 13:32:04,593] 441 root - INFO - [Aggregator] Round 5: 1/20 clients flagged by MAD.
[2026-07-20 13:32:04,595] 487 root - INFO - [Aggregator] Round 5: trust weights min=0.0165, max=0.0714, zero_count=0
[2026-07-20 13:32:04,600] 175 flwr - INFO - configure_evaluate: strategy sampled 20 clients (out of 20)
[2026-07-20 13:32:09,634] 189 flwr - INFO - aggregate_evaluate: received 20 results and 0 failures
[2026-07-20 13:32:09,636] 491 flwr - INFO - 
[2026-07-20 13:32:09,636] 492 flwr - INFO - [SUMMARY]
[2026-07-20 13:32:09,636] 493 flwr - INFO - Run finished 5 round(s) in 615.51s
[2026-07-20 13:32:09,638] 495 flwr - INFO - 	History (loss, distributed):
[2026-07-20 13:32:09,638] 495 flwr - INFO - 		round 1: 0.2618359249320041
[2026-07-20 13:32:09,638] 495 flwr - INFO - 		round 2: 0.15419008844209411
[2026-07-20 13:32:09,638] 495 flwr - INFO - 		round 3: 0.12677688742862536
[2026-07-20 13:32:09,638] 495 flwr - INFO - 		round 4: 0.11488926036998084
[2026-07-20 13:32:09,638] 495 flwr - INFO - 		round 5: 0.08692122446551002
[2026-07-20 13:32:09,638] 495 flwr - INFO - 	History (metrics, distributed, fit):
[2026-07-20 13:32:09,638] 495 flwr - INFO - 	{'clients': [(1, 20), (2, 20), (3, 20), (4, 20), (5, 20)],
[2026-07-20 13:32:09,638] 495 flwr - INFO - 	 'flagged': [(1, 3), (2, 1), (3, 1), (4, 1), (5, 1)],
[2026-07-20 13:32:09,638] 495 flwr - INFO - 	 'max_trust': [(1, 0.07142857142857142),
[2026-07-20 13:32:09,638] 495 flwr - INFO - 	               (2, 0.07142857142857142),
[2026-07-20 13:32:09,638] 495 flwr - INFO - 	               (3, 0.07142857142857142),
[2026-07-20 13:32:09,638] 495 flwr - INFO - 	               (4, 0.07142857142857142),
[2026-07-20 13:32:09,638] 495 flwr - INFO - 	               (5, 0.07142857142857142)],
[2026-07-20 13:32:09,638] 495 flwr - INFO - 	 'min_trust': [(1, 0.03008101443891792),
[2026-07-20 13:32:09,638] 495 flwr - INFO - 	               (2, 0.0189906611303994),
[2026-07-20 13:32:09,638] 495 flwr - INFO - 	               (3, 0.015427369442315538),
[2026-07-20 13:32:09,638] 495 flwr - INFO - 	               (4, 0.015711604342820637),
[2026-07-20 13:32:09,638] 495 flwr - INFO - 	               (5, 0.016503597666307324)],
[2026-07-20 13:32:09,638] 495 flwr - INFO - 	 'round': [(1, 1), (2, 2), (3, 3), (4, 4), (5, 5)]}
[2026-07-20 13:32:09,638] 495 flwr - INFO - 	History (metrics, distributed, evaluate):
[2026-07-20 13:32:09,638] 495 flwr - INFO - 	{'macro_f1': [(1, 0.3709551198151144),
[2026-07-20 13:32:09,638] 495 flwr - INFO - 	              (2, 0.5074549587478732),
[2026-07-20 13:32:09,638] 495 flwr - INFO - 	              (3, 0.5269137098837731),
[2026-07-20 13:32:09,638] 495 flwr - INFO - 	              (4, 0.5687057553442227),
[2026-07-20 13:32:09,638] 495 flwr - INFO - 	              (5, 0.572090944725738)],
[2026-07-20 13:32:09,640] 495 flwr - INFO - 	 'round': [(1, 1), (2, 2), (3, 3), (4, 4), (5, 5)],
[2026-07-20 13:32:09,640] 495 flwr - INFO - 	 'target_class_accuracy': [(1, 0.0),
[2026-07-20 13:32:09,640] 495 flwr - INFO - 	                           (2, 0.0),
[2026-07-20 13:32:09,640] 495 flwr - INFO - 	                           (3, 0.0),
[2026-07-20 13:32:09,640] 495 flwr - INFO - 	                           (4, 0.24034184616922386),
[2026-07-20 13:32:09,640] 495 flwr - INFO - 	                           (5, 0.23884252086561047)],
[2026-07-20 13:32:09,640] 495 flwr - INFO - 	 'val_accuracy': [(1, 0.924647952024589),
[2026-07-20 13:32:09,640] 495 flwr - INFO - 	                  (2, 0.9401236552853134),
[2026-07-20 13:32:09,640] 495 flwr - INFO - 	                  (3, 0.9406435837899239),
[2026-07-20 13:32:09,640] 495 flwr - INFO - 	                  (4, 0.9509252221702525),
[2026-07-20 13:32:09,640] 495 flwr - INFO - 	                  (5, 0.9510077007884539)],
[2026-07-20 13:32:09,640] 495 flwr - INFO - 	 'weighted_f1': [(1, 0.8999883606678353),
[2026-07-20 13:32:09,640] 495 flwr - INFO - 	                 (2, 0.9207869610209831),
[2026-07-20 13:32:09,640] 495 flwr - INFO - 	                 (3, 0.921299874196753),
[2026-07-20 13:32:09,640] 495 flwr - INFO - 	                 (4, 0.9411726727981813),
[2026-07-20 13:32:09,640] 495 flwr - INFO - 	                 (5, 0.9412082443449943)]}
[2026-07-20 13:32:09,640] 496 flwr - INFO - 
