[2026-07-25 02:37:53,523] 127 root - INFO - [Pipeline] Phase 1 — no malicious clients (attacker_ratio=0.0).
[2026-07-25 02:37:53,531] 33 root - INFO - [Server] Loaded baseline checkpoint from C:\Users\rauna\Videos\FL IDS\artifacts\models\baseline_mlp.pth
[2026-07-25 02:37:53,534] 33 root - INFO - [Server] Loaded baseline checkpoint from C:\Users\rauna\Videos\FL IDS\artifacts\models\baseline_mlp.pth
[2026-07-25 02:37:53,535] 131 root - INFO - [Pipeline] Strategy: fedavg
[2026-07-25 02:37:53,536] 137 root - INFO - [Pipeline] Starting FL loop — 50 clients, 20 per round, 2 rounds.
[2026-07-25 02:37:53,536] 145 root - INFO - 
[Pipeline] ===== Round 1/2 =====
[2026-07-25 02:38:13,233] 172 root - INFO -   [Client 40] loss=0.2297 acc=0.9348
[2026-07-25 02:38:17,072] 172 root - INFO -   [Client 7] loss=0.9476 acc=0.7974
[2026-07-25 02:38:19,469] 172 root - INFO -   [Client 1] loss=1.8150 acc=0.5269
[2026-07-25 02:38:23,821] 172 root - INFO -   [Client 17] loss=0.8418 acc=0.7554
[2026-07-25 02:38:24,818] 172 root - INFO -   [Client 15] loss=1.5731 acc=0.6198
[2026-07-25 02:38:27,872] 172 root - INFO -   [Client 14] loss=1.1321 acc=0.7065
[2026-07-25 02:38:30,695] 172 root - INFO -   [Client 8] loss=1.3834 acc=0.6429
[2026-07-25 02:38:32,637] 172 root - INFO -   [Client 6] loss=2.0035 acc=0.4418
[2026-07-25 02:38:54,893] 172 root - INFO -   [Client 34] loss=0.4993 acc=0.8572
[2026-07-25 02:39:30,615] 172 root - INFO -   [Client 5] loss=0.5405 acc=0.8605
[2026-07-25 02:39:54,322] 172 root - INFO -   [Client 37] loss=0.9174 acc=0.7492
[2026-07-25 02:40:38,456] 172 root - INFO -   [Client 27] loss=0.2211 acc=0.9401
[2026-07-25 02:40:44,298] 172 root - INFO -   [Client 2] loss=0.8288 acc=0.7856
[2026-07-25 02:41:42,190] 172 root - INFO -   [Client 47] loss=0.0718 acc=0.9808
[2026-07-25 02:42:02,075] 172 root - INFO -   [Client 49] loss=0.9416 acc=0.7101
[2026-07-25 02:42:03,943] 172 root - INFO -   [Client 13] loss=1.4154 acc=0.6615
[2026-07-25 02:42:11,678] 172 root - INFO -   [Client 44] loss=0.6827 acc=0.8132
[2026-07-25 02:42:15,314] 172 root - INFO -   [Client 32] loss=1.1098 acc=0.7086
[2026-07-25 02:42:16,268] 172 root - INFO -   [Client 36] loss=2.0372 acc=0.6173
[2026-07-25 02:42:23,589] 172 root - INFO -   [Client 46] loss=0.5610 acc=0.8596
[2026-07-25 02:42:23,606] 190 root - INFO - [Pipeline] Round 1 aggregated — flagged=0, min_trust=0.0000, max_trust=0.0000
[2026-07-25 02:42:42,450] 81 root - INFO - [Server] Round 1 — loss=0.5351, macro_f1=0.1632, acc=0.8474, fpr=0.0577
[2026-07-25 02:42:42,526] 205 root - INFO - [Pipeline] Round 1 eval — macro_f1=0.1632, acc=0.8474, loss=0.5351
[2026-07-25 02:42:42,535] 145 root - INFO - 
[Pipeline] ===== Round 2/2 =====
[2026-07-25 02:42:44,112] 172 root - INFO -   [Client 12] loss=5.9235 acc=0.0661
[2026-07-25 02:42:48,571] 172 root - INFO -   [Client 45] loss=1.6278 acc=0.6549
[2026-07-25 02:44:20,755] 172 root - INFO -   [Client 41] loss=0.0469 acc=0.9888
[2026-07-25 02:44:29,439] 172 root - INFO -   [Client 44] loss=0.1246 acc=0.9614
[2026-07-25 02:44:38,385] 172 root - INFO -   [Client 34] loss=0.0608 acc=0.9842
[2026-07-25 02:44:40,634] 172 root - INFO -   [Client 26] loss=0.9230 acc=0.7955
[2026-07-25 02:44:43,329] 172 root - INFO -   [Client 14] loss=0.3232 acc=0.9139
[2026-07-25 02:44:45,456] 172 root - INFO -   [Client 28] loss=0.9630 acc=0.7867
[2026-07-25 02:44:50,622] 172 root - INFO -   [Client 37] loss=0.2827 acc=0.9133
[2026-07-25 02:44:54,773] 172 root - INFO -   [Client 17] loss=0.0744 acc=0.9772
[2026-07-25 02:45:00,213] 172 root - INFO -   [Client 0] loss=0.0653 acc=0.9800
[2026-07-25 02:45:12,201] 172 root - INFO -   [Client 10] loss=0.0477 acc=0.9870
[2026-07-25 02:45:29,592] 172 root - INFO -   [Client 27] loss=0.0222 acc=0.9923
[2026-07-25 02:45:30,752] 172 root - INFO -   [Client 21] loss=1.4480 acc=0.6078
[2026-07-25 02:45:47,152] 172 root - INFO -   [Client 40] loss=0.0206 acc=0.9936
[2026-07-25 02:45:58,078] 172 root - INFO -   [Client 9] loss=0.1200 acc=0.9702
[2026-07-25 02:45:59,996] 172 root - INFO -   [Client 13] loss=1.3362 acc=0.7078
[2026-07-25 02:46:01,162] 172 root - INFO -   [Client 36] loss=2.1908 acc=0.5530
[2026-07-25 02:46:02,694] 172 root - INFO -   [Client 6] loss=0.9290 acc=0.7290
[2026-07-25 02:46:07,948] 172 root - INFO -   [Client 2] loss=0.1048 acc=0.9699
[2026-07-25 02:46:07,967] 190 root - INFO - [Pipeline] Round 2 aggregated — flagged=0, min_trust=0.0000, max_trust=0.0000
[2026-07-25 02:46:14,779] 81 root - INFO - [Server] Round 2 — loss=0.1092, macro_f1=0.5081, acc=0.9754, fpr=0.0060
[2026-07-25 02:46:14,898] 205 root - INFO - [Pipeline] Round 2 eval — macro_f1=0.5081, acc=0.9754, loss=0.1092
[2026-07-25 02:46:14,926] 223 root - INFO - [Pipeline] Final global model saved to C:\Users\rauna\Videos\FL IDS\artifacts\models\fl_global_model_smoke_fedavg.pth
[2026-07-25 02:46:14,932] 127 root - INFO - [Pipeline] Phase 1 — no malicious clients (attacker_ratio=0.0).
[2026-07-25 02:46:14,941] 33 root - INFO - [Server] Loaded baseline checkpoint from C:\Users\rauna\Videos\FL IDS\artifacts\models\baseline_mlp.pth
[2026-07-25 02:46:14,942] 131 root - INFO - [Pipeline] Strategy: triage
[2026-07-25 02:46:14,943] 137 root - INFO - [Pipeline] Starting FL loop — 50 clients, 20 per round, 2 rounds.
[2026-07-25 02:46:14,943] 145 root - INFO - 
[Pipeline] ===== Round 1/2 =====
[2026-07-25 02:46:33,520] 172 root - INFO -   [Client 40] loss=0.2137 acc=0.9400
[2026-07-25 02:46:36,827] 172 root - INFO -   [Client 7] loss=0.9486 acc=0.7975
[2026-07-25 02:46:38,956] 172 root - INFO -   [Client 1] loss=1.8104 acc=0.5274
[2026-07-25 02:46:43,408] 172 root - INFO -   [Client 17] loss=0.8308 acc=0.7592
[2026-07-25 02:46:44,239] 172 root - INFO -   [Client 15] loss=1.5713 acc=0.6199
[2026-07-25 02:46:47,030] 172 root - INFO -   [Client 14] loss=1.1351 acc=0.7020
[2026-07-25 02:46:49,238] 172 root - INFO -   [Client 8] loss=1.3971 acc=0.6369
[2026-07-25 02:46:50,958] 172 root - INFO -   [Client 6] loss=2.0032 acc=0.4407
[2026-07-25 02:46:59,722] 172 root - INFO -   [Client 34] loss=0.4983 acc=0.8599
[2026-07-25 02:47:33,788] 172 root - INFO -   [Client 5] loss=0.5434 acc=0.8593
[2026-07-25 02:47:59,178] 172 root - INFO -   [Client 37] loss=0.9191 acc=0.7483
[2026-07-25 02:49:10,322] 172 root - INFO -   [Client 27] loss=0.2162 acc=0.9426
[2026-07-25 02:49:15,690] 172 root - INFO -   [Client 2] loss=0.8302 acc=0.7857
[2026-07-25 02:50:11,098] 172 root - INFO -   [Client 47] loss=0.0716 acc=0.9809
[2026-07-25 02:51:07,779] 172 root - INFO -   [Client 49] loss=0.9414 acc=0.7047
[2026-07-25 02:51:16,119] 172 root - INFO -   [Client 13] loss=1.4490 acc=0.6564
[2026-07-25 02:51:23,563] 172 root - INFO -   [Client 44] loss=0.6867 acc=0.8112
[2026-07-25 02:51:26,846] 172 root - INFO -   [Client 32] loss=1.1032 acc=0.7105
[2026-07-25 02:51:27,783] 172 root - INFO -   [Client 36] loss=2.0502 acc=0.6146
[2026-07-25 02:51:34,453] 172 root - INFO -   [Client 46] loss=0.5639 acc=0.8593
[2026-07-25 02:51:34,483] 101 root - INFO - [Triage] Round 1: 1/20 flagged after triage.
[2026-07-25 02:51:34,490] 190 root - INFO - [Pipeline] Round 1 aggregated — flagged=1, min_trust=0.0024, max_trust=0.0697
[2026-07-25 02:51:42,701] 81 root - INFO - [Server] Round 1 — loss=1.5367, macro_f1=0.0950, acc=0.8334, fpr=0.0542
[2026-07-25 02:51:42,778] 205 root - INFO - [Pipeline] Round 1 eval — macro_f1=0.0950, acc=0.8334, loss=1.5367
[2026-07-25 02:51:42,781] 145 root - INFO - 
[Pipeline] ===== Round 2/2 =====
[2026-07-25 02:51:43,594] 172 root - INFO -   [Client 12] loss=2.2115 acc=0.4370
[2026-07-25 02:51:44,627] 172 root - INFO -   [Client 45] loss=1.2886 acc=0.5903
[2026-07-25 02:52:04,468] 172 root - INFO -   [Client 41] loss=0.0798 acc=0.9816
[2026-07-25 02:52:11,397] 172 root - INFO -   [Client 44] loss=0.1939 acc=0.9446
[2026-07-25 02:52:20,063] 172 root - INFO -   [Client 34] loss=0.1246 acc=0.9671
[2026-07-25 02:52:22,158] 172 root - INFO -   [Client 26] loss=0.5224 acc=0.8369
[2026-07-25 02:52:24,863] 172 root - INFO -   [Client 14] loss=0.3225 acc=0.9049
[2026-07-25 02:52:26,778] 172 root - INFO -   [Client 28] loss=0.6906 acc=0.7939
[2026-07-25 02:52:31,967] 172 root - INFO -   [Client 37] loss=0.3470 acc=0.8971
[2026-07-25 02:52:36,127] 172 root - INFO -   [Client 17] loss=0.1508 acc=0.9571
[2026-07-25 02:52:41,341] 172 root - INFO -   [Client 0] loss=0.1583 acc=0.9559
[2026-07-25 02:52:52,786] 172 root - INFO -   [Client 10] loss=0.1020 acc=0.9746
[2026-07-25 02:53:07,926] 172 root - INFO -   [Client 27] loss=0.0551 acc=0.9868
[2026-07-25 02:53:09,160] 172 root - INFO -   [Client 21] loss=0.9148 acc=0.6866
[2026-07-25 02:53:56,980] 172 root - INFO -   [Client 40] loss=0.0516 acc=0.9882
[2026-07-25 02:54:34,301] 172 root - INFO -   [Client 9] loss=0.1597 acc=0.9638
[2026-07-25 02:54:40,070] 172 root - INFO -   [Client 13] loss=0.6750 acc=0.7805
[2026-07-25 02:54:43,144] 172 root - INFO -   [Client 36] loss=0.9168 acc=0.7053
[2026-07-25 02:54:48,842] 172 root - INFO -   [Client 6] loss=0.7273 acc=0.7518
[2026-07-25 02:54:55,867] 172 root - INFO -   [Client 2] loss=0.1858 acc=0.9500
[2026-07-25 02:54:55,897] 101 root - INFO - [Triage] Round 2: 0/20 flagged after triage.
[2026-07-25 02:54:55,905] 190 root - INFO - [Pipeline] Round 2 aggregated — flagged=0, min_trust=0.0293, max_trust=0.0668
[2026-07-25 02:55:04,219] 81 root - INFO - [Server] Round 2 — loss=0.8381, macro_f1=0.2947, acc=0.8764, fpr=0.0462
[2026-07-25 02:55:04,270] 205 root - INFO - [Pipeline] Round 2 eval — macro_f1=0.2947, acc=0.8764, loss=0.8381
[2026-07-25 02:55:04,288] 223 root - INFO - [Pipeline] Final global model saved to C:\Users\rauna\Videos\FL IDS\artifacts\models\fl_global_model_smoke_triage.pth
